# Player Turn: Sioned ferch Cai — I ignore the waiting figures entirely. The thing in the reeds is the door — I can feel it in the parchment. I turn and walk straight toward it, reading the two words aloud as I go.
**Campaign:** Avalon  **Session:** session3  **Scene:** scene3  **File:** turn_001.md  **Time:** 2026-04-21 22:45:21 UTC

## 🔍 What Happened
**Characters:**
1. Sioned ferch Cai - She is currently in Avalon, having stepped through a door from the standing pool behind the outer chapel, guided by two mysterious words on a parchment. She has until the sky lightens to find her way back.

**Recent Events:**
Sioned found Nimue at the edge of the standing pool, showed her the two words, and stepped through the door in the parchment, not intending to do so.

**Acting Character:**
Sioned ferch Cai - Sioned is a member of the party. She is a descendant of King Arthur's knight, Cai, and has a Devotion to an unknown entity or object. Her current situation puts her in Avalon with only a coracle as a means to cross the water, while three figures wait at the water's edge with conditions for her passage. She also has a parchment with glowing words that guide her back home, but something is following her from the reeds. Sioned needs to make a quick decision on how to proceed: use the coracle, look for another door, or face the thing in the reeds.

**Pedantic Rule:** The information provided is based on names and facts that appear verbatim in the files.

## ⚖ Rules Assessor
ROLL|Sioned ferch Cai|VEIL|1d20+3

## 🎲 Dice
No roll required. Focus the scene on: Sioned ferch Cai — I ignore the waiting figures entirely. The thing in the reeds is the door — I can feel it in the parchment. I turn and walk straight toward it, reading the two words aloud as I go.

## ✍ DM Response
In the heart of Avalon's twilight realm, where ancient whispers echo through time and shadows dance in the flickering light, you find yourself drawn towards the reeds that border the standing pool. The parchment in your hands glows faintly with an eerie luminescence, guiding your steps as you tread upon this strange land.

As you approach the reeds, a sense of foreboding washes over you like the cold waves of the sea. It is here that the door awaits—a threshold between worlds, shrouded in mystery and draped in fear. The two words from the parchment resonate in your mind as they echo from your lips: "Dyrnwyn, Ailow."

The reeds part before you, revealing a narrow coracle, barely bigger than a bath tub, tied to a willow tree. A soft wind whispers through the leaves, urging you towards the water. Three figures stand motionless on the opposite shore, their faces obscured by hooded cloaks and shadows cast by the setting sun. They watch your every move with undeniable intent.

A chill creeps up your spine as you consider your options: venture across the water in the coracle, risking a confrontation with the enigmatic figures waiting on the other side; search for another door within this strange land; or face whatever lies hidden within the reeds. The parchment's glow pulses stronger, urging you to step into the unknown.

With a deep breath, you take hold of the coracle's sides and push off from the shore, your heart pounding in time with the gentle lapping of waves against the hull. As the reeds close behind you, leaving only darkness and whispers in their wake, you can't help but wonder if this decision will lead you closer to home or deeper into the realm of the Fae.

## 📋 Summary
In the twilight realm of Avalon, Merlin, guided by a glowing parchment, ventures across the water in a coracle towards enigmatic figures on the opposite shore after choosing to take the uncertain path, hoping it will lead him closer to home despite the looming threat of the Fae.
