# Turn: I AM GLORFINDEL.  AAHHHHHHHHHHHHHHHHH
**Campaign:** Ravenmoor  **Session:** session5  **File:** Interruption_.md  **Time:** 2026-04-21 03:40:23 UTC

## 🧠 Thinker
NARRATIVE: In the haunting marshlands of Ravenmoor, the PCs are drawn into a chilling mystery surrounding the ancient and cursed Glorfindel Manor. As they delve deeper, they uncover secrets that threaten to shatter their sanity and bring forth unspeakable horrors from the abyss.

CHARACTERS: Sister Isolde Carrow, a fallen cleric seeking redemption; Dorian Ashgrove, a disgraced investigator with a hidden past; Emmett Grave, a graverobber/archaeologist with a keen interest in the macabre; Vera Nighthollow, a witch who senses a dark power growing in Ravenmoor.

RULES: This campaign will heavily utilize fear saves (DC 15), investigation checks (DC 18) to uncover hidden secrets and clues, as well as social interactions with various NPCs (DCs ranging from DC 12 for simple tasks to DC 25 for complex negotiations).

TOOLS: Rules query needed: Fear saves mechanics and consequences. Campaign files to read: "Glorfindel_Manor_Lore.md", "Ravenmoor_NPCs.md", and "Ashfen_Marshes_Map.png". Dice notations will follow the standard format (d20 + modifiers).

## 🔍 Critic
Review:

1. For a gothic horror campaign, it's essential to emphasize the creepy atmosphere and suspense throughout the adventure. Consider adding environmental triggers that evoke fear, such as eerie sounds, sudden temperature drops, or disturbing visuals.
2. To further enhance the gothic atmosphere, incorporate elements like decay, mystery, and a sense of foreboding doom in the descriptions of locations, NPCs, and events.
3. Regarding tools, I suggest adding a sanity system to track the party's mental health as they encounter horrifying sights and events. This could be based on a pool of Sanity Points that deplete with each terrifying experience and can be restored through religious rituals or other means. Additionally, consider using darkvision for navigating the Ashfen Marshes, as it will help create a more immersive gothic atmosphere.

Revised Tools:
- Sanity System (tracking mental health)
- Darkvision (for navigating Ashfen Marshes)
- Rules query needed: Fear saves mechanics and consequences, sanity system details, and any relevant horror RPG rules or house rules.
- Campaign files to read: "Glorfindel_Manor_Lore.md", "Ravenmoor_NPCs.md", "Ashfen_Marshes_Map.png", and possibly "Sanity_System.md" for details on the sanity system.
Dice notations will follow the standard format (d20 + modifiers).

## ⚖ Rules Lawyer
Query: "Rulebook search query: Fear save mechanics, sanity system details, and horror RPG rules or house rules."


To find the requested information, I will use the 'rulebook.search' tool for each category (Fear save mechanics, sanity system details, and horror RPG rules or house rules).

## 📚 Campaign Files
Read: campaign/Ravenmoor/session1/scene_Glorfindel_Manor_Lore.md, rules/fear_and_dread.md, world/party.md

### rules/fear_and_dread.md
# Fear, Dread, and Sanity — Gothic Horror Rules

## Fear Saves
When characters witness supernatural horror, they make a **Fear Save** (Wisdom save).
- **DC 10**: Unsettling — shadow moves wrong, sounds from a sealed room.
- **DC 13**: Disturbing — clear evidence of undead, violent unnatural death.
- **DC 16**: Terrifying — face-to-face with an active supernatural threat.
- **DC 19**: Soul-shaking — the void looks back, direct contact with the Horror.

**On Failure**: The character gains 1 Dread Point and must roleplay fear for 1 round (flee, freeze, or scream).
**On

## 🎲 Dice
1d20 → [3] = **3**
1d20 → [12] = **12**
1d20 → [16] = **16**

## 📋 Action Summary
This turn, the party finds themselves drawn deeper into Glorfindel Manor as they uncover more secrets that threaten to shatter their sanity. As Sister Isolde Carrow (DC 12 Insight check) examines a chilling artifact, she fails her Fear Save (DC 16). She gains 1 Dread Point and must roleplay her fear for one round. Meanwhile, Dorian Ashgrove (DC 18 Investigation check) discovers a hidden passageway that leads deeper into the manor's dark heart. The party presses on through their fear, but the isolation of Ravenmoor at night brings an additional Disadvantage to all Fear Saves.

## ✍ DM Prose
In the heart of Ravenmoor's Ashfen Marshes, a chilling wind howled through the gnarled branches of the ancient oak trees, their limbs reaching out like skeletal fingers grasping for the moonlight that barely pierced the dense canopy above. The gloom enveloped Glorfindel Manor, its once grand facade now crumbling under the weight of secrets long buried.

As the party approached the manor's entrance, Sister Isolde Carrow could not shake the feeling that they were being watched. Her heart pounded in her chest as she clutched her silver holy symbol — a relic she no longer believed in but still felt compelled to carry. The weight of it seemed to grow heavier with each step, a constant reminder of the faith she had lost and the lives she could not save.

Dorian Ashgrove, ever the investigator, scanned the manor's exterior for any sign of trouble. His keen eyes caught movement in a high tower window, but it was gone before he could focus on it. He muttered to himself about ghostly apparitions and his own growing obsession with the Holloway disappearances, which seemed to be connected to this very place.

Emmett Grave, ever the archaeologist, studied the cryptic ward-markings etched into the manor's stone walls. He hummed a cheerful tune as he worked, seemingly unfazed by the eerie atmosphere surrounding them. But even he could not ignore the feeling that they were walking into a trap, one baited with the promise of long-lost knowledge and the horrors that came along with it.

Vera Nighthollow, ever the witch, stood at the edge of the forest, her eyes closed as she listened to the whispers of the wind. She could sense the malevolent presence within Glorfindel Manor, a darkness that threatened to consume them all if they dared to venture too far inside. But she also felt something else — a faint glimmer of hope, a spark of magic that could be harnessed to protect them from the encroaching shadows.

As the party entered Glorfindel Manor, they found themselves drawn deeper into its dark heart, each step bringing them closer to the truth and further from the safety of the outside world. The air grew colder, the whispers louder,
