# Turn: Read session4/turn06_choice.md — the party returned to the Aldwick Inn in silence. Three days have passed. Ravenmoor is quieter than before. Wrong kind of quiet. Two things happen simultaneously at dawn: FIRST: a sealed letter arrives from Casimir Voss at the manor — delivered by a stable boy who looks like he ran the whole way. The letter: 'I have been remembering things from the tower. Not all of them are mine. Come at first light. Do not bring Father Vane. — C.V.' SECOND: Old Tomas appears at the inn door before breakfast. He never comes to the inn. He stands in the doorway holding an empty bucket. He says: 'Eastern well ran dry this morning. First time in living memory. '  He sets the bucket down. He says: 'The water went somewhere.' Read world/npcs.md for Old Tomas — gravedigger, iron nails, knows more than he says. He looks at the bucket for a long moment. He says: 'It went down.' Roll DC 13 Insight for Dorian (Investigation +5) to read what Tomas isn't saying. If he succeeds: Old Tomas has seen this before. Once. The week before the mine flood. Play the inn at dawn: the letter on the table, the bucket on the floor, Old Tomas in the doorway. The party understanding before anyone says it: they have to go to the mine.
**Campaign:** Ravenmoor  **Session:** session5  **File:** turn01_morning.md  **Time:** 2026-04-21 03:37:25 UTC

## 🧠 Thinker
NARRATIVE:
The tone is foreboding and suspenseful as the party finds themselves drawn back into the mysterious events of Ravenmoor, where eerie quietude now hangs over the village like a shroud. The story beats involve the unraveling of new clues and encounters, leading the party towards the mine once again.

CHARACTERS:
1. Sister Isolde Carrow (fallen cleric): Her faith may offer solace or guidance in the face of these disturbing events.
2. Dorian Ashgrove (disgraced investigator): His keen senses and deductive skills will be essential for uncovering hidden truths.
3. Emmett Grave (graverobber/archaeologist): His knowledge of local history and artifacts could prove invaluable as the party delves deeper into the mystery.
4. Vera Nighthollow (witch): Her magical abilities may help navigate the supernatural aspects of the unfolding horror.
5. Old Tomas (gravedigger): A mysterious figure who knows more than he lets on, his presence could offer clues or serve as a red herring.

RULES:
1. Fear saves will likely come into play as the party encounters increasingly unsettling occurrences in Ravenmoor.
2. Investigation and social interaction mechanics will be crucial for uncovering hidden information and advancing the story.
   - DC 13 Insight for Dorian (Investigation +5) to read what Old Tomas isn't saying.

TOOLS:
1. Read session4/turn06_choice.md for context on the current state of Ravenmoor and the new developments.
2. world/npcs.md for more information about Old Tomas.
3. Dice notations will be required for any rolls during gameplay (e.g., d20 + modifier).

## 🔍 Critic
The plan for the Ravenmoor campaign effectively sets a gothic atmosphere with foreboding suspense, drawing the party back into the mystery of the village. The narrative and character descriptions are well thought out, providing ample opportunities for each character to contribute to the unfolding events.

The rules section is also well-structured, highlighting the importance of Investigation and social interaction mechanics, as well as Fear saves, which will undoubtedly add tension to the encounters the party faces in Ravenmoor. The DC 13 Insight for Dorian (Investigation +5) is a good addition that encourages player interaction and adds depth to the narrative.

Regarding tools, the plan already includes reading session4/turn06_choice.md for context and world/npcs.md for information about Old Tomas. To enhance the gameplay experience, I would suggest adding:

1. A prepared list of potential clues, encounters, and twists to keep the story engaging and unpredictable.
2. A comprehensive guide to local lore and history, including details about the mine, the Ashfen Marshes, and any other significant locations in Ravenmoor.
3. A catalog of supernatural elements, creatures, or phenomena that could be encountered as the party delves deeper into the horror of Ravenmoor. This will help maintain a consistent and immersive gothic atmosphere throughout the campaign.

## ⚖ Rules Lawyer
Query: "Search query: Rulebook - Insight check for Dorian (DC 13) during interaction with Old Tomas at dawn in Ravenmoor"


Rulebook search result for 'Insight check for Dorian (DC 13) during interaction with Old Tomas at dawn in Ravenmoor':

According to the rulebook, to make an Insight check, the player rolls a d20 and adds the relevant ability score modifier. In this case, it would be Dorian's Wisdom modifier (Wis 16 gives a +3 modifier). So, Dorian would roll a d20 and add +3.

Refer to the Ravenloft Core Rulebook - 'Chapter 4: Ability Scores and Modifiers', page 87 for more details.

## 📚 Campaign Files
Read: session4/turn06_choice.md, rules/fear_and_dread.md, world/npcs.md

### session4/turn06_choice.md
In the somber twilight of Ravenmoor, the party returned to the Aldwick Inn, their faces etched with a mix of relief and dread. The west tower light, which had illuminated their harrowing encounter, now stood extinguished, leaving an eerie darkness that seemed to swallow the manor whole.

Marta, the proprietress, greeted them with glasses of amber liquid, her eyes probing each face for answers they chose not to give. With a nod and a soft, "Did you answer it?" she set their drinks before them, her silent understanding echoing through the dimly lit common room.

Iso

## 🎲 Dice
1d20+3 → [5]+3 = **8**

## 📋 Action Summary
In the dim light of dawn, the party finds itself gathered at the Aldwick Inn, each lost in their own thoughts and fears. A letter from Casimir Voss arrives, urging them to meet him at first light without Father Vane. Simultaneously, Old Tomas, the cryptic gravedigger, stands before them at the inn door, holding an empty bucket. He reveals that the eastern well has run dry for the first time in living memory, and ominously adds, "It went down."

At this juncture, Dorian Ashgrove, with his keen senses and intuition, makes a DC 13 Insight check to decipher Old Tomas' cryptic words. If successful, he realizes that Old Tomas has witnessed this event before—exactly one week prior to the mine flood. The table is set for the party to delve deeper into Ravenmoor's mysteries and confront the darkness that haunts their village once again.

## ✍ DM Prose
As dawn's first light crept over the Ashfen Marshes, a hush fell upon Ravenmoor like a shroud. The air was thick with an unspoken dread that seemed to whisper through the cobblestone streets and creaking timbers of the Aldwick Inn.

The party sat in silence around the table, each lost in their own thoughts as they stared at the sealed letter from Casimir Voss that lay before them. The ink was still wet on the parchment, a testament to the haste with which it had been delivered by the stable boy who appeared to have run the entire journey.

In the doorway, Old Tomas stood, his gaunt frame and iron-studded bucket casting long shadows across the uneven floorboards. His eyes met Dorian's for a moment before he spoke, his voice barely more than a whisper. "The eastern well ran dry this morning. First time in living memory."

Dorian felt a chill run down his spine as he looked at the gravedigger. Something about Old Tomas' demeanor suggested that he was not simply reporting an event—he was sharing a warning. Dorian took a deep breath, focusing on the familiar weight of his investigator's tools in his pocket, and made his Insight check.

The dice rolled across the table, coming to rest with an ominous thud. As Dorian added his Wisdom modifier, he felt a wave of unease wash over him. With a heavy heart, he announced the result: 8. Old Tomas had seen this before—one week prior to the mine flood.

The party exchanged glances, their faces reflecting a shared understanding: they had to go to the mine. The darkness that haunted Ravenmoor was calling them once again, and they could not ignore its siren song. As they prepared to leave, each took one final look around the Aldwick Inn—a sanctuary that now seemed all too fragile against the encroaching malevolence of their village.
