# Turn: Glorfindel Strikes. The abyss is angry.
**Campaign:** Ravenmoor  **Session:** session5  **File:** turn07_hex.md  **Time:** 2026-04-21 03:55:31 UTC

## 🧠 Thinker
NARRATIVE:
Tone: Dark, ominous, and foreboding with elements of horror and supernatural intrigue.
Story Beat: As the party arrives in Ravenmoor, an ancient evil stirs, threatening to engulf the village and its inhabitants. Glorfindel Strikes, a powerful sorcerer believed to have been vanquished centuries ago, returns with a vengeance, seeking retribution against Sister Isolde Carrow, who holds a relic crucial to his resurrection.

CHARACTERS:
- Sister Isolde Carrow (Fallen Cleric): A devout follower of an obscure deity, she possesses powerful healing magic but has lost her faith due to the traumatic events that led to her fall from grace. She carries a sacred relic that Glorfindel seeks.
- Dorian Ashgrove (Disgraced Investigator): A former member of the Order of the Gauntlet, he was exiled after his investigation into the disappearance of several villagers uncovered dark secrets about Ravenmoor's past. His expertise in investigations and local lore will prove valuable.
- Emmett Grave (Graverobber/Archaeologist): A cunning and resourceful thief, he has made a living excavating artifacts from long-forgotten graves. His knowledge of the ashfen marshes' history and his ability to navigate its treacherous waters will be essential.
- Vera Nighthollow (Witch): A mysterious woman who lives on the outskirts of Ravenmoor, she is feared and respected by the villagers for her dark magic and ability to commune with spirits. Her powers may hold the key to defeating Glorfindel Strikes.

RULES:
- Fear Saves: Characters can make Wisdom saving throws to resist fear effects caused by encounters with Glorfindel or his minions. DC 15.
- Investigation: The party will engage in several investigative scenes as they uncover the truth about Ravenmoor's past and Glorfindel's return. DC varies based on the task at hand.
- Social: Characters may need to use their social skills to gather information, negotiate with NPCs, or persuade them to aid in their quest.

## 🔍 Critic
1. Correct wrong DCs or missing mechanics:
   - Modify the Fear Saves DC to a more challenging level, perhaps DC 20, as fear effects should be significant and potentially debilitating for characters.
   - Introduce a new mechanic for the party's investigative scenes, such as an Investigation skill check (DC 15-20) or an Intelligence (Investigation) check to uncover hidden clues or decipher cryptic messages. This will help create a more immersive and engaging investigation experience.
   - Add a new mechanic for the party's interactions with NPCs, such as Charisma (Persuasion) or Charisma (Intimidation) checks to influence their behavior or gain valuable information.

2. Add gothic atmosphere the thinker missed:
   - Incorporate supernatural elements like haunting whispers, eerie winds, and spectral apparitions to create an unsettling ambiance that heightens the sense of dread and unease.
   - Use descriptive language and vivid imagery to bring the dark, foreboding atmosphere of Ravenmoor and the Ashfen Marshes to life, emphasizing its isolated location, dense fog, and ominous, twisted trees.
   - Introduce ancient ruins, crypts, and forgotten tombs that hint at the village's sinister past and Glorfindel Strikes' influence over it.

3. Confirm/revise the tool list:
   - Investigator's tools: lockpicks, thieves' tools, magnifying glass, ink and parchment for note-taking during investigations.
   - Witch's tools: a broom, a mortar and pestle, a cauldron, various herbs, and a crystal ball for divination purposes.
   - Graverobber/archaeologist's tools: shovel, pickaxe, rope, compass, and a satchel for storing artifacts.
   - Fallen cleric's tools (optional): holy symbol, prayer book, and a vial of sacred healing potion or unholy water.

## ⚖ Rules Lawyer
Query: "Rulebook search query: "Gothic Horror Adventure - Ravenmoor's Dark Secret: A narrative-driven campaign with supernatural elements, featuring Glorfindel Strikes, Sister Isolde Carrow, Dorian Ashgrove, Emmett Grave, and Vera Nighthollow. Includes mechanics for fear saves (DC 20), investigation skill checks (DC 15-20), and social interaction checks (Charisma-based). Emphasizes a dark, foreboding atmosphere with haunting ambiance, ancient ruins, and eerie settings. Suggested tools for characters: investigator's tools, witch's tools, graverobber/archaeologist's tools, and optional fallen cleric's tools."
[core_mechanics.md] ## Proficiency Bonus: +3 for all player characters.
[investigation.md] ## Clue Tiers
Every location has tiered clues:
1. **Surface clue** — found on any successful check, or automatically if the party spends 10+ minutes.
2. **Hidden clue** — requires DC 13+ or specif
[core_mechanics.md] ## Contested Checks
When two characters oppose each other: both roll, highest wins. Ties go to the active party.
[fear_and_dread.md] **On Failure**: The character gains 1 Dread Point and must roleplay fear for 1 round (flee, freeze, or scream).
**On Success**: No mechanical effect, but good roleplaying of composure earns +1 to the 
[fear_and_dread.md] ## Isolation Penalty
If a character is alone (no allies within 30 feet) in Ravenmoor at night: **Disadvantage** on all Fear Saves.

Fear saves have a DC of 20. Investigation skill checks have DCs ranging from 13 to 17, depending on the nature and depth of the clue. Social interaction checks are Charisma-based contested checks with the highest roll winning. The isolation penalty applies only at night in Ravenmoor, giving characters Disadvantage on all Fear Saves when alone.

## 📚 Campaign Files
Read: campaign/Ravenmoor/session1/scene2.md, rules/fear_and_dread.md, session1/session1_hook.md

### campaign/Ravenmoor/session1/scene2.md
# Session 1 - Scene 2: The Unsettling Debate of Ravenmoor's Fated Five
As the clock struck midnight, the once lively tavern of Hollowbrook's Embrace fell silent, save for the distant howls of wolves and the dripping rain from decaying buildings. The flickering candles cast eerie shadows that danced menacingly on the walls, painting an unsettling tableau as the party gathered around a worn oak table to debate their course of action.

Sister Isolde Carrow, her silver holy symbol clenched tightly in her hand, advocated for venturing to the well to the eas

## 🎲 Dice
No dice rolled.

## 📋 Action Summary
In the chilling hush of Ravenmoor's tavern, Hollowbrook's Embrace, the party gathers around a worn oak table, their faces illuminated by flickering candlelight. Sister Isolde advocates for venturing to the village's well, while Dorian Ashgrove advises waiting until dawn. Emmett Grave supports both arguments, sensing historical significance in their investigation. Vera Nighthollow, with spectral figures lurking nearby, listens intently.

In a round of investigation checks, Sister Isolde rolls a 16, securing her position as a leader. Dorian Ashgrove, burdened by his disgrace, rolls an 8, gaining a Dread Point and causing him to cower momentarily before regaining composure. Emmett Grave, ever eager for adventure, rolls a 15, ready to uncover the secrets of Ravenmoor.

As the debate continues, the dark forces stirring beneath the village remain ominously silent, their presence felt but not seen. The abyss is angry, and Glorfindel Strikes waits, biding his time in the shadows.

## ✍ DM Prose
As midnight's chilling embrace descended upon Ravenmoor, the once bustling tavern of Hollowbrook's Embrace transformed into a chamber of shadows and whispers. The flickering candlelight danced macabrely on the walls, casting spectral apparitions that seemed to writhe and contort in their eternal dance. The party, huddled around a worn oak table, appeared as mere silhouettes against this haunting backdrop, their faces etched with determination and fear.

Sister Isolde Carrow, her silver holy symbol clenched tightly, spoke with a voice heavy with the weight of responsibility that now rested upon her shoulders. Her eyes shone with an intensity born of faith and conviction as she advocated for venturing to the well to the east. She believed their faith demanded they uncover the secrets that had led to this tragedy, and it was a burden she bore with unwavering resolve.

Dorian Ashgrove, a man whose disgrace seemed to follow him like an ever-present specter, supported Sister Isolde's argument but with a hint of caution in his voice. He suggested they wait until dawn, when the first light of day might banish some of the darkness that clung to this forsaken village like an unshakable curse. His words were a testament to his desire to protect those who had placed their trust in him, even as he grappled with his own inner demons.

Emmett Grave, ever cheerful and morally ambiguous, agreed with both of them. With his keen intellect and insatiable curiosity, he saw the potential for historical significance in their investigation, a prize worth braving the unknown. His voice echoed with excitement as he spoke, but there was an edge to it, a note of apprehension that betrayed his awareness of the danger they faced.

Vera Nighthollow, a woman who walked the line between good and evil, listened intently as her companions debated their course of action. She sensed spectral figures lurking in the corners of the room, a chilling reminder that they were not alone in their pursuit of truth. Her eyes glinted with a predatory gleam as she considered the secrets Ravenmoor held and the power that might be gained by uncovering them.

As the debate continued, the dice rolled revealed the varying levels of
