# Turn: Read session4/turn05_entity_speaks.md — the entity asked: 'What is the name of the thing that existed before you knew you existed?' They are standing in the answer. The thing in the water moves. Not violent — purposeful. The way a door opens. The way a held breath releases. It rises. It is not monstrous in shape — it is monstrous in the way a drought is monstrous, or a flood. It has no malice. It has no mercy. It simply IS, and it has been contained, and now it is not. Roll Initiative for the party. This is not a combat — it cannot be fought. Roll DC 17 Wisdom Save for everyone in the chamber. Anyone who fails: they understand completely, for one terrible moment, what this thing is. They lose 1d6 Sanity points (treat as Dread per rules/fear_and_dread.md). The only way out is up. Forty feet of shaft, ninety feet of mine, Father Vane who cannot run. As they move: the water in the chamber rises. The thing doesn't chase — it expands. The way water finds its level. It is going to fill the mine, and then the well, and then the water table of Ravenmoor itself. Roll Athletics DC 14 for everyone to get Father Vane up the shaft (he is old, he is broken). They make it out — or most of them do, on the dice. They stand at the mine entrance in grey daylight. Behind them: the sound of water. Rising. In the direction of Ravenmoor, a mile away: the eastern well begins to overflow. It runs uphill. Water doesn't run uphill. End the session here. They are standing outside the mine in the daylight and Ravenmoor is a mile away and the water is moving toward it and they have maybe two hours. Dorian says: 'What do we do.' It is not a question. Vera says: 'We answer it.'
**Campaign:** Ravenmoor  **Session:** session5  **File:** turn06_unleashed.md  **Time:** 2026-04-21 03:41:20 UTC

## 🧠 Thinker
NARRATIVE: The party finds themselves standing in the presence of an ancient, otherworldly entity that has been contained within the mines of Ravenmoor. Upon its release, the village faces imminent flooding as the entity begins to expand and take over the water sources. The party must find a way to understand and possibly control this entity before it destroys Ravenmoor.

CHARACTERS: Sister Isolde Carrow (fallen cleric), Dorian Ashgrove (disgraced investigator), Emmett Grave (graverobber/archaeologist), Vera Nighthollow (witch) are the party members involved in this encounter. They have encountered the entity and must now decide how to proceed.

RULES: This scenario requires fear saves, investigation, and social mechanics with DC 17 Wisdom Save to avoid losing Sanity points, Dread rules for tracking fear and its effects, and Athletics checks (DC 14) to get Father Vane up the shaft.

TOOLS:
- Query needed: "fear_and_dread.md" - for the rules on handling fear and its effects in the game.
- Campaign files to read: session4/turn05_entity_speaks.md - for the narrative details of this encounter.
- Dice notations: d6, d14, d20.

## 🔍 Critic
The plan for the gothic horror campaign "Ravenmoor" is engaging and effectively captures the eerie and atmospheric elements of a gothic horror setting. Here are some revisions and additions to further enhance the gothic atmosphere and mechanics:

1. Correct wrong DCs or missing mechanics: The DC for the Wisdom Save should be adjusted to better reflect the intensity and impact of encountering the entity. I suggest increasing it to a DC 20 Wisdom Save, as this encounter could have profound psychological consequences for the characters. Also, consider adding a DC 15 Intelligence (Investigation) check for the party members to attempt to understand more about the entity or its origins.

2. Add gothic atmosphere the thinker missed: To further emphasize the gothic horror aspect, you can incorporate elements like the creeping feeling of dread, the oppressive sense of isolation, and the haunting beauty of the Ravenmoor village. For example, describe the ancient stone structures covered in moss, the eerie silence broken only by the distant sounds of water, or the chilling wind that carries whispers from the past.

3. Confirm/revise the tool list: The tools you have provided are sufficient for this encounter. However, I recommend including the "emotion_and_motivation.md" file to help with developing the emotional responses of the characters and the entity. This will add depth to their interactions and make the encounter more immersive. Additionally, consider adding a "lore_of_ravenmoor.md" file for any relevant background information about the village and its history.

Overall, this plan is well-structured, and with the suggested revisions and additions, it will create an unforgettable gothic horror experience for your players.

## ⚖ Rules Lawyer
Query: "Rulebook search query: fear_and_dread.md, emotion_and_motivation.md, lore_of_ravenmoor.md"


Searching for rules in the provided files...

## 📚 Campaign Files
Read: world/fear_and_dread.md, rules/core_mechanics.md, session4/turn05_entity_speaks.md

### rules/core_mechanics.md
# Core Mechanics — Ravenmoor Gothic Horror System

## Skill Checks
All checks use 1d20 + relevant modifier vs. a Difficulty Class (DC).
- **Easy**: DC 8
- **Moderate**: DC 12
- **Hard**: DC 16
- **Extreme**: DC 20

**Advantage**: Roll 2d20, take higher.
**Disadvantage**: Roll 2d20, take lower.
**Critical Success**: Natural 20 — exceptional outcome, extra narrative detail.
**Critical Failure**: Natural 1 — something goes wrong, not always catastrophically.

## Contested Checks
When two characters oppose each other: both roll, highest wins. Ties go to the active party

## 🎲 Dice
No dice rolled.

## 📋 Action Summary
In this turn, the party finds themselves standing in the presence of an ancient and otherworldly entity that has been contained within the mines of Ravenmoor. Upon its release, the village faces imminent flooding as the entity begins to expand and take over the water sources. The party must find a way to understand and possibly control this entity before it destroys Ravenmoor.

As they stand in the East Tower, each member of the party feels the compulsion to answer the entity's question: 'What is the name of the thing that existed before you knew you existed?' A DC 17 Wisdom Save is required for each character to avoid losing Sanity points (treat as Dread per rules). If anyone fails, they will understand completely, for one terrible moment, what this thing is.

The only way out is up. Forty feet of shaft, ninety feet of mine, Father Vane who cannot run. As they move: the water in the chamber rises. The thing doesn't chase — it expands. The way water finds its level. It is going to fill the mine, and then the well, and then the water table of Ravenmoor itself. Roll Athletics DC 14 for everyone to get Father Vane up the shaft (he is old, he is broken). They make it out — or most of them do, on the dice.

They stand at the mine entrance in grey daylight. Behind them: the sound of water. Rising. In the direction of Ravenmoor, a mile away: the eastern well begins to overflow. It runs uphill. Water doesn't run uphill. End the session here. They are standing outside the mine in the daylight and Ravenmoor is a mile away and the water is moving toward it and they have maybe two hours. Dorian says: 'What do we do.' It is not a question. Vera says: 'We answer it.'

With time running out, the party must now decide whether to answer the entity's question or attempt Father Vane's sealing rite to banish the entity once and for all. The fate of Ravenmoor hangs in the balance.

## ✍ DM Prose
As the party stands at the mine entrance, bathed in the grey daylight, a sense of dread envelops them like a shroud. The sound of water, once distant and ominous, now grows louder, a relentless symphony of doom that echoes through the Ashfen Marshes. The village of Ravenmoor looms ahead, a mere mile away but already under the darkening grip of the rising waters.

Sister Isolde Carrow's heart pounds in her chest as she looks at her companions. The fallen cleric, once a beacon of hope and faith, now faces an enemy that challenges everything she has ever known. Her eyes meet Dorian Ashgrove's, the disgraced investigator whose own secrets and failures have led him to this moment. Emmett Grave, graverobber and archaeologist, stands stoic, his knowledge of the ancient world offering little solace in the face of this unknown terror. Vera Nighthollow, witch, gazes into the distance, her arcana wisdom providing a glimmer of hope amidst the impending disaster.

The air is heavy with tension as they stand at the precipice, the line between life and death blurred by the encroaching waters. Dorian breaks the silence, his voice barely audible above the cacophony of the rising tide. "What do we do?" he asks, not a question but a plea for guidance in this moment of despair.

Vera's eyes narrow as she looks at her companions, her mind racing with possibilities. She knows that to answer the entity's question might bring understanding, but also danger and potential madness. Yet, she also knows that silence may lead to the destruction of Ravenmoor and all its inhabitants. With a determined nod, she responds, "We answer it."

The party steps forward, each taking a deep breath as they prepare to face the unknown. The fate of Ravenmoor hangs in the balance, and they are its only hope. As they move towards the entity that stirs within the darkness, they cannot help but feel a chill run down their spines, a reminder that the line between sanity and madness is thin, and the world of Ravenmoor is quickly slipping into the abyss.
