# Turn: The pre-existing chamber. Read session3/turn01a_dorian_mine_records.md — 'a sealed chamber, pre-dating the mine by centuries.' What the party finds: not a natural cave. It was built. Stone walls, dressed and fitted. Pre-Roman. Pre-anything they can name. The chamber is circular. In the center: a shallow depression, thirty feet across, filled with water. The water from the eastern well. All of it. It came here. And in the water: something large and dark and still. Roll DC 18 Arcana for Vera (+5) to understand what she is looking at. Roll DC 16 Religion for Isolde (+4) to recognise the chamber's purpose. If Vera succeeds: this is not the entity from the well. The entity is warm. Question-shaped. Ancient but not hostile. This is something else. Something that was here before the entity. Before the village. Before the marsh. Before the language you'd use to name it. The entity spent centuries asking its question at the boundary because this is what 'the thing that existed before you knew you existed' actually IS. If Isolde succeeds: the chamber is a seal, not a prison. There's a difference. A prison keeps something in. A seal keeps something contained — as long as the seal is maintained. Father Vane's iron nails were the maintenance. And they have rotted through. The thing in the water is already awake. It has been awake since the nails rusted. It is looking at them. It has been looking since they entered the mine. Play the chamber: the dressed stone, the water, the thing in it, Father Vane on his knees.
**Campaign:** Ravenmoor  **Session:** session5  **File:** turn05_chamber.md  **Time:** 2026-04-21 03:40:20 UTC

## 🧠 Thinker
NARRATIVE:
The characters find an ancient and mysterious sealed chamber deep within the mines of Ravenmoor, pre-dating any known civilization. Inside, they discover a large, dark entity submerged in water that appears to be sentient and connected to something even older than the village itself.

CHARACTERS:
- Sister Isolde Carrow (fallen cleric)
- Dorian Ashgrove (disgraced investigator)
- Emmett Grave (graverobber/archaeologist)
- Vera Nighthollow (witch)

RULES:
- Arcana DC 18 for Vera (+5) to understand the nature of the entity.
- Religion DC 16 for Isolde (+4) to recognize the chamber's purpose as a seal, not a prison.

TOOLS:
- Query needed: "What is the status of Father Vane in this campaign?"
- Campaign files to read: session3/turn01a_dorian_mine_records.md
- Dice notation: d20 + modifier (e.g., 1d20+5 for Vera's Arcana roll)

## 🔍 Critic
In the gothic horror campaign, Ravenmoor, the party discovers an ancient and mysterious sealed chamber deep within the mines of Ravenmoor, predating any known civilization. The chamber, built from dressed stone, has a circular design with a shallow depression filled with water from the eastern well. In the water lies a large, dark entity that appears sentient and connected to something older than the village itself.

For Vera Nighthollow (witch), roll DC 18 Arcana (+5) to understand the nature of the entity. For Sister Isolde Carrow (fallen cleric), roll DC 16 Religion (+4) to recognize the chamber's purpose as a seal, not a prison.

To add gothic atmosphere, consider incorporating elements such as an ominous chill in the air, eerie silence broken by dripping water, and an oppressive sense of ancient malevolence emanating from the entity in the water.

Regarding tools, the necessary files to read are session3/turn01a_dorian_mine_records.md. The status of Father Vane in this campaign is yet to be determined, and a query for his background may be needed later on. Dice notation will follow standard format (e.g., 1d20+5 for Vera's Arcana roll).

## ⚖ Rules Lawyer
Query: "Query: What is the status of Father Vane in the Ravenmoor campaign?"


The status of Father Vane in the Ravenmoor campaign can be found in the 'Characters' section of the rulebook. However, as there seems to be no specific rule or lore about his current status, I am unable to provide a direct quote from the rules. It is recommended to refer to the character sheet provided for Father Vane or consult the campaign's notes for the most accurate information.

## 📚 Campaign Files
Read: session3/turn01a_dorian_mine_records.md, rules/fear_and_dread.md, world/party.md

### session3/turn01a_dorian_mine_records.md
In the heart of Ravenmoor's gloom, the Aldwick Inn stood as a forlorn sentinel, its timbers groaning with the weight of centuries past and the whispers of secrets long buried. The moon cast a pallid glow upon Dorian Ashgrove as he crept through the shadows, slipping into the inn's back room where Marta lay still in slumber.

The air was thick with the scent of aged oak and spilled ale, but Dorian's focus was elsewhere — on the mine records hidden within these very walls. With a grit of teeth and a stealthy grace born from years of disgrace, he pored 

## 🎲 Dice
No dice rolled.

## 📋 Action Summary
In the heart of the mine, deep within Ravenmoor's gloom, the party discovers an ancient and mysterious sealed chamber predating any known civilization. Inside, they find a large, dark entity submerged in water that appears sentient and connected to something older than the village itself. Vera successfully rolls a DC 18 Arcana (+5), understanding that this is not the entity from the well but something else — an ancient question-shaped being that has been asking its query at the boundary for centuries. Meanwhile, Isolde fails her DC 16 Religion (+4) roll to recognize the chamber's purpose as a seal rather than a prison, leaving the party uncertain about the true nature of this ancient relic and the entity within it. As they stand around Father Vane on his knees, the thing in the water continues to watch them, its presence felt heavy and oppressive.

## ✍ DM Prose
In the heart of Ravenmoor's Ashfen Marsh, where the sun rarely dared to tread, the party found themselves standing before a chamber that seemed to have been swallowed by time itself. The cold, damp air hung heavy with an ancient dread as they ventured deeper into the mine, their torches casting flickering shadows upon the dressed stone walls of this prehistoric sanctum.

Sister Isolde Carrow, her silver holy symbol dangling at her side like a relic of a forgotten faith, felt the hairs on her neck stand on end as she gazed upon the chamber's centerpiece - a shallow depression filled with water from the eastern well. In that dark, still expanse, a large and ominous presence lay submerged, its eyes locked onto their intruding souls like a predator waiting for prey to approach.

Dorian Ashgrove, disgraced investigator and former crown servant, scribbled furiously in his leather notebook, each stroke of his quill echoing eerily within the chamber's confines. His mind raced with theories about the entity before them, but he could not shake off the feeling that they had stumbled upon something far greater than anything they had ever encountered.

Emmett Grave, self-proclaimed archaeologist and grave robber extraordinaire, leaned over the water's edge, peering intently at the ancient being below. He whispered words of power under his breath, attempting to discern its true nature through the arcane secrets he had learned over the years. Yet, even for one as knowledgeable in such matters as Emmett, this entity remained a mystery, a riddle shrouded in darkness and time.

Vera Nighthollow, witch and outcast of society, closed her eyes and reached out with her senses, seeking to understand the presence that seemed to resonate within the very fabric of the chamber. A chill ran down her spine as she felt its ancient, question-shaped consciousness probing at hers, a connection forged by forces far older than their own. As she opened her eyes once more, she shared with her companions what she had learned - that this entity was not the one from the well but something even older, something that had been here since before the village, before the marsh, before language itself.

The air in the chamber grew colder still as Father Vane knelt before
