# Turn: Read session3/turn01a_dorian_mine_records.md — the mine records Dorian found: a sealed pre-existing chamber, sound like breathing, foreman didn't report it. Three weeks later the flood. Forty-three dead. The mine entrance is a thirty-minute walk northeast of Ravenmoor. Read world/setting.md for the landscape. Father Vane insists on coming despite being told not to. Casimir's letter said don't bring him. The mine entrance: a stone arch, the shaft going down at forty-five degrees, the doors sealed with iron nails — the same nails Old Tomas carries, the same Father Vane used on Casimir. The nails are rusted through. Not age — something ate through them from the inside. The doors are ajar. Two inches. Just enough that something cold comes out. Roll DC 15 Perception for the party (best: Vera, Perception +3). If they succeed: the smell from inside is not mine-smell — damp rock and coal dust. It is the smell of the eastern well. The same water. The same depth. Connected. Father Vane looks at the rusted nails on the ground and says nothing. He picks one up. He holds it. It crumbles in his hand. Play the moment before they go in: the open doors, the rusted iron, the cold air that smells like the well that ran dry this morning.
**Campaign:** Ravenmoor  **Session:** session5  **File:** turn03_mine_entrance.md  **Time:** 2026-04-21 03:38:50 UTC

## 🧠 Thinker
NARRATIVE:
The party arrives at the mine entrance, a foreboding stone arch leading to a chilling forty-five degree shaft, as they delve deeper into the mystery of Ravenmoor's tragic past. The sealed chamber discovered in the mine records by Dorian Ashgrove has reopened, revealing an ominous cold air and a smell reminiscent of the cursed eastern well.

CHARACTERS:
- Sister Isolde Carrow (a fallen cleric with a troubled past)
- Dorian Ashgrove (a disgraced investigator seeking redemption)
- Emmett Grave (an archaeologist and graverobber with a morbid curiosity)
- Vera Nighthollow (a witch with a mysterious connection to the supernatural events unfolding in Ravenmoor)
- Father Vane (a priest with a questionable past, who insists on joining the party despite being warned not to by Casimir)

RULES:
The following mechanics will apply during this session:
1. Fear Saves: DC 15 for the initial encounter with the cold air and open doors of the mine. Best roll: Vera (Perception +3).
2. Investigation: As the party investigates the mine, they will be required to make Investigation checks to uncover clues about what happened within the sealed chamber. DC 15 for initial investigation check.

TOOLS:
- Rules query needed: Fear Save mechanics and Investigation rules as detailed in the rulebook.
- Campaign files to read: session3/turn01a_dorian_mine_records.md, world/setting.md
- Dice notations: d20 for Fear Saves and Investigation checks.

## 🔍 Critic
In this gothic horror campaign, the Ravenmoor setting is effectively established with a chilling atmosphere, foreboding mine entrance, and mysterious occurrences that draw the party deeper into the unfolding tragedy of the village.

The revised rules for this session include:
1. Fear Saves: DC 15 for the initial encounter with the cold air and open doors of the mine (best roll: Vera with a +3 Perception bonus).
2. Investigation: As the party investigates the mine, they will be required to make Investigation checks to uncover clues about what happened within the sealed chamber. DC 15 for initial investigation check.

To enhance the gothic atmosphere, consider incorporating additional elements such as eerie sounds (e.g., distant echoes, dripping water), unusual visual details (e.g., flickering shadows, strange marks on walls), and haunting scents (e.g., decay, rot, or the stench of death).

The tools required for this session include:
- Rules query needed: Fear Save mechanics and Investigation rules as detailed in the rulebook.
- Campaign files to read: session3/turn01a_dorian_mine_records.md, world/setting.md
- Dice notations: d20 for Fear Saves and Investigation checks.

## ⚖ Rules Lawyer
Query: "Rule query: Fear Save mechanics and Investigation rules required for Ravenmoor campaign session 3."


The following rules are needed for the Ravenmoor gothic horror TTRPG campaign session 3, as per your request:

Fear Save Mechanics (from Rulebook, page 29):
'At the start of each scene, the Keeper rolls a Fear Die and adds it to the current Fear level. If the total exceeds the player character's maximum Fear Score, they suffer a Fear Hit and must make a Fear Save. A Fear Save consists of rolling equal to or under the player character’s Resolve on 3d10.'

Investigation Rules (from Rulebook, page 52-53):
'When investigating, players can spend Action Points to make Investigative Rolls. Each Investigative Roll consists of rolling 3d6 and adding the player character’s relevant skills modifier.

'Each successful Investigative Roll grants a piece of information or progresses an ongoing investigation.'

## 📚 Campaign Files
Read: session3/turn01a_dorian_mine_records.md, world/setting.md, campaign/Ravenmoor/session1/scene2.md

### session3/turn01a_dorian_mine_records.md
In the heart of Ravenmoor's gloom, the Aldwick Inn stood as a forlorn sentinel, its timbers groaning with the weight of centuries past and the whispers of secrets long buried. The moon cast a pallid glow upon Dorian Ashgrove as he crept through the shadows, slipping into the inn's back room where Marta lay still in slumber.

The air was thick with the scent of aged oak and spilled ale, but Dorian's focus was elsewhere — on the mine records hidden within these very walls. With a grit of teeth and a stealthy grace born from years of disgrace, he pored 

## 🎲 Dice
1d20 → [13] = **13**
3d6 → [1, 1, 6] = **8**

## 📋 Action Summary
The party arrives at the mine entrance, a chilling stone arch leading to a forty-five degree shaft. As they delve deeper into Ravenmoor's tragic past, they are met with an ominous cold air and smell reminiscent of the cursed eastern well. With Vera succeeding in her DC 15 Perception check, the party senses that something sinister lies within. Father Vane, despite being warned not to, insists on joining them. As he picks up a rusted iron nail from the ground, it crumbles in his hand, hinting at the horrors that await them as they prepare to enter the mine.

## ✍ DM Prose
In the dead of night, under the oppressive blanket of a moonless sky, the party found themselves standing before the forbidding entrance to the Ashfen Marsh mines. The stone arch loomed like a gaping maw, its dark passage leading downwards at a forty-five degree angle. The air was heavy with an icy chill that seemed to seep from the very earth itself, and a scent hung in the air - a malevolent echo of the cursed eastern well.

Sister Isolde Carrow, her resolve unwavering despite the dread that clawed at her heart, took the lead. Dorian Ashgrove, his disgrace weighing heavily upon him, followed closely behind, his eyes scanning the entrance for any sign of danger. Emmett Grave, ever the explorer, eagerly trailed after Dorian, his mind already filled with visions of long-lost treasures and forgotten history. Vera Nighthollow, her senses attuned to the unseen, brought up the rear, her eyes searching the shadows for any hint of otherworldly presence.

As they approached the entrance, Father Vane stepped forward, defying Casimir's stern warning not to follow. He picked up one of the rusted iron nails that littered the ground, his fingers trembling as it crumbled in his hand. The sound echoed ominously in the silence, a stark reminder of the horrors that lay within.

The air around them seemed to grow colder still, a palpable chill that seemed to seep into their very bones. Vera's keen senses twitched, her gut telling her that something was watching them from the darkness, waiting for the right moment to strike. The party exchanged nervous glances as they prepared to step through the doors, the faint sound of dripping water echoing from deep within.

The entrance yawned open before them, two inches ajar, just enough for a cold breeze to creep out and brush against their faces. It was then that Isolde spoke, her voice steady but filled with determination. "We must go in," she said, her eyes never leaving the darkness beyond. "Our duty lies there."

With heavy hearts and trembling hands, the party stepped into the mine, plunging themselves deeper into the heart of Ravenmoor's tragic past and the unknown horrors that
