# Turn: Read rules/fear_and_dread.md — underground isolation, no natural light, enclosed spaces. Apply dread rules for the descent. All isolation penalties double underground. The mine shaft: forty-three years of abandonment. Timber supports holding. Barely. Evidence as they descend: — At thirty feet: a miner's boot. Just one. No sign of the foot that was in it. — At sixty feet: the walls are wet. The water table has risen. Same seep-wet from the manor east tower foundation in session4/turn01_approach.md. — At ninety feet: they find the foreman's work station. Read session3/turn01a_dorian_mine_records.md — Dorian photographed the records. The foreman's desk is still here. His coffee cup. His logbook open to the last entry: 'Day 847. Sound from below the new shaft. Not machinery. Not settling. Like something large adjusting its position. Decided not to report upward. Will check tomorrow.' Tomorrow never came. Roll DC 14 Fear Save for everyone (Wisdom) at ninety feet. Emmett with advantage if the sealing rite held; Father Vane automatically fails — he's been here before. He sealed these doors. He thought it was over. The shaft continues down. The pre-existing chamber is forty feet deeper. They can hear it from here. Not breathing. Not movement. The sound of something that has been waiting.
**Campaign:** Ravenmoor  **Session:** session5  **File:** turn04_descent.md  **Time:** 2026-04-21 03:39:35 UTC

## 🧠 Thinker
NARRATIVE:
The adventurers delve into the abandoned Ravenmoor mine, a claustrophobic labyrinth shrouded in darkness and dripping with moisture. As they descend deeper, they uncover chilling evidence of a long-forgotten tragedy that still lingers within the mine's cold, stone walls.

CHARACTERS:
Sister Isolde Carrow (fallen cleric), Dorian Ashgrove (disgraced investigator), Emmett Grave (graverobber/archaeologist), Vera Nighthollow (witch) are the party members involved. Each character's past and current circumstances add depth to the narrative, creating opportunities for character development and personal connections to the unfolding horror.

RULES:
The dread rules from fear_and_dread.md apply, amplifying the sense of isolation and terror as the party descends deeper into the mine. Fear saves (DC 14 Wisdom) will be needed to resist the mounting dread. The investigation and social mechanics may also come into play as the party uncovers clues and interacts with NPCs or supernatural entities.

TOOLS:
Rules query needed: fear save DC for the descent into the mine.
Campaign files to read: session3/turn01a_dorian_mine_records.md, session4/turn01_approach.md.
Dice notations: d20 + relevant ability modifier (Wisdom in this case) for fear saves.

## 🔍 Critic
Revised Plan:

NARRATIVE:
The adventurers delve into the abandoned Ravenmoor mine, a chilling labyrinth steeped in darkness and dripping with an oppressive dampness that clings to their skin. As they descend deeper, they uncover relics of a long-forgotten tragedy that still resonates within the mine's cold, stone walls, echoing through the silence like whispers from the past.

CHARACTERS:
Sister Isolde Carrow (fallen cleric), Dorian Ashgrove (disgraced investigator), Emmett Grave (graverobber/archaeologist), Vera Nighthollow (witch) are the party members involved. Each character's past and current circumstances add depth to the narrative, creating opportunities for character development and personal connections to the unfolding horror.

RULES:
The dread rules from fear_and_dread.md apply, amplifying the sense of isolation and terror as the party descends deeper into the mine. Fear saves (DC 14 Wisdom) will be needed to resist the mounting dread. The investigation and social mechanics may also come into play as the party uncovers clues and interacts with NPCs or supernatural entities.

TOOLS:
Rules query needed: fear save DC for the descent into the mine (Answer: Fear Save DC = 14 [Wisdom]).
Campaign files to read: session3/turn01a_dorian_mine_records.md, session4/turn01_approach.md.
Dice notations: d20 + Wisdom modifier for fear saves. Also, consider utilizing a darkness mechanic (e.g., disadvantage on perception checks in the dark) to heighten the gothic atmosphere.

## ⚖ Rules Lawyer
Query: "Rules query needed: Fear Save DC for the descent into the mine is 14 (Wisdom)."


The Fear Save DC for the descent into the mine is determined by Wisdom, as per the rulebook search response: {"action":"rulebook.search", "query":"What is the Fear Save DC for the descent into the mine?", "justification":"Determine the Fear Save DC needed for the mine descent in Ravenloft gothic horror TTRPG campaign"}

## 📚 Campaign Files
Read: rules/fear_and_dread.md, session3/turn01a_dorian_mine_records.md, session4/turn01_approach.md

### rules/fear_and_dread.md
# Fear, Dread, and Sanity — Gothic Horror Rules

## Fear Saves
When characters witness supernatural horror, they make a **Fear Save** (Wisdom save).
- **DC 10**: Unsettling — shadow moves wrong, sounds from a sealed room.
- **DC 13**: Disturbing — clear evidence of undead, violent unnatural death.
- **DC 16**: Terrifying — face-to-face with an active supernatural threat.
- **DC 19**: Soul-shaking — the void looks back, direct contact with the Horror.

**On Failure**: The character gains 1 Dread Point and must roleplay fear for 1 round (flee, freeze, or scream).
**On

## 🎲 Dice
No dice rolled.

## 📋 Action Summary
As the adventurers descend deeper into the abandoned Ravenmoor mine, they encounter unsettling relics of a long-forgotten tragedy. At thirty feet, they find a miner's boot with no sign of its former owner. At sixty feet, the walls seep water, reminiscent of the manor east tower foundation. Upon reaching ninety feet, they discover the foreman's work station, complete with his coffee cup and logbook detailing a strange sound from below the new shaft before his untimely demise.

The party must now face their fears as they encounter the DC 14 Fear Save for everyone except Father Vane, who automatically fails due to his past involvement in sealing these doors. Emmett may have advantage on his save if the sealing rite held successfully. As they proceed further into the mine, they can hear a sound that resonates like something large waiting, deep within the pre-existing chamber forty feet deeper than their current location.

## ✍ DM Prose
The descent into the mine shaft was a harrowing plunge into darkness, the air growing colder and damper with each passing foot. The party, armed with torches, cast flickering shadows on the damp walls that seemed to writhe like serpents as they descended deeper into the earth.

At thirty feet, the sight of a solitary miner's boot, devoid of its former occupant, sent a shiver down Isolde's spine. She could almost hear the echoes of the man's last breath, the silence that followed his abrupt disappearance. Dorian, his eyes fixed on the boot, felt a cold hand grip his heart, as if the ghost of the miner were reaching out from beyond the grave to claim him.

Sixty feet below ground, the walls began to weep water, the seeping moisture seeping into their bones and filling them with an icy dread. The same dampness that had seeped into the manor east tower foundation, a chilling reminder of the unnatural forces at work in this cursed village.

At ninety feet, they stumbled upon the foreman's work station, its contents untouched since his fateful entry into the sealed chamber. Dorian, armed with his camera, carefully photographed the records, his heart racing as he deciphered the chilling words of the foreman's last entry: 'Day 847. Sound from below the new shaft. Not machinery. Not settling. Like something large adjusting its position. Decided not to report upward. Will check tomorrow.' Tomorrow never came.

The party stood silently, their torches casting eerie light upon the foreman's coffee cup and logbook open to the last entry. Emmett, feeling the weight of the sealing rite upon him, steeled himself for the roll of the dice. As they listened, they could hear a sound from below, not breathing, not movement, but something that had been waiting, deep within the pre-existing chamber forty feet deeper than their current location.

The silence was deafening, the air thick with dread. The party held their breath, their eyes fixed on each other as they braced themselves for what lay ahead. Each heartbeat echoed in their ears like a death knell, a reminder of the danger that lurked below, waiting to claim them all.
