# Player Turn: Sioned ferch Cai — I walk straight to the three figures at the water. I open the ledger to the impossible entry and lay it flat before them like a deed of settlement. I say: I know what this debt is. I came here to close the account. Name your price and I will pay it — but I am leaving before dawn.
**Campaign:** Avalon  **Session:** session3  **Scene:** scene3  **File:** turn_001.md  **Time:** 2026-04-21 22:48:43 UTC

## 🔍 What Happened
Characters:
1. Sioned ferch Cai (current situation: at a grey shore in Avalon, holding a glowing parchment with two words, facing three figures waiting at the water's edge)

Recent Events:
1. Sioned found Nimue by the standing pool and showed her the mysterious words written on the parchment, which seemed to appear through Sioned rather than being written by her. After a long silence, Nimue suggested that something wrote them through Sioned. Sioned stepped through the space between the letters, unintentionally.
2. In Avalon, Sioned found herself in a landscape unfamiliar from songs, with no apple-blossom light or silver towers. She discovered a coracle and three figures waiting at the water's edge, who were not threatening but waiting. Behind her, something was already following in the reeds.

Acting Character: Sioned ferch Cai
Sioned ferch Cai is the daughter of Caius ap Llywarch. She possesses a parchment with two mysterious words that seem to have appeared through her, and her Devotion is unknown at this point in the story. Sioned now stands at a grey shore in Avalon, with three figures waiting by the water, and has until dawn to find her way back before something follows in the reeds gets closer. She must decide how to proceed – pay the three figures, trick them, or find another way.

## ⚖ Rules Assessor
ROLL|Sioned ferch Cai|OFFERING|1d20+Devotion|DC|what success/failure determines
In accordance with her unknown Devotion, Sioned offers herself (blood) and a ledger (name) as a symbolic representation of the debt. Success indicates that the Fae find her offering sufficient to begin negotiations. A low roll means they find it... interesting in a different way.

## 🎲 Dice
No roll required. Focus the scene on: Sioned ferch Cai — I walk straight to the three figures at the water. I open the ledger to the impossible entry and lay it flat before them like a deed of settlement. I say: I know what this debt is. I came here to close the account. Name your price and I will pay it — but I am leaving before dawn.

## ✍ DM Response
As you approach the water's edge, the trio of figures — ethereal and enigmatic— regard you with a mixture of curiosity and anticipation. Their eyes, like twin moons against the backdrop of the twilight sky, seem to pierce through the veil of mortal understanding, yet they remain inscrutable.

You lay the glowing parchment before them, its contents illuminating the grey shore for a moment, casting elongated shadows that dance upon their forms. The three figures study the document, their expressions unchanging but a sense of awareness emanates from them, as if they were ancient stones that had witnessed countless eons pass by.

One figure, taller and more imposing than the others, steps forward. Their voice, deep and resonant, echoes across the water, "The price for closing this account is not one of coin or commodity." The other two figures maintain their silence, watching with unwavering interest.

"You must prove your worth," the tall figure continues, "by completing a task that only those of your kind can accomplish. You have until dawn to succeed, or you will remain here indefinitely."

Your heart races as you take in the gravity of their demand. The world around you shifts, the once grey shore now bathed in an eerie silver light. A sense of dread and wonder fills the air, a reminder that you are not in your homeland anymore, but in a realm where the legends walk amongst mortals.

The tall figure hands you an ornate wooden box, within which lies a single stone with a rune etched upon it. "This is the mark of Avalon. You must find and return it to its rightful place before dawn." With that, they retreat back to the water's edge, disappearing as if consumed by the tide.

You stand alone on the shore, the box in your hands, the rune stone glowing faintly in the moonlight. The air is thick with tension, the waters whispering secrets only the Fae can understand. You must find the stone's resting place and return before dawn, or be trapped forever in this strange land.

## 📋 Summary
In the twilight, the enigmatic trio of figures—the ethereal beings known as the Fae—demanded that you, a mortal traveler, prove your worth by finding and returning an ancient stone marked with the symbol of Avalon before dawn, or face eternal confinement in their realm. The tallest figure handed you a wooden box containing the glowing rune stone, marking the start of your quest.
