# Player Turn: Sioned ferch Cai — I walk straight to the three figures at the water. I open the ledger to the impossible entry and lay it flat before them like a deed of settlement. I say: I know what this debt is. I came here to close the account. Name your price and I will pay it — but I am leaving before dawn.
**Campaign:** Avalon  **Session:** session3  **Scene:** scene3  **File:** turn_001.md  **Time:** 2026-04-21 22:59:59 UTC

## 🔍 What Happened
**Characters:**
1. Sioned ferch Cai - Currently, she is at the shoreline in Avalon, holding a parchment with two mysterious words that led her there. She has until dawn to find her way back.

**Recent Events:**
Sioned found Nimue near a standing pool and showed her the parchment. Nimue confirmed that Sioned did not write the two words; they were written through her. Sioned stepped through the space between the letters, ending up in Avalon.

**Acting Character: Sioned ferch Cai**
Sioned is a descendant of Kay or Cai ap Cynyr and holds the Devotion of THE TABLE. She excels in Presence (+3) and Offering (+3), showing her skills in managing things, keeping ledgers, and ensuring that everyone owes her something. Sioned wants to close all accounts, but she fears finding out what's in the ledger she inherited. In the current situation, she has a parchment with mysterious words, the coracle as her only way across, and three figures waiting at the water's edge with conditions for crossing. She must choose fast, as something is following her in the reeds.

## ⚖ Rules Assessor
It seems like you've shared a detailed set of rules for a tabletop role-playing game based on the Arthurian legends. This system appears to incorporate elements from traditional RPGs, such as character stats (Devotion ratings) and checks (RITUAL, BLADE, PRESENCE, etc.), as well as unique aspects related to the Arthurian world, like Devotions and the rules for interacting with the Fair Folk.

The characters in this game seem to have inherited a Devotion from one of the original knights of King Arthur's court. These Devotions provide bonuses when acting in accordance with their demands but also come with obligations and potential consequences if acted against or broken.

The Fair Folk, also known as the Sídhe and the Fairies, play a significant role in this game, offering bargains, blessings, and posing threats to the characters. There are specific rules for opening contact with them and breaking a bargain, which seems to have long-lasting effects.

Overall, it appears that this RPG system offers an immersive and engaging experience for players who enjoy Arthurian legends and want to explore themes of honor, power, and the supernatural. It's important to note that while I can analyze and explain the rules you've provided, I don't have the ability to play the game myself or provide guidance on how best to utilize these mechanics during a gaming session.

## 🎲 Dice
No roll required. Focus the scene on: Sioned ferch Cai — I walk straight to the three figures at the water. I open the ledger to the impossible entry and lay it flat before them like a deed of settlement. I say: I know what this debt is. I came here to close the account. Name your price and I will pay it — but I am leaving before dawn.

## ✍ DM Response
As you approach the three figures, their forms shift and merge with the reeds, revealing themselves as ethereal beings. Their eyes gleam like embers in the twilight, and a strange chill creeps through the air as they regard you and your offering.

One of them steps forward, its form flickering like candlelight on water. It speaks, its voice resonating with an ancient echo that seems to come from both sides of the Veil. "Your actions have brought you here," it says, "and so we have heard your wish to close this account."

It takes the parchment from your hands and studies it intently. The others watch silently, their gazes as unreadable as the reeds that surround them. After what feels like an eternity, the first figure speaks again. "The debt you speak of is great, child of Cai," it says. "It cannot be paid in gold or silver, nor can it be extinguished with blood."

The figures exchange cryptic whispers, their voices barely audible but still filled with a sense of foreboding. You feel the weight of their words, and you know that they are not empty threats.

One by one, the figures turn to face you. The first speaks once more. "We will allow you passage back to your world," it says, "but only if you agree to our conditions."

The conditions are harsh, but you have no choice. You nod in agreement, and the figures exchange glances. With a sudden surge of light, they create a coracle before you, its form shimmering like the moon on water. They tell you that it will take you back to your world, but only if you reach the opposite shore before dawn.

As you step into the coracle, you feel a strange sensation wash over you, as though you are being pulled through a veil of time and space. The reeds around you blur, and when they come back into focus, you find yourself on the other side of the pool, facing the shoreline of your world once more.

The coracle begins to move, gliding smoothly across the water as you paddle towards the shore. The moon casts long shadows over the landscape, and you feel a sense of unease settling in your bones. Something is following you through the reeds, and it is gaining on you with every stroke of the paddle.

You push yourself harder, determined to reach the shore before dawn breaks and whatever is chasing you emerges from the shadows. As you near the shoreline, you feel a presence behind you, a cold, malevolent force that seems to be laughing at your futile attempts to escape it.

But you do not falter. With one final burst of strength, you reach the shore just as the first light of dawn begins to break over the horizon. The coracle disappears, and you are left standing on the shore, panting and trembling but alive.

You have closed the account, but at a great cost. You can feel the weight of your debt hanging over you like a dark cloud, and you know that it will follow you wherever you go. But for now, at least, you are safe. For now, the darkness has been held at bay.

## 📋 Summary
The ethereal beings, known as the Keepers, accepted Cai's offering and offered a passage back to his world with the condition that he agrees to their harsh terms. After stepping into a shimmering coracle created by the Keepers, Cai experienced a sensation like being pulled through a veil of time and space, reaching his world's shore before dawn.
