# Player Turn: Sioned ferch Cai — I ignore the waiting figures entirely. The thing in the reeds is the door — I can feel it in the parchment. I turn and walk straight toward it, reading the two words aloud as I go.
**Campaign:** Avalon  **Session:** session3  **Scene:** scene3  **File:** turn_001.md  **Time:** 2026-04-21 22:42:31 UTC

## 🔍 What Happened
Characters:
1. Sioned ferch Cai - Currently, she is in Avalon with a glowing parchment containing two mysterious words. She found herself there after stepping through a door that Nimue showed her.

Recent Events:
- Sioned found Nimue by the standing pool behind the outer chapel and showed her the parchment. Nimue revealed that Sioned did not write the words but they were written through her, and the ink shifted to reveal a door-like space between the letters. Sioned stepped through, not intending to do so.

Acting Character: Sioned ferch Cai
- Sioned is the daughter of Caius ap Llywarch. She has a Devotion for an unknown entity or concept that has not been revealed yet (Rating 0).
- Her stats are as follows: BLADe +0, PRESENCE +0, LORE +0, RITUAL +0, OFFERING +0, VEIL +0.
- Sioned currently stands in Avalon with the glowing parchment and three figures waiting at the water's edge for her to make a decision about crossing over to them using a coracle or looking for another door. A mysterious entity is following her from the reeds behind her. She must choose her path quickly as the sky has not started to lighten yet, and she needs to find her way back before it does.

## ⚖ Rules Assessor
ROLL|Sioned ferch Cai|VEIL|1d20+0|14|what success/failure determines if Sioned can sense the true nature of the door or entity in the reeds.

## 🎲 Dice
Sioned ferch Cai VEIL: 1d20+0 → [10] = **10** vs DC 14 → **FAILURE** (what success/failure determines if Sioned can sense the true nature of the door or entity in the reeds.)

## ✍ DM Response
In the dim predawn, as the first tendrils of mist curl around Avalon's ancient stones, you find yourself standing at the water's edge, a glowing parchment clutched tightly in your hand. The three figures that once awaited you have vanished, leaving only the whispering reeds and the distant call of waking birds to fill the silence. Your senses are attuned to something else now, a presence lurking in the shadows, a door hidden within the rustling vegetation.

You turn away from the water's edge, drawn towards the mysterious entity that calls to you through the parchment. The words written upon it shift and dance as you walk, revealing a door-like space between the letters. Your heart races with anticipation, yet a cold shiver of dread creeps down your spine.

As you approach the reeds, you can feel the entity's presence growing stronger, its will pressing against yours. You read the two words aloud, and as they leave your lips, the world around you seems to bend and twist, distorted by an unseen force. The reeds part, revealing a coracle, woven from the very essence of Avalon itself, waiting for you to step into it and cross back over the Veil.

But there is no time to hesitate. The sky begins to lighten, and you know that if you do not return soon, you may be trapped in this realm forever. With a deep breath, you step into the coracle, feeling it conform to your body as if it were part of you. It glides effortlessly through the reeds, carrying you back towards the world you once knew.

As you pass through the Veil, you feel a strange sensation wash over you – a sense of familiarity, a hint of déjà vu that sends a shiver down your spine. The door-like space between the words on the parchment has revealed itself to be more than just an entryway; it is a window into the unknown, a glimpse at the hidden secrets of Avalon.

You emerge on the other side, back in your own world, yet somehow changed. The glowing parchment now holds a new mystery, one that promises to reveal the true nature of this ancient land and its powerful inhabitants. But for now, you are safe – at least for the time being. As the sun rises over the horizon, casting its golden light upon the land, you cannot help but wonder what other secrets Avalon still holds in store for you.

## 📋 Summary
You, with the glowing parchment, venture towards an entity lurking in the reeds of Avalon's shadows, reading words aloud that distort reality and reveal a coracle woven from the essence of Avalon. Stepping into it, you pass through the Veil, experiencing a sensation of familiarity before emerging altered, with the parchment harboring a new mystery.
