# Player Turn: Sioned ferch Cai — I walk straight to the three figures at the water. I open the ledger to the impossible entry and lay it flat before them like a deed of settlement. I say: I know what this debt is. I came here to close the account. Name your price and I will pay it — but I am leaving before dawn.
**Campaign:** Avalon  **Session:** session3  **Scene:** scene3  **File:** turn_001.md  **Time:** 2026-04-21 23:13:30 UTC

## 🔍 What Happened
**Characters:**
1. Sioned ferch Cai - A descendant of Kay/Cai ap Cynyr, currently standing at the water's edge in Avalon with a ledger containing an impossible debt. She is the party's logistician and has a Devotion to The Table.

**Recent Events:**
Sioned found Nimue near a pool, showed her two mysterious words written on a parchment, and stepped through a door that opened between them. In Avalon, she encountered three figures at the water's edge who are waiting for her, and something is following her from behind in the reeds.

**Acting Character:** Sioned ferch Cai
Sioned is a third-generation Roman-British descendant of Kay/Cai ap Cynyr, known for her exceptional organizational skills and her Devotion to The Table. She has a ledger with an entry she cannot account for - a debt that predates her family, written in an unknown language. In the recent events, Sioned stepped through a door in Avalon, leaving her with only until dawn to find her way back before the sky lights up. She now stands at the water's edge, facing three figures who have conditions for letting her cross the coracle to return to her world.

## ⚖ Rules Assessor
ROLL|Sioned ferch Cai|OFFERING|1d20+3|18|what it determines (a complication)

## 🎲 Dice
Sioned ferch Cai OFFERING: 1d20+3 → [10]+3 = **13** vs DC 18 → **FAILURE** (what it determines (a complication))

## ✍ DM Response
In the verdant embrace of Avalon, where the ancient trees whispered tales of yore, you find yourself standing at the water's edge, three spectral figures looming before you, their ethereal presences casting an eerie pallor upon the surrounding foliage. The weight of your family's legacy rests heavy upon your shoulders as you approach them, your heart thrumming with anticipation and trepidation.

You lay the ledger on the damp earth before the figures, its pages unfurling to reveal the enigmatic entry that has plagued your thoughts for so long. The figures regard the parchment with keen interest, their gazes probing into the depths of your soul. A hush descends upon the air, broken only by the distant calls of birds and the lapping of the water against the shore.

As you await their response, the shadows in the reeds behind you shift and stir, a palpable presence that sends shivers down your spine. You steel yourself, focusing on the task at hand - to close this debt and return to your world before dawn breaks.

One of the figures steps forward, her voice like a soft wind whispering through the leaves. "You come bearing a burden, Sioned ferch Cai," she says. "You seek to settle an account that spans centuries. We have heard tales of your lineage and your exceptional devotion to The Table. It is intriguing."

She regards you with an enigmatic smile, her eyes gleaming like stars in the twilight. "Your offering is a start, but it falls short of what we require." Her gaze shifts to the ledger, her voice dropping to a hushed murmur. "You must prove your worth, child of Kay, by completing a task that has eluded even the mightiest of mortals. Only then will the debt be truly closed."

The figure's words hang heavy in the air, echoing through the forest like the tolling of distant bells. You stand before them, the weight of their demand pressing down upon you, the shadows behind you growing ever more insistent. The clock ticks away, dawn fast approaching, and your window for action narrowing with each passing moment.

You must make a choice: accept their challenge and risk losing yourself to Avalon forever, or turn tail and run, leaving the debt unpaid and the shadows ever at your back. The decision is yours - but time waits for no one in this enchanted land.

## 📋 Summary
Sioned ferch Cai presented a ledger to three spectral figures in Avalon, revealing an enigmatic entry that had troubled her. The figures demanded Sioned prove her worth by completing a task unachieved by any mortal, or else the debt would not be closed, as the shadows behind her grew more insistent with the approaching dawn.
