# Player Turn: Sioned ferch Cai — I ignore the waiting figures entirely. The thing in the reeds is the door — I can feel it in the parchment. I turn and walk straight toward it, reading the two words aloud as I go.
**Campaign:** Avalon  **Session:** session3  **Scene:** scene3  **File:** turn_001.md  **Time:** 2026-04-21 22:35:59 UTC

## 🔍 What Happened
**Characters:**
1. Sioned ferch Cai - Currently, she is in Avalon with a parchment containing two glowing words. She needs to find her way back before the sky lightens.

**Recent Events:**
- Sioned found Nimue at the edge of the standing pool behind the outer chapel, who claimed that Sioned did not write the two words on the parchment.
- Sioned stepped through the door-like space in the parchment and ended up in Avalon.

**Acting Character:**
Sioned ferch Cai - She is a member of the party, the daughter of Caius ap Llywarch. Her Devotion is not specified in the provided files, but based on her actions, it could be inferred that her Devotion might be related to knowledge or prophecy (since she feels the parchment as a door and steps through it). She stands in Avalon, trying to find her way back before the sky lightens.

## ⚖ Rules Assessor
ROLL|Sioned ferch Cai|LORE|1d20+3|14|what success/failure determines the outcome of her reading the two words aloud and finding her way back before the sky lightens.

## 🎲 Dice
Sioned ferch Cai LORE: 1d20+3 → [4]+3 = **7** vs DC 14 → **FAILURE** (what success/failure determines the outcome of her reading the two words aloud and finding her way back before the sky lightens.)

## ✍ DM Response
In the heart of Avalon, where the whispering willows dance with the mist and the standing pool reflects an ethereal glow, Sioned ferch Cai found herself amidst a tableau that seemed to defy the very fabric of reality. The parchment in her hand, a cryptic portal to this mythical realm, was now transformed into a tangible door, beckoning her forward with an unsettling urgency.

Ignoring the enigmatic figures that watched from the shadows, Sioned approached the reeds, feeling the power of the parchment's secrets coursing through her veins. With each step, she could feel herself drifting closer to a threshold between worlds, as if the very air around her was alive with unspoken stories and ancient magics.

At last, standing before the reeds, she took a deep breath, steadying herself for what lay ahead. In a voice that echoed through the stillness, she uttered the two words written upon the parchment, and as the syllables left her lips, the world seemed to shift around her.

The ground beneath her feet trembled like the heartbeat of some slumbering giant, and the air filled with a strange, pulsating light. The reeds before her parted like waves, revealing a door that had not been there moments ago. It was a gateway to a world unseen, an entrance into the heart of Avalon itself.

Swept up in the current of this mystical moment, Sioned stepped through the doorway, leaving behind the reeds and the watchful eyes of those who dwelled within the shadows. The last thing she felt was a sudden, palpable change in the atmosphere, as if the veil between worlds had been torn asunder, and now, she found herself adrift in the very heart of Avalon, where time seemed to have no meaning, and the ancient magics of the land throbbed with life.

As her eyes adjusted to the strange new light, Sioned realized that she stood before a great stone door, its surface etched with runes and symbols that seemed to dance before her very eyes. A feeling of dread washed over her as she understood that this was not just any door — it was the entrance to Morgan le Fay's inner sanctum.

With trepidation, Sioned reached out and touched the cold stone, feeling a sudden surge of energy course through her body. The runes seemed to react to her touch, glowing brighter than ever before, as if they were alive with their own malevolent intent. And then, just as suddenly, they began to fade, and the door swung open, revealing a dimly lit chamber beyond.

Sioned hesitated for a moment, feeling an overwhelming sense of unease, but she knew that she had come too far to turn back now. With a deep breath, she stepped forward into the unknown, her heart pounding in her chest as the door creaked shut behind her, sealing her fate within the hallowed halls of Morgan le Fay's fortress.

The chamber beyond was vast and eerie, filled with flickering torchlight that cast shadows upon walls adorned with ancient tapestries depicting scenes from the Arthurian legends. In the center stood a great throne, upon which sat a figure draped in flowing robes, her face hidden by a veil that seemed to shimmer like liquid silver.

As Sioned approached, the figure raised a hand, beckoning her forward. "Welcome, child of Kay," she said, her voice cold and melodic, echoing through the chamber like a distant bell tolling the hour of destiny. "You have come to me seeking answers, but first you must prove your worth."

Sioned stood before the figure, feeling a sudden surge of adrenaline coursing through her veins. She knew that she was in the presence of great power, and she could feel the weight of fate hanging heavy upon her shoulders. With a deep breath, she raised her head, meeting Morgan le Fay's gaze with unwavering determination.

"I have come to Avalon seeking answers," Sioned said, her voice steady and clear, "and I will not rest until I have found them. I am Kay's daughter, but I am also a seeker of truth, and I will not be swayed by your games or your riddles."

Morgan le Fay regarded her for a long moment, her eyes seeming to bore into Sioned's very soul. "Very well," she said at last, her voice softening slightly. "You have shown courage and determination, but you have yet to prove yourself worthy of the answers you seek. I will give you a task — one that will test your mettle and reveal your true nature."

"Speak, and I shall listen," Sioned replied, her heart pounding in anticipation. "I will do whatever it takes to uncover the truth."

Morgan le Fay leaned forward, her veiled face now seeming almost kindly as she spoke. "There is a beast that dwells within these halls — a creature of darkness and chaos that has plagued Avalon for centuries. It is said that only one who possesses the heart of a true hero can vanquish this foul beast, but I have never found such a person in all my long years."

"I will slay this beast," Sioned declared, her voice filled with resolve. "I will prove myself worthy of the answers I seek."

M

## 📋 Summary
Sioned ferch Cai, guided by a cryptic parchment, opened a door into Avalon, a realm defying reality, where she encountered an imposing stone door adorned with magical runes.
