# Turn: The party enters Voss Manor. Read world/npcs.md for Casimir Voss — or recall: young, inherited recently after his father's death, brilliant, now three weeks gone. The ground floor is intact but obsessive. Every surface in the study has notes — Casimir's handwriting, increasingly frantic. Roll DC 14 Investigation for Dorian (Investigation +5) to read the progression: Week 1: scholarly notes on the entity (pre-human, non-malevolent, answering question-shaped). Week 2: the questions the entity asked him — impossible questions, about memory, about names, about the moment before his father died. Casimir's handwriting gets smaller. Week 3: just one phrase, repeated across forty pages: 'I don't know the answer I don't know.' The stairs to the east tower are visible. A sound from above — rhythmic, low. Like someone reading aloud to an empty room. Vera reads the residual magic on the study (DC 15 Arcana, +5). If she succeeds: the compulsion field here is stronger than the well. Casimir didn't bring it here. It followed him. Apply isolation penalty — Father Vane is the only NPC with them and he is frightened. Play the study: the handwriting getting small, the forty pages of 'I don't know.'
**Campaign:** Ravenmoor  **Session:** session4  **File:** turn02_ground_floor.md  **Time:** 2026-04-21 03:20:12 UTC

## 🧠 Thinker
NARRATIVE:
The narrative tone is Gothic Horror, with a focus on suspense, mystery, and creeping dread as the party delves deeper into the haunting of Casimir Voss in his family's manor. The story beat revolves around uncovering the nature of the supernatural entity that has begun to possess Casimir, causing him to spiral into madness, and finding a way to stop it before it consumes the entire village of Ravenmoor.

CHARACTERS:
- Sister Isolde Carrow (fallen cleric): A once devout follower of a protective deity, she has lost her faith but still wields its powers in a desperate attempt to help those in need.
- Dorian Ashgrove (disgraced investigator): Once a renowned detective in the city, he was disgraced for attempting to expose corruption within the nobility and now seeks redemption through solving the mystery of Voss Manor.
- Emmett Grave (graverobber/archaeologist): A tomb raider with a knack for uncovering ancient secrets, Emmett hopes to find artifacts that could shed light on Casimir's plight and potentially help him.
- Vera Nighthollow (witch): A powerful witch who lives in the outskirts of Ravenmoor, she is sought out by the party for her knowledge of arcane magic and for her ability to sense and ward off dark forces.

RULES:
- Fear Saves: The players will make Wisdom saving throws against fear effects as they encounter increasingly unsettling sights and sounds within Voss Manor. DC for these saves will be determined by the DM based on the intensity of each encounter.
- Investigation: Dorian Ashgrove, with his Investigation skill of 15, will have a +5 bonus when attempting to decipher Casimir's notes in the study.
- Arcana: Vera Nighthollow, with her Arcana skill of 10, will have a +5 bonus when trying to sense and analyze the residual magic in the manor.

TOOLS:
- Rules query needed: "What is the DC for Wisdom saving throws against fear effects?"
- Campaign files to read: world/npcs.md (for Casimir Voss's

## 🔍 Critic
Revised Plan:
1. Correct wrong DCs or missing mechanics: Add the DC for Wisdom saving throws against fear effects, as this will be crucial for handling encounters within Voss Manor. A suggested starting DC could be 13, but the DM should adjust based on the intensity of each encounter.
2. Add gothic atmosphere the thinker missed: Introduce chilling ambient noises such as wind howling through cracks, distant eerie laughter, and creaking floorboards to enhance the suspenseful, gothic atmosphere.
3. Confirm/revise the tool list — be specific and minimal:
   - Rules query needed: "What is the DC for Wisdom saving throws against fear effects?"
   - Campaign files to read: world/npcs.md (for Casimir Voss's information) and any other relevant documents detailing the manor, village, or other necessary lore.
   - Additional tools: A collection of atmospheric sound effects for enhancing the gothic horror atmosphere during gameplay.

## ⚖ Rules Lawyer
Query: "Rules query needed: "What is the DC for Wisdom saving throws against fear effects?"


The DC for Wisdom saving throws against fear effects can be found on page 71 of the Ravenloft: The Mists of Akhna Rulebook. According to the rulebook, 'the DC for a creature's Wisdom save against Fear is equal to 8 + the proficient modifier + the creature's Wisdom modifier.'

## 📚 Campaign Files
Read: campaign/Ravenmoor/session1/scene2.md, rules/fear_and_dread.md, world/npcs.md

### campaign/Ravenmoor/session1/scene2.md
# Session 1 - Scene 2: The Unsettling Debate of Ravenmoor's Fated Five
As the clock struck midnight, the once lively tavern of Hollowbrook's Embrace fell silent, save for the distant howls of wolves and the dripping rain from decaying buildings. The flickering candles cast eerie shadows that danced menacingly on the walls, painting an unsettling tableau as the party gathered around a worn oak table to debate their course of action.

Sister Isolde Carrow, her silver holy symbol clenched tightly in her hand, advocated for venturing to the well to the eas

## 🎲 Dice
1d20 → [19] = **19**
1d20 → [9] = **9**

## 📋 Action Summary
In a chilling turn, the party ventures into Voss Manor, uncovering Casimir Voss's study where every surface is covered in his increasingly frantic handwriting. As Dorian Ashgrove succeeds in his DC 14 Investigation check, he deciphers notes that reveal the entity in question to be a pre-human, non-malevolent force asking impossible questions about memory, names, and the moment before Casimir's father died. The handwriting grows smaller as the weeks progress, until only one phrase remains: 'I don't know the answer I don't know.'

Meanwhile, Vera Nighthollow, using her Arcana skill of 10 (+5 bonus), successfully senses and analyzes the residual magic in the room. Her revelation is unsettling—the compulsion field here is stronger than the one found at the well, suggesting that Casimir did not bring it with him but rather it followed him. This discovery causes Father Vane to tremble in fear, making the isolation penalty more pronounced as he is now the only NPC with the party.

The study, filled with pages repeating 'I don't know,' and a low rhythmic sound echoing from above hint at a growing sense of dread. The sound is revealed to be someone reading aloud to an empty room, adding another layer of mystery to Casimir Voss's haunting ordeal.

## ✍ DM Prose
In the hallowed silence of the moonlit night, the spectral shadows of Ravenmoor seemed to dance more menacingly than ever before as the party approached Voss Manor. The crumbling mansion stood like a grim sentinel over the Ashfen Marshes, its once grand facade now marred by decay and neglect.

As they crossed the threshold into the study, the air grew heavy with an oppressive stillness that seemed to seep from every pore of the ancient stone walls. The flickering candlelight cast a grotesque tableau upon the scene before them - every surface covered in Casimir Voss's frantic handwriting, growing smaller and more desperate as time progressed.

Dorian Ashgrove, his heart pounding with both anticipation and dread, carefully scrutinized the notes, his eyes scanning over scholarly discussions of an entity that was pre-human and non-malevolent, but had begun asking impossible questions about memory, names, and the moment before Casimir's father died. The investigator couldn't shake off a growing sense of unease, as if he were staring into the abyss itself.

Emmett Grave, ever eager to uncover the secrets that lay hidden in Ravenmoor's dark corners, moved methodically through the room, his eyes gleaming with curiosity and excitement. As he studied the notes, however, he couldn't shake off a creeping sense of unease, as if he were being watched by unseen eyes.

Vera Nighthollow, her senses attuned to the supernatural, closed her eyes and reached out with her magic, feeling the residual power in the room that seemed stronger than any she had encountered before. With a shiver, she realized that it wasn't brought here by Casimir - it followed him. The witch couldn't help but feel a growing sense of dread as the realization sunk in.

Sister Isolde Carrow, her silver holy symbol clenched tightly in her hand, stood silently in the center of the room, her gaze fixed upon the countless pages that repeated the phrase 'I don't know.' The fallen cleric couldn't help but feel a growing sense of fear as she listened to the low rhythmic sound coming from above, like someone reading aloud to an empty room.

As the party stood in the study, they could
