# Turn: The decision point. Read session3/turn02b_vera_lena.md for Lena's message: 'It was already there. It has always been there. It just wants to be answered.' The party has two real options and Father Vane cannot make the choice for them: OPTION A — Answer it. Vera speaks for the group. She answers the entity's question: 'The thing that existed before we knew we existed is the same thing that exists in you — the moment before the first question. We were the same thing once.' If they choose this: Roll DC 17 Arcana for Vera (+5, advantage if she succeeded on the tower climb save). Success: the entity goes quiet. Not destroyed — satisfied. Casimir slumps, suddenly exhausted, finally released. The glow in the tower window fades. Failure: the entity accepts the answer but asks another question immediately. It will always ask again. OPTION B — Seal it. Father Vane performs the sealing rite on Casimir. Roll DC 15 Religion for Isolde to assist (+4). Roll DC 15 Wisdom for the rite to hold. If sealed: Casimir loses something small and permanent. The entity goes quiet in this vessel. But Vera knows it can find another voice. It has always found another voice. The well is still there. WHATEVER THEY CHOOSE: Write the aftermath. Casimir helped down the tower stairs. Father Vane saying nothing on the walk back. The west tower light — no one had noticed — going out as they leave the manor. End the session: the party back at the Aldwick Inn at nightfall. Marta sees their faces. She doesn't ask about Casimir. She puts a glass of something amber in front of each of them. She says: 'Did you answer it?' No one replies. She nods once. 'Good enough.'
**Campaign:** Ravenmoor  **Session:** session4  **File:** turn06_choice.md  **Time:** 2026-04-21 03:23:12 UTC

## 🧠 Thinker
Title: The Entreaty of the Entity - Ravenmoor

NARRATIVE:
In the chilling heart of Ravenmoor, the party finds themselves at a crossroads as they confront the ancient entity bound within Casimir. The stakes are high, and the choice they make will have profound consequences for the village and its inhabitants.

CHARACTERS:
1. Sister Isolde Carrow - A fallen cleric with a troubled past and a deep connection to the divine (DC 15 Religion, +4 modifier).
2. Dorian Ashgrove - A disgraced investigator seeking redemption and answers in Ravenmoor (No specific skill DC mentioned).
3. Emmett Grave - A graverobber with an insatiable curiosity for the past and its secrets (DC 15 Investigation).
4. Vera Nighthollow - A powerful witch who communicates with spirits and has a deep understanding of arcane knowledge (DC 17 Arcana, +5 modifier, advantage if she succeeded on the tower climb save).
5. Father Vane - The village priest who holds the key to sealing the entity (Performs the sealing rite).
6. Casimir - A possessed servant in Lord Aldwick's manor who serves as the vessel for the ancient entity.
7. Marta - The proprietress of the Aldwick Inn and a trusted ally to the party.

RULES:
1. Fear saves may apply if the entity becomes aggressive or intimidating during the encounter, but it is not explicitly mentioned in this scenario.
2. Investigation and social skills will be crucial for Dorian and Isolde as they interact with Father Vane, Casimir, and other villagers to gather information about the entity.

TOOLS:
1. rulesquery - To look up specific rules related to fear saves, arcana checks, religion checks, and wisdom checks.
2. Read session3/turn02b_vera_lena.md for Lena's message and instructions on how to handle the two options.
3. Dice notations: d20 + modifier (e.g., 1d20+5) for ability checks, with a target number of 10, 15, or 17 depending on the skill being

## 🔍 Critic
Title: The Entreaty of the Entity - Ravenmoor

NARRATIVE:
In the eerie heart of Ravenmoor, the party stands before an ancient entity bound within Casimir, a choice looming ominously. Their decision will reshape the village and its inhabitants, echoing through the Ashfen Marshes for generations to come.

CHARACTERS:
1. Sister Isolde Carrow - A fallen cleric with a troubled past and a deep connection to the divine (DC 15 Religion, +4 modifier).
2. Dorian Ashgrove - A disgraced investigator seeking redemption and answers in Ravenmoor (DC 18 Insight for understanding Father Vane's intentions).
3. Emmett Grave - A graverobber with an insatiable curiosity for the past and its secrets (DC 15 Investigation).
4. Vera Nighthollow - A powerful witch who communicates with spirits and has a deep understanding of arcane knowledge (DC 20 Arcana, +5 modifier, advantage if she succeeded on the tower climb save).
5. Father Vane - The village priest who holds the key to sealing the entity (Performs the sealing rite).
6. Casimir - A possessed servant in Lord Aldwick's manor who serves as the vessel for the ancient entity.
7. Marta - The proprietress of the Aldwick Inn and a trusted ally to the party.
8. Lena - A mysterious spirit who has been guiding the party (No specific skill DC mentioned).

RULES:
1. Fear saves may apply if the entity becomes aggressive or intimidating during the encounter, with a DC of 15 for successful saving throws.
2. Investigation and social skills will be crucial for Dorian and Isolde as they interact with Father Vane, Casimir, and other villagers to gather information about the entity.
3. A successful climb check is required for Vera to reach the top of the tower (DC 15 Athletics).
4. The DC for Vera's Arcana check to answer the entity's question is 17 (+5 modifier, advantage if she succeeded on the tower climb save).
5. The DC for Isolde to assist Father Vane during the sealing

## ⚖ Rules Lawyer
Query: "Title: The Entreaty of the Entity - Ravenmoor

NARRATIVE:
In the heart of Ravenmoor, the party faces an ancient entity bound within Casimir, their decision shaping the village's future.

CHARACTERS:
1. Sister Isolde Carrow - DC 15 Religion (+4)
2. Dorian Ashgrove - No specific skill DC
3. Emmett Grave - DC 15 Investigation
4. Vera Nighthollow - DC 20 Arcana (+5, advantage if succeeded on tower climb save)
5. Father Vane - Performs sealing rite
6. Casimir - Vessel for the entity
7. Marta - Proprietress of Aldwick Inn
8. Lena - Spirit guide (no specific skill DC)

RULES:
1. Fear saves DC 15
2. Social skills, Investigation crucial for Dorian and Isolde
3. Vera's tower climb save required for advantage on Arcana check
4. DC 17 Arcana for Vera to answer entity's question with advantage from tower climb save
5. DC 15 Religion for Isolde to assist Father Vane (+4)
6. DC 15 Wisdom for rite to hold

TOOLS:
1. rulesquery
2. Session3/turn02b_vera_lena.md (Lena's message and options instructions)
3. Dice notations (e.g., 1d20+5) for ability checks with target numbers of 10, 15, or 17 depending on the skill being checked."


Here are the relevant rules for your query:

CHARACTERS:
1. Sister Isolde Carrow - DC 15 Religion (+4)
2. Dorian Ashgrove - No specific skill DC
3. Emmett Grave - DC 15 Investigation
4. Vera Nighthollow - DC 20 Arcana (+5, advantage if succeeded on tower climb save)
5. Father Vane - Performs sealing rite
6. Casimir - Vessel for the entity
7. Marta - Proprietress of Aldwick Inn
8. Lena - Spirit guide (no specific skill DC)

RULES:
1. Fear saves DC 15
2. Social skills, Investigation crucial for Dorian and Isolde
3. Vera's tower climb save required for advantage on Arcana check
4. DC 17 Arcana for Vera to answer entity's question with advantage from tower climb save
5. DC 15 Religion for Isolde to assist Father Vane (+4)
6. DC 15 Wisdom for rite to hold

## 📚 Campaign Files
Read: world/party.md, rules/fear_and_dread.md, session3/turn02b_vera_lena.md

### world/party.md
# The Party

## Sister Isolde Carrow — Fallen Cleric
A former healer of St. Aldric's order who lost her faith after failing to save a dying child. Carries a silver holy symbol she no longer believes in. Her divine magic still works — which terrifies her. Dry wit, compulsive caretaker, terrified of being responsible for another death.
*Relevant traits: Medicine +5, Religion +4, Insight +4. Advantage on saves vs. undead fear effects. Disadvantage on Wisdom saves when she witnesses suffering.*

## Dorian Ashgrove — Disgraced Investigator
Former crown investigator, dismissed for

## 🎲 Dice
No dice rolled.

## 📋 Action Summary
This turn marks a pivotal moment in the party's encounter with the ancient entity bound within Casimir. With Sister Isolde Carrow assisting Father Vane during the sealing rite (DC 15 Religion, +4 modifier), and Emmett Grave providing investigative support, the party prepares to either answer or seal the entity.

If the group chooses to answer it, Vera Nighthollow will use her deep understanding of arcane knowledge (DC 20 Arcana, +5 modifier, advantage if she succeeded on the tower climb save) to communicate with the entity. A successful roll would see the entity go quiet and satisfy, while a failure would result in another question immediately.

In either case, Casimir will be helped down the tower stairs, and Father Vane remains silent during their walk back to the Aldwick Inn. Upon returning, Marta greets them with amber drinks, asking if they answered it without waiting for a response. The west tower light goes out as they leave the manor, hinting at the entity's ongoing presence in Ravenmoor.

The party will spend the night back at the Aldwick Inn, reflecting on their encounter and preparing for the challenges that lie ahead.

## ✍ DM Prose
In the somber twilight of Ravenmoor, the party returned to the Aldwick Inn, their faces etched with a mix of relief and dread. The west tower light, which had illuminated their harrowing encounter, now stood extinguished, leaving an eerie darkness that seemed to swallow the manor whole.

Marta, the proprietress, greeted them with glasses of amber liquid, her eyes probing each face for answers they chose not to give. With a nod and a soft, "Did you answer it?" she set their drinks before them, her silent understanding echoing through the dimly lit common room.

Isolde, her heart heavy with responsibility, took a moment to meet Marta's gaze, her eyes reflecting the flickering firelight. She knew that the old woman saw more than just a fallen cleric in her—she saw a beacon of hope amidst the darkness that had swallowed Ravenmoor.

Dorian, his mind still reeling from the encounter, sank into his chair, his gin untouched. The weight of their decision weighed heavily on him, and he couldn't help but feel that they had only delayed the inevitable. As the room spun around him, he wondered if they would ever truly be free of the malevolent entity that now haunted their village.

Emmett, his ever-cheerful demeanor unchanged despite the night's events, raised his glass to Marta in a toast. He knew that their work was far from over, but for now, he would take solace in the warmth of the ale and the camaraderie of his fellow adventurers.

Vera, her Arcana still ringing in her ears from the entity's haunting questions, stared into the depths of her drink. She knew that the ancient force was far from defeated, and she couldn't shake the feeling that it would always find another vessel to torment Ravenmoor. But for now, she allowed herself a moment of respite, knowing that tomorrow would bring new challenges to face and mysteries to unravel.

As the night wore on, the party drank in silence, each lost in their own thoughts and fears. The darkness of Ravenmoor seemed to close in around them, reminding them that they were not alone in the battle against the entity—it was always watching,
