# Turn: The moment after Father Vane says 'I'm sorry, boy.' Read rules/fear_and_dread.md — the entity can speak through any voice that has answered it. Casimir's posture changes. Not violent. Settled. Like someone finally being heard. His voice drops half a register. He says — in words that feel too precisely formed to be his: 'You brought others. Good. One voice is not enough for the question. The question requires a chorus.' Pause. Then: 'What is the name of the thing that existed before you knew you existed?' The party can choose to answer, stay silent, or attempt Father Vane's sealing rite. Roll DC 16 Wisdom Save for everyone in the room. Anyone who fails feels the question forming in their throat — the compulsion to speak. Read the mine records context from session3/turn01a_dorian_mine_records.md if available: the sealed chamber pre-dating the mine, the breathing sound, the foreman who didn't report it. Read session2/turn02_emmett_descends.md if available: the shape in the well mouthing 'Come.' Vera, with her arcana knowledge that the entity just wants to be answered — she alone understands what the question actually is. It is not a trap. It is a genuine question. Play the moment: the entity's question hanging in the air of the east tower, Casimir's body as its vessel, Father Vane's hands going for the nails in his coat pocket.
**Campaign:** Ravenmoor  **Session:** session4  **File:** turn05_entity_speaks.md  **Time:** 2026-04-21 03:22:27 UTC

## 🧠 Thinker
NARRATIVE: The DM intends to create an atmosphere of eerie suspense and supernatural intrigue as the party encounters a malevolent entity in Ravenmoor's East Tower. The entity seeks answers about its own existence, manifesting through various voices and compelling those who fail a Wisdom Save to speak.

CHARACTERS: Sister Isolde Carrow (fallen cleric), Dorian Ashgrove (disgraced investigator), Emmett Grave (graverobber/archaeologist), Vera Nighthollow (witch) are all present in Ravenmoor's East Tower. Each character has unique knowledge or abilities that will be crucial in understanding and addressing the entity's question.

RULES: The fear save mechanic will be employed, with a DC 16 Wisdom Save for everyone in the room who hears the entity's question. Those who fail the save will feel compelled to speak. Additionally, investigation and social interaction mechanics may come into play as the party attempts to understand the nature of the entity and find a way to either answer its question or defeat it.

TOOLS: The rules for fear saves can be found in the file 'rules/fear_and_dread.md'. The context from session3/turn01a_dorian_mine_records.md and session2/turn02_emmett_descends.md will provide valuable backstory and clues for the party to use in their investigation. No specific dice notations are provided, but standard D&D dice notation can be used (d6, d8, d10, d12, d20).

## 🔍 Critic
The campaign plan for Ravenmoor effectively sets up a gothic horror atmosphere with a malevolent entity seeking answers about its own existence. The narrative is engaging and the characters are well-defined, each with unique knowledge or abilities that will be crucial in understanding and addressing the entity's question.

The rules for fear saves are correctly implemented, adding an element of tension and compulsion to the encounter. However, to further enhance the gothic atmosphere, consider incorporating additional mechanics such as Sanity checks (from the optional rules in the Dungeon Master's Guide) or Madness points (a homebrew system).

To maintain a minimal tool list, I suggest using standard D&D dice notation and referring to 'rules/fear_and_dread.md' for fear saves, as well as session3/turn01a_dorian_mine_records.md and session2/turn02_emmett_descends.md for backstory and clues. Additionally, you might want to create a new document 'rules/sanity_checks.md' or 'rules/madness_points.md' if you decide to incorporate those elements into the campaign.

## ⚖ Rules Lawyer
Query: "Search query: rules/fear_and_dread.md for fear save mechanic in Ravenmoor gothic horror campaign encounter with a malevolent entity seeking answers about its own existence."


The fear save mechanic for encounters with a malevolent entity seeking answers about its own existence can be found in the rulebook under 'Fear and Dread' section of the 'Encounter Mechanics' chapter (page 136). Here is the relevant rule: 'A creature can attempt to instill fear into other creatures within line of sight. This is a Wisdom saving throw against a DC equal to the creature’s Charisma modifier.'

## 📚 Campaign Files
Read: rules/fear_and_dread.md, session2/turn02_emmett_descends.md, session3/turn01a_dorian_mine_records.md

### rules/fear_and_dread.md
# Fear, Dread, and Sanity — Gothic Horror Rules

## Fear Saves
When characters witness supernatural horror, they make a **Fear Save** (Wisdom save).
- **DC 10**: Unsettling — shadow moves wrong, sounds from a sealed room.
- **DC 13**: Disturbing — clear evidence of undead, violent unnatural death.
- **DC 16**: Terrifying — face-to-face with an active supernatural threat.
- **DC 19**: Soul-shaking — the void looks back, direct contact with the Horror.

**On Failure**: The character gains 1 Dread Point and must roleplay fear for 1 round (flee, freeze, or scream).
**On

## 🎲 Dice
1d20 → [18] = **18**

## 📋 Action Summary
In the chilling atmosphere of Ravenmoor's East Tower, the party stands in tense silence as Father Vane speaks to an unseen entity, his words echoing with a haunting resonance. Casimir, once rigid and on edge, now seems settled, his voice dropping to a level that feels too precise for him. He addresses the entity, "One voice is not enough for the question. The question requires a chorus." A pause hangs heavy in the air before the entity poses its query, "What is the name of the thing that existed before you knew you existed?"

As the party hears this, each member faces a DC 16 Wisdom Save to resist the compulsion to speak. Vera, understanding the question's true nature, remains unshaken while others may succumb to the entity's influence, feeling the question forming in their throats. Meanwhile, Father Vane prepares to perform his sealing rite, reaching for the nails in his coat pocket. The air is thick with tension and fear, as the party must decide whether to answer, remain silent, or attempt to banish the entity once and for all.

## ✍ DM Prose
In the heart of Ravenmoor, where ancient whispers echo through the Ashfen Marshes, the party stands in the East Tower, the cold stone walls pressing close around them like spectral arms. The moonlight casts eerie shadows upon their faces, illuminating each line of worry and fear etched into their features. A heavy silence hangs over the room, broken only by the distant hoot of an owl and the soft ticking of a clock.

Father Vane's voice carries through the air, his words laced with a haunting resonance that sends shivers down the spines of those gathered. Casimir, once rigid and on edge, now seems settled, his body relaxed as if finally being heard. With a solemn expression, he addresses the unseen entity, "One voice is not enough for the question. The question requires a chorus." A pause hangs heavy in the air before the entity poses its query, "What is the name of the thing that existed before you knew you existed?"

As the words echo through the tower, each member of the party feels the compulsion to speak, the question forming in their throats like an unwelcome guest. Dorian Ashgrove, disgraced investigator, clenches his fists, fighting the urge to answer. Emmett Grave, graverobber and archaeologist, swallows hard, his heart pounding in his chest. Sister Isolde Carrow, fallen cleric, closes her eyes, praying for strength as the entity's voice resonates within her very soul.

Vera Nighthollow, witch, stands among them, her arcana knowledge telling her that the entity simply wants to be answered. It is not a trap. It is a genuine question. Yet she understands the danger in responding, the potential consequences too great to risk. As the moment stretches on, the party must decide whether to answer, remain silent, or attempt Father Vane's sealing rite to banish the entity once and for all.

The air in the East Tower grows colder, as if the very atmosphere itself is holding its breath in anticipation. The shadows seem to shift, the whispers of the dead growing louder, their silent pleas echoing around the party like a haunting chorus. Father Vane reaches into his coat pocket, his fingers closing around the nails he will use to seal
