# Player Turn: Sioned ferch Cai — I ignore the waiting figures entirely. The thing in the reeds is the door — I can feel it in the parchment. I turn and walk straight toward it, reading the two words aloud as I go.
**Campaign:** Avalon  **Session:** session3  **Scene:** scene3  **File:** turn_001.md  **Time:** 2026-04-21 22:46:51 UTC

## 🔍 What Happened
Characters:
1. Sioned ferch Cai - Currently, she is in Avalon, having stepped through a door from the parchment she was holding. She has until the sky lightens to find her way back.

Recent Events:
- Sioned found Nimue at the edge of the standing pool behind the outer chapel. Nimue told her that the words on the parchment were not written by her, but written through her. The door in the parchment shifted and Sioned stepped through it.
- Sioned is now in Avalon, where she encountered three figures at the water's edge waiting for her, a coracle, and something following her from the reeds.

Acting Character: Sioned ferch Cai
Sioned ferch Cai is a character in the story. She is the daughter of Caius ap Llywarch and has inherited her father's Devotion, The Sword. Sioned is a skilled individual, but she is also searching for something more than just being good at killing. Currently, she holds a parchment with two glowing words that led her to Avalon, and she must make a choice about how to proceed with the three figures waiting at the water's edge and the thing following her from the reeds.

## ⚖ Rules Assessor
ROLL|Sioned ferch Cai|VEIL|1d20+3|14|what success/failure determines the nature of what is hidden

## 🎲 Dice
Sioned ferch Cai VEIL: 1d20+3 → [15]+3 = **18** vs DC 14 → **SUCCESS** (what success/failure determines the nature of what is hidden)

## ✍ DM Response
In Avalon's hallowed twilight, where time flows in currents and whispers echo from the veil between worlds, you find yourself standing at the water's edge. The reeds sway gently, and a sense of watchful anticipation hangs heavy in the air. Three figures have taken up positions to your left, right, and behind, their eyes fixed on you with an intensity that borders on unnerving.

You ignore them and instead focus on the thing hidden within the reeds — the door that beckons from the parchment's two glowing words. The world seems to shift around you as you recite the incantation, the veil between realms trembling with a power ancient and potent.

As you speak the final word, the reeds part, revealing a coracle woven from willow and ash, its prow pointing out towards the shimmering waters of Avalon's lake. The door in the parchment pulses with a brilliant light, pulling you towards it like a moth to a flame. With a feeling of both exhilaration and dread, you step into the coracle, reaching out to grasp the pulsating parchment.

As soon as your fingers touch the glowing paper, the world around you changes. The lake stretches before you, no longer shimmering but dark and stormy. The air grows cold and heavy, the sky above a swirling maelstrom of grey and black. The coracle begins to move on its own, propelled by some unseen force towards the heart of the tempest.

In this new world, you are not alone. Something follows from the reeds, a malevolent presence that seems to thrive in the chaos around you. As the coracle plunges deeper into the storm, the darkness closes in, and you can feel its eyes upon you — watching, waiting.

The fate of your journey depends on the outcome of your next decision. Will you embrace the tempest or seek shelter from the storm? The choice lies with you, Sioned ferch Cai, heir to the Devotion of the Table.

## 📋 Summary
In Avalon's twilight, Sioned ferch Cai steps into a coracle drawn by an unseen force towards a storm-tossed lake. A malevolent presence follows, watching from the reeds as she faces a choice: embrace the tempest or seek shelter from the storm.
