# Player Turn: Peredur map Gwrtheyrn — I walk up to a local and ask for any legends of the Grail.
**Campaign:** Avalon  **Session:** session3  **Scene:** scene2  **File:** turn_001.md  **Time:** 2026-04-21 22:18:35 UTC

## 🔍 What Happened
Characters:
1. Caius ap Llywarch - Descendant of Lancelot du Lac, Devotion: THE SWORD. Currently, he is investigating the strange melody in Broceliande forest to find a clue about the Grail's location.
2. Elen ferch Maelog - Descendant of Morgana le Fay, Devotion: THE VEIL. She is trying to discern the identity of the mysterious being guiding them through the woods.
3. Peredur map Gwrtheyrn - Descendant of Percival, Devotion: THE GRAIL. He is questioning locals and travelers about legends and rumors surrounding the Grail's location within Broceliande.

Recent Events: The party has completed the first trial of the Sword at Camelot, with Caius proving his worth as a knight of the Round Table. They have entered the mystical forest of Broceliande to find the Grail, but its location remains unknown.

Acting Character: Peredur map Gwrtheyrn
Peredur is a descendant of Percival, known for his relentless pursuit of knowledge and truth. He possesses a strong Devotion towards THE GRAIL, which drives him to question everyone he meets about its location. His stats are as follows:

**BLADE +0** - Peredur is not skilled in combat but uses his intelligence and persistence to gather information instead.

**PRESENCE +1** - He has a charismatic presence that can inspire those around him, making it easier for him to convince locals to share their stories.

**LORE +1** - Peredur's passion for knowledge allows him to recall a wide variety of legends and historical facts related to the Grail.

**RITUAL +0** - He has limited skills in performing rituals, as his focus lies more in finding the Grail than mastering magic.

**OFFERING +1** - Peredur can offer insights and knowledge about the Grail in exchange for food, lodging, or other resources.

**VEIL +2** - He has a keen intuition that allows him to perceive things others might miss, often helping him uncover hidden truths.

At this moment, Peredur is actively seeking

## ⚖ Rules Assessor
ROLL|Peredur map Gwrtheyrn|LORE|1d20+1|14|what success/failure determines if Peredur learns more about the legends of the Grail from the local.

## 🎲 Dice
Peredur map Gwrtheyrn LORE: 1d20+1 → [3]+1 = **4** vs DC 14 → **FAILURE** (what success/failure determines if Peredur learns more about the legends of the Grail from the local.)

## ✍ DM Response
In the heart of Broceliande, where ancient oaks whisper secrets to the wind and shadows creep like specters, you find yourself approaching a weathered hut at the edge of a clearing. The local, an old woman with eyes as deep and murky as the forest itself, gazes at you with a mixture of curiosity and apprehension.

You ask about legends concerning the Grail, hoping her simple existence within this mystical realm might offer some insight. With a sigh, she leans back in her chair, pulling a tattered parchment from beneath her cloak. Her voice carries the weight of centuries as she begins to weave a tale.

"Long ago," she starts, "there was a knight named Percival, much like yourself. He sought the Grail with a fervor that burned brighter than the sun. One day, he came upon a hidden chapel deep within these woods. Inside, he found a pool of pure, shimmering water fed by an eternal spring. The Grail rested on a pedestal in the center, its radiance filling the chamber."

As she speaks, you can almost see the scene unfold before your eyes—the ancient chapel, the gleaming waters, and the Grail that has eluded you for so long. You lean forward eagerly, hanging onto every word.

"But Percival was not meant to find it then," the old woman continues. "A voice spoke to him from the depths of the pool, warning him he had not yet earned its presence. He left, determined to prove himself worthy. Years passed, and many tales speak of his trials and tribulations."

Your heart pounds in your chest as you realize the implications. If Percival had found the Grail but was warned away, perhaps it is still hidden within these woods. The old woman's eyes meet yours, and there, beneath the veil of time, you sense a flicker of understanding—a hint that she knows something more.

But before you can ask, she shakes her head and looks away. "That is all I know," she murmurs. "I have lived long enough to see many seekers come and go, each one leaving with their heart heavy and their dreams shattered."

As the old woman finishes her tale, a chill creeps through the clearing, as if the forest itself is watching your every move. The mystery of the Grail remains elusive, but you cannot help but feel that it's just beyond your reach—if only you can find the right path to follow.

## 📋 Summary
The old woman of Broceliande narrates the tale of Percival, a former knight who sought the Grail, finding it in a hidden chapel deep within the woods. However, he was warned by a voice from the pool that he had not yet proven himself worthy, leaving with his dream intact. The old woman reveals she knows more but chooses not to share it, sensing the knight's determination.
