# Player Turn: Elen ferch Maelog — I investigate the mysterious being.
**Campaign:** Avalon  **Session:** session3  **Scene:** scene2  **File:** turn_003.md  **Time:** 2026-04-21 22:28:30 UTC

## 🔍 What Happened
Characters:
- Caius ap Llywarch, a third generation Roman-British descendant of Lancelot du Lac with Devotion: THE SWORD.
- Elen ferch Maelog, a descendant of Morgana le Fay with Devotion: THE VEIL.
- Peredur map Gwrtheyrn, a descendant of Percival with Devotion: THE GRAIL.

Recent Events: The party has completed the first trial at Camelot and is now in Broceliande forest, seeking the Grail. Peredur has experienced a vision that renewed his resolve.

Acting Character: Elen ferch Maelog
Elen ferch Maelog is a descendant of Morgana le Fay with a strong Devotion to THE VEIL. She possesses powerful abilities in Lore, Ritual, and Veil, but her Blade and Presence are average. She has been using her skills to try to understand the mysterious being guiding them through Broceliande. Her actions may provide insight into this enigmatic force or reveal potential dangers that lie ahead.

## ⚖ Rules Assessor
ROLL|Elen ferch Maelog|VEIL|1d20+3|14|what success/failure determines potential dangers or insights about the mysterious being

## 🎲 Dice
Elen ferch Maelog VEIL: 1d20+3 → [4]+3 = **7** vs DC 14 → **FAILURE** (what success/failure determines potential dangers or insights about the mysterious being)

## ✍ DM Response
In the dense heart of Broceliande, where ancient oaks whisper secrets to the wind and the verdant underbrush hums with unseen life, Elen ferch Maelog steps cautiously. The Veil between worlds is thin here, the bond between realms delicate as a spider's thread.

With a steady breath, she closes her eyes, focusing on the connection that has guided them since Camelot. In her mind's eye, a swirling vortex of light and shadow forms, pulsating with an energy that thrums within her veins like a heartbeat. This is the mysterious being, her guide, her enigma.

Reaching out tentatively, she touches the vortex, feeling it recoil at her touch. A sudden jolt of pain lances through her, as if she has plunged her hand into freezing water. She gasps, stumbling back a step, clutching her wounded arm. The vortex flares brighter for an instant, then dims once more.

Suddenly, it speaks. Not with words, but with emotions, impressions that dance across the edges of consciousness like flickering shadows. It is cold, distant, ancient beyond comprehension. It communicates not through love or anger, but through a detached curiosity that leaves Elen feeling both humbled and unnerved.

She retreats, drawing back from the Veil, her heart pounding in her chest. The pain in her arm fades as quickly as it came, leaving only a lingering unease. She has glimpsed something vast and primordial, something that transcends understanding or emotion. And somehow, she knows that this is but a glimpse of the true scale of the mystery before them.

The party, drawn by Elen's cries of pain, rushes to her side. They find her leaning against an ancient oak, her eyes wide with wonder and dread. She tells them what she has seen, and they listen, awed and afraid. For they have touched the hand of something older than the world itself, something that holds within it both the promise and the peril of Avalon.

## 📋 Summary
Elen ferch Maelog reaches out to her guide at the thin Veil of Broceliande, experiencing a painful jolt as she connects with an ancient, distant entity. The being communicates through emotions, leaving Elen humbled, unnerved, and with a newfound understanding of Avalon's mystery.
