# Player Turn: Sioned ferch Cai — I ignore the waiting figures entirely. The thing in the reeds is the door — I can feel it in the parchment. I turn and walk straight toward it, reading the two words aloud as I go.
**Campaign:** Avalon  **Session:** session3  **Scene:** scene3  **File:** turn_001.md  **Time:** 2026-04-21 22:44:29 UTC

## 🔍 What Happened
Characters:
1. Sioned ferch Cai - Currently, she is in Avalon after stepping through a door from the standing pool behind the outer chapel. She has the parchment with two mysterious words that glow faintly.
2. Nimue - She is located at the edge of the standing pool behind the outer chapel. She is the one who noticed the two words on Sioned's parchment and acknowledged that they were not written by Sioned but rather written through her.
3. Caius ap Llywarch - He is a descendant of Lancelot du Lac, known for his exceptional fighting skills and high Devotion to The Sword.
4. Elen ferch Maelog - She is a descendant of Morgana le Fay with a strong Devotion to The Veil. She is skilled in multiple languages and has the ability to perceive things differently than others.
5. Peredur map Gwrtheyrn - He is a descendant of Percival, known for asking uncomfortable questions and has a high Devotion to The Grail.

Recent Events: Sioned found Nimue at the standing pool behind the outer chapel and showed her the mysterious parchment with two glowing words. After recognizing that they were not written by Sioned but rather written through her, Nimue stepped through the door in the space between the letters, leaving Sioned in Avalon.

Acting Character: Sioned ferch Cai
Sioned is a young woman of unknown origin who has shown an unusual connection to mysterious forces. She recently discovered two glowing words on a parchment and followed them into another realm, leaving behind her companions. In this new realm, she finds herself at the shoreline with a coracle that should not float, three waiting figures, and something already following in the reeds. Sioned has until the sky lightens to find her way back and must decide how to proceed with the coracle and the figures at the water's edge.

Pedantic Rule: All character names and facts are based on the provided files.

## ⚖ Rules Assessor
ROLL|Sioned ferch Cai|VEIL|1d20+4|18|what success/failure determines Sioned's understanding of the hidden nature of her surroundings and any presences within them.

## 🎲 Dice
Sioned ferch Cai VEIL: 1d20+4 → [20]+4 = **24** vs DC 18 → **SUCCESS** (what success/failure determines Sioned's understanding of the hidden nature of her surroundings and any presences within them.)

## ✍ DM Response
In the hushed silence of Avalon's twilight, you, Sioned ferch Cai, find yourself standing at the water's edge, your gaze fixed upon a coracle that defies the laws of nature, suspended above the murky depths. The waiting figures remain unacknowledged, their presence a distant hum in the air. Your focus is on the door, the pulsating essence of it shimmering within the reeds. With every step you take towards this enigmatic threshold, the parchment clutched tightly in your hands, you can feel the words resonate with an energy that seems to be guiding you.

As you reach out and touch the door, a wave of dizziness washes over you, and the world around you seems to shift subtly. The hum of the waiting figures intensifies, their ethereal forms becoming more tangible in your perception. You feel a sudden surge of recognition, as though you have encountered them before, but the memory remains elusive.

The door responds to your touch, opening ever so slightly, revealing a dark abyss beyond it. The air is thick with anticipation, and you sense that whatever lies beyond this threshold will not be easily tamed or understood. With a deep breath, you step through the door, the parchment held high, the two glowing words illuminating your path as you delve deeper into Avalon's mysteries.

The landscape transforms around you, the twilight giving way to an eerie, moonlit forest. The air is cool and damp, the scent of ancient growth heavy in your nostrils. You can hear a distant rhythmic thrumming that seems to echo within your chest, resonating with the beating of your heart.

Suddenly, you come upon three figures standing before you, their faces shrouded by hooded cloaks. They do not move or speak, but their presence is palpable, a sense of power emanating from them that makes your knees tremble. You feel as though you are standing on the precipice of something far greater than yourself, and the weight of it leaves you breathless.

As you continue to walk towards them, you can feel the ground beneath you shifting, the forest giving way to a stone path that leads deeper into Avalon's heart. The three figures remain silent, their eyes following your every move as you pass by. In the distance, you can see a bright light, illuminating a towering citadel that seems to beckon you forward.

You are not alone in this journey, for the thing in the reeds has followed you through the door and now moves stealthily along the edge of the forest, its presence felt but unseen. As you walk deeper into Avalon, you cannot help but wonder what awaits you beyond the citadel's walls, and whether your encounter with the three figures will prove to be a blessing or a curse.

## 📋 Summary
Sioned ferch Cai, in Avalon's twilight, reached the water's edge and discovered a suspended coracle. Reaching out, she touched a door that opened, revealing an abyss. Stepping through, she entered a moonlit forest where she encountered three hooded figures. Despite their silence, their power was palpable, leaving Sioned breathless as she approached them.
