# Player Turn: Sioned ferch Cai — I walk straight to the three figures at the water. I open the ledger to the impossible entry and lay it flat before them like a deed of settlement. I say: I know what this debt is. I came here to close the account. Name your price and I will pay it — but I am leaving before dawn.
**Campaign:** Avalon  **Session:** session3  **Scene:** scene3  **File:** turn_001.md  **Time:** 2026-04-21 22:50:34 UTC

## 🔍 What Happened
Characters:
1. Sioned ferch Cai - Currently, Sioned is in Avalon near a grey shore with a coracle waiting for her to cross it. She has the parchment with two mysterious words and is trying to find her way back before dawn. Her Devotion is not specified in the provided files.

Recent Events:
1. Sioned found Nimue by the pool and showed her the parchment with the two words. Nimue claimed that something wrote them through Sioned. Sioned stepped through the shifting space between the letters, ending up in Avalon.

Acting Character: Sioned ferch Cai
- Sioned is a character whose lineage is not explicitly stated, but she seems to have a connection with Avalon and the mysterious parchment. She has a strong presence and determination, as shown by her actions in confronting the figures at the water's edge. Her stats are not provided in the files, nor is her Devotion clearly defined. However, it could be inferred that her Devotion might relate to the parchment or Avalon due to her current situation.

Pedantic Rule: The information provided in this response is based on the facts and names mentioned in the files provided.

## ⚖ Rules Assessor
RITUAL|Sioned ferch Cai|1d20+DEVOTION|14

## 🎲 Dice
No roll required. Focus the scene on: Sioned ferch Cai — I walk straight to the three figures at the water. I open the ledger to the impossible entry and lay it flat before them like a deed of settlement. I say: I know what this debt is. I came here to close the account. Name your price and I will pay it — but I am leaving before dawn.

## ✍ DM Response
In the hush of twilight, the grey shore of Avalon unfurls before you like a tapestry woven from dreams and whispers. The coracle, an ancient vessel bound by magic, waits for your return as patiently as the sea itself. You walk straight to the three figures at the water's edge, their ethereal forms glowing with an otherworldly light.

You open the ledger, its parchment brittle yet holding the weight of the impossible entry. With a deliberate motion, you lay it flat before them like a deed of settlement. Your voice, steady and unwavering, echoes across the shore as you declare, "I know what this debt is. I came here to close the account."

The figures exchange a glance, their expressions inscrutable beneath layers of time and sorrow. One steps forward, his form shifting and twisting like a shroud caught in the wind. He speaks in a voice that seems to emanate from the very air around you, "You have come far, child of Kay. Your lineage is known to us, though your purpose remains unclear."

You stand firm, your eyes never leaving theirs, and continue, "Name your price and I will pay it—but I am leaving before dawn." The figures exchange glances once more, the silence stretching between you like a chasm. Then, the one who spoke earlier replies, "Your courage is commendable, Sioned ferch Cai. Your devotion to the Table has brought you here, but it may not be enough to secure your return."

As you speak of closing accounts and leaving before dawn, the world around you seems to shift subtly, the air thickening with an unspoken threat. The figures at the water's edge are no longer just ethereal apparitions; they are tangible beings, their power palpable as it pulses through the very earth beneath your feet.

You stand your ground, your resolve unwavering. This is a game of wits and wills, and you are determined to play it to the end. But as twilight deepens into night, the question remains: will your devotion be enough to secure your return, or will Avalon claim you as its own?

## 📋 Summary
In the mystical twilight of Avalon, Sioned ferch Cai confronts ethereal figures regarding a long-standing debt. Presenting an ancient, magical ledger, she declares her intent to close the account. The figures acknowledge her lineage and purpose but question her purpose, as their power intensifies, threatening a possible claim on Sioned before dawn.
