# Turn: Dawn. The party returns to the eastern well. Read session1/beat09_eastern_well.md if it exists, else read session1/ files to recall what happened. Also read rules/investigation.md. Dorian crouches at the stone lip and examines the scratch marks more carefully — fingernails, going down, not up. At least four different people. The water below is dark and perfectly still despite a light wind. Vera kneels beside him and lets her Detect Magic run. Roll DC 17 Arcana for Vera (Arcana +5). If she succeeds: the magic below isn't undead animation — it's compulsion. Something down there is *calling*. Isolde recognises the sensation from one of the old rites Father Vane spoke of last night. She goes pale. Describe the well, the marks, and the dawning horror of what they mean.
**Campaign:** Ravenmoor  **Session:** session2  **File:** turn01_well_close.md  **Time:** 2026-04-21 02:46:15 UTC

## 🧠 Thinker
NARRATIVE:
The tone is one of creeping dread and ominous foreboding as the party revisits the eastern well in Ravenmoor's Ashfen Marshes. The story beat revolves around the discovery of strange scratch marks near the well, which hint at a dark and powerful magic at play.

CHARACTERS:
Sister Isolde Carrow, a fallen cleric haunted by her past, Dorian Ashgrove, a disgraced investigator seeking redemption, Emmett Grave, a graverobber with a thirst for knowledge, and Vera Nighthollow, a witch with arcane powers.

RULES:
The investigation rules from the campaign files will apply, specifically those concerning the use of Arcana checks to detect magic. In this case, Vera will roll against a DC 17 in Arcana (Arcana +5).

TOOLS:
Rules query needed: investigation mechanics and their associated DCs.
Campaign files to read: session1/beat09_eastern_well.md or session1/ folder contents if the specific file does not exist. Relevant campaign files may include investigation.md for rules on investigative checks.
Dice notation: d20 + 5 (for Vera's Arcana check).

## 🔍 Critic
In the gothic horror campaign Ravenmoor, the party returns to the eastern well in the morning. The scene is set with a tone of creeping dread and ominous foreboding as they revisit the well in Ravenmoor's Ashfen Marshes.

In terms of mechanics, Dorian examines the scratch marks near the well (DC 15 Perception check) and Vera detects magic below with a DC 17 Arcana check (Arcana +5). If successful, Vera discovers that the magic isn't undead animation but rather compulsion, something down there is *calling*.

To add to the gothic atmosphere, consider describing the well as being surrounded by twisted, gnarled trees with their branches reaching out like skeletal fingers. The water below is dark and still, reflecting the eerie dawn light in a way that makes it seem almost alive.

As for tools, the campaign files session1/beat09_eastern_well.md or session1/ folder contents should be read to recall what happened previously. Relevant campaign files may include investigation.md for rules on investigative checks. Dice notation for Vera's Arcana check is d20 + 5.

## ⚖ Rules Lawyer
Query: "Rules query: Investigation mechanics and their associated DCs (e.g., Perception DC 15, Arcana DC 17) for Ravenmoor campaign."


The following is a summary of investigation mechanics and their associated DCs in the Ravenmoor gothic horror TTRPG campaign: 

For Perception checks, the DCs are as follows:
- Common objects or features: DC 10
- Hidden objects or features: DC 15
- Very hidden objects or features: DC 20

For Investigation (Investigate an object, scene, or area) checks, the DCs are as follows:
- Common information: DC 10
- Hidden information: DC 15
- Very hidden information: DC 20

For Arcana checks, the DCs are as follows:
- Basic knowledge of arcane lore: DC 13
- Intermediate knowledge of arcane lore: DC 17
- Advanced knowledge of arcane lore: DC 20

## 📚 Campaign Files
Read: world/party.md, rules/investigation.md, session1/beat09_eastern_well.md

### world/party.md
# The Party

## Sister Isolde Carrow — Fallen Cleric
A former healer of St. Aldric's order who lost her faith after failing to save a dying child. Carries a silver holy symbol she no longer believes in. Her divine magic still works — which terrifies her. Dry wit, compulsive caretaker, terrified of being responsible for another death.
*Relevant traits: Medicine +5, Religion +4, Insight +4. Advantage on saves vs. undead fear effects. Disadvantage on Wisdom saves when she witnesses suffering.*

## Dorian Ashgrove — Disgraced Investigator
Former crown investigator, dismissed for

## 🎲 Dice
1d20 → [12] = **12**
1d20 → [19] = **19**

## 📋 Action Summary
As the first light of dawn breaks through the twisted, gnarled trees surrounding Ravenmoor's eastern well in the Ashfen Marshes, the party approaches with a sense of foreboding. Dorian crouches at the stone lip and examines the scratch marks more carefully – fingernails, going down, not up, indicating at least four different people. The water below is dark and perfectly still despite a light wind, reflecting the eerie dawn light in a way that makes it seem almost alive.

Vera kneels beside him and lets her Detect Magic run. She rolls a 19 on her Arcana check (Arcana +5), revealing that the magic below isn't undead animation – it's compulsion. Something down there is *calling*. Isolde recognises the sensation from one of the old rites Father Vane spoke of last night, and she goes pale. The party stands at the edge of a mystery, their hearts pounding with the dawning horror of what they might find in the depths below.

## ✍ DM Prose
As the first light of dawn pierced through the twisted, gnarled branches above, the party found themselves standing at the edge of an abyss. The eastern well of Ravenmoor, a place shrouded in mystery and dread, loomed before them. Dorian crouched at its stone lip, his eyes fixed intently on the scratch marks that marred its surface – deep gouges, each one bearing the unmistakable impression of human fingernails, pressed downwards rather than upwards, suggesting the frenzied desperation of at least four different people. The water below lay dark and still, a perfect mirror to the eerie dawn light that danced upon its surface, lending it an unsettling life-like quality.

Vera knelt beside Dorian, her eyes closed as she let her Detect Magic flow through her. A 19 on her Arcana check (Arcana +5) revealed the magic below was not the necromantic force they had initially feared – it was compulsion. Something deep within the well was calling to them, a siren song that sent a shiver down Isolde's spine as she recognized the sensation from one of the ancient rites Father Vane had spoken of the previous night. Her face paled, and her grip on her silver holy symbol tightened until her knuckles turned white.

The party stood at the brink of a mystery that seemed to stretch out before them like an endless chasm, their hearts pounding with a dread born of the unknown. The village of Ravenmoor watched from a distance, its shadowy figures seeming to whisper dark secrets into the wind as they observed the strangers who had dared to approach the well. The air was thick with anticipation and fear, a palpable sense that something malevolent lurked beneath the surface, waiting for the opportune moment to strike.
