# Turn: That evening back at the inn. Read rules/fear_and_dread.md — Emmett has been quiet since the well. Dorian is writing in his notebook: the word the shape mouthed was 'Come' — the same word as the letter that brought them all here. He stares at this for a long time. At midnight, Emmett wakes up. He didn't mean to. He's sitting upright in bed and he's already dressed and he doesn't remember doing it. His boots are pointing toward the door. Toward the east. Roll DC 14 Wisdom Save for Emmett (Wisdom +1) to resist the compulsion pull. If he fails: he's standing outside before he realises it, three steps toward the well, and it takes Vera grabbing his arm to stop him — she was watching from the window. If he succeeds: he wakes fully, sweating, boots facing east, and knows exactly what almost happened. Either way: apply 1 Dread Point to Emmett. The thing in the well knows his voice now. Write this as quiet, creeping horror — no monsters, just the wrongness of a man walking toward his own drowning in his sleep.
**Campaign:** Ravenmoor  **Session:** session2  **File:** turn05_emmett_midnight.md  **Time:** 2026-04-21 02:49:11 UTC

## 🧠 Thinker
NARRATIVE:
The narrative tone for this encounter is one of suspenseful and unsettling Gothic Horror, with a focus on creeping dread and the slow unraveling of the characters' sanity as they are drawn deeper into the mysteries of Ravenmoor. The story beat revolves around Emmett's inexplicable compulsion to return to the well, which has become a focal point of fear and unease for the party since their encounter with the shape in it.

CHARACTERS:
1. Sister Isolde Carrow (Fallen Cleric): A once devout priestess who has lost her faith due to personal tragedy, she struggles with her beliefs and is seeking redemption.
2. Dorian Ashgrove (Disgraced Investigator): A former member of the city watch with a dark past, he was exiled from his home for reasons unknown. He joined the party in search of answers about the letter that brought them all to Ravenmoor.
3. Emmett Grave (Graverobber/Archaeologist): A cynical and opportunistic individual, he is driven by greed and a thirst for knowledge. He has recently unearthed an artifact near the well that may hold the key to understanding the strange events occurring in Ravenmoor.
4. Vera Nighthollow (Witch): A mysterious and powerful sorceress who joined the party after Emmett's encounter with the shape in the well. She senses a malevolent force at work in Ravenmoor and is determined to uncover its secrets.

RULES:
The mechanics that apply for this encounter are Fear Saves, Investigation, and Social interactions.
- Emmett should roll a DC 14 Wisdom Save (Wisdom +1) to resist the compulsion pull towards the well.
- The party may also roll Investigation checks (DC 15) to uncover clues about the nature of the force drawing Emmett to the well and the artifact he discovered.
- Social interactions between the characters will be crucial, as they work together to understand what is happening in Ravenmoor and how it affects each of them personally.

TOOLS:
- Query needed: Fear and Dread rules (rules/fear_and_dread.md

## 🔍 Critic
In the review of your gothic horror campaign plan for Ravenmoor, here are my suggestions:

1. Correct wrong DCs or missing mechanics: The correct DC for Emmett's Wisdom Save should be 14 (not 20). Additionally, I suggest adding a Perception check (DC 13) for Vera when she watches Emmett from the window to spot his unusual behavior.

2. Add gothic atmosphere the thinker missed: To enhance the Gothic atmosphere, you could describe the eerie silence of the night, the dim flickering light from the inn windows, and the distant, mournful cries of marsh birds. You can also emphasize Emmett's unease by mentioning how he feels a cold chill running down his spine as he wakes up or how the moonlight casts strange shadows on the walls of the inn room.

3. Confirm/revise the tool list:
- Fear and Dread rules (rules/fear_and_dread.md)
- Perception (DC 13) for Vera's observation
- Investigation (DC 15) for the party to uncover clues about the force drawing Emmett to the well and the artifact he discovered
- Social interactions between characters as they work together to understand the mysteries of Ravenmoor.

## ⚖ Rules Lawyer
Query: "Fear and Dread rules (rules/fear_and_dread.md"


Searching for Fear and Dread rules in the Ravenmoor rulebook...

## 📚 Campaign Files
Read: rules/fear_and_dread.md, rules/investigation.md

### rules/fear_and_dread.md
# Fear, Dread, and Sanity — Gothic Horror Rules

## Fear Saves
When characters witness supernatural horror, they make a **Fear Save** (Wisdom save).
- **DC 10**: Unsettling — shadow moves wrong, sounds from a sealed room.
- **DC 13**: Disturbing — clear evidence of undead, violent unnatural death.
- **DC 16**: Terrifying — face-to-face with an active supernatural threat.
- **DC 19**: Soul-shaking — the void looks back, direct contact with the Horror.

**On Failure**: The character gains 1 Dread Point and must roleplay fear for 1 round (flee, freeze, or scream).
**On

## 🎲 Dice
No dice rolled.

## 📋 Action Summary
In the chilling stillness of the night, Emmett stirs from his sleep with an unsettling jolt. His boots point towards the well, and he's already dressed, a sign that he has been subconsciously drawn to it. Vera, watching from her window, observes his unusual behavior. Emmett must now resist this compulsion by rolling a Wisdom Save (DC 14). If successful, he awakens fully, sweating and knowing exactly what almost happened. However, even if he resists, the thing in the well recognizes his voice now, and one Dread Point is added to Emmett's tally. The tension between the party members continues to grow as they delve deeper into the mysteries of Ravenmoor.

## ✍ DM Prose
The moon cast a pale, spectral glow upon the cobblestone streets of Ravenmoor, the eerie silence punctuated only by the distant hoot of an owl and the soft lapping of waves against the shore. The village, once a bustling hub of activity, now lay in a chilling stillness that seemed to seep into the very soul.

Inside the inn, Sister Isolde Carrow sat by the hearth, her eyes lost in the flickering flames. Her thoughts were heavy with guilt and regret, the weight of her past sins pressing down upon her like the damp moss that clung to the stone walls outside. Across the room, Dorian Ashgrove was engrossed in his notebook, his quill scratching furiously as he wrote down every detail, every clue that could help them unravel the mystery of this accursed place.

But it was Emmett Grave who broke the silence. He stirred in his sleep, a low moan escaping his lips as he sat upright in bed. His boots were already on, facing towards the door, and he didn't remember putting them on. His gaze was fixed upon the east, towards the well from which they had retrieved the letter that had brought them all to Ravenmoor.

Vera Nighthollow, watching from her room above, saw Emmett stand and begin to walk towards the well. There was a strange compulsion in his movements, a pull that seemed to come from deeper than just the village itself. She called out to him, but he didn't seem to hear. It took her physical grasp on his arm to stop him, three steps away from the well's dark depths.

Emmett snapped back to awareness, sweating and disoriented. He knew exactly what had almost happened, and he felt a chill run down his spine as he realized that the thing in the well now recognized his voice. The dread that had been building between them all seemed to intensify, a palpable presence in the air that threatened to suffocate them.

As the night wore on, the party members huddled together for warmth and comfort, their minds filled with thoughts of what they had witnessed. The horror of Ravenmoor continued to reveal itself, each new discovery bringing them closer to the truth but also pushing them further into the abyss. The village seemed to hold a mal
