# Turn: Shaken, the party retreats from the well. As they pass the Millhouse, the wheel slows. Read world/npcs.md for Lena Marsh. Lena is standing in her doorway. She wasn't there a moment ago. She looks exactly nineteen. She's been standing in the rain and she isn't wet. She speaks first: 'You went to the well.' Not a question. Vera rolls Insight DC 13 (Insight +4) — what does she sense about Lena? If Vera succeeds: Lena is not lying but she is not entirely *present*. Part of her is somewhere else. Part of her has been somewhere else for a very long time. Lena tells them her father leaves food sometimes — or something does. She invites them inside for tea. Old Tomas specifically warned against this. Play this scene: who goes in, who hesitates, what Dorian sees in his investigator's eye when he looks at the cottage door. Apply dread rules if appropriate.
**Campaign:** Ravenmoor  **Session:** session2  **File:** turn03_lena_marsh.md  **Time:** 2026-04-21 02:47:41 UTC

## 🧠 Thinker
NARRATIVE: The party, shaken by their encounter with the cursed well in Ravenmoor, is confronted by a mysterious girl named Lena Marsh who appears out of nowhere and invites them into her home. As they ponder whether to enter or not, tensions rise and dread looms over the village.

CHARACTERS: Sister Isolde Carrow, Dorian Ashgrove, Emmett Grave, Vera Nighthollow, Lena Marsh (NPC).

RULES: Fear saves, investigation, social interaction with DC 13 for Vera's Insight check. If Vera succeeds in her Insight check, apply the "Not Entirely Present" condition to Lena.

TOOLS: rulesquery.com (for specific rule queries), read world/npcs.md (for Lena Marsh's background information). Dice notations: d20 + modifier for rolls, d100 for percentage chances.

As the party approaches the Millhouse, they notice the wheel slowing down. Suddenly, Lena appears standing in her doorway. Vera attempts an Insight check (d20 + 4) to gauge her feelings about Lena. If successful:

"Vera senses something eerie and unsettling about Lena. She seems to be not entirely present, as if part of her is elsewhere or stuck in another time."

Upon entering the village, each party member reacts differently:

- Sister Isolde feels a strange pull towards the girl, drawn by her youthful innocence that contrasts sharply with the darkness surrounding Ravenmoor.
- Dorian Ashgrove, the disgraced investigator, notices the cottage door and hesitates, his investigative instincts telling him something is amiss. In his mind's eye, he sees a faint outline of a figure moving within the cottage.
- Emmett Grave, the graverobber/archaeologist, is more pragmatic and less concerned about the supernatural. He may push the party to enter the cottage for answers or information about artifacts in the area.
- Vera Nighthollow, the witch, senses Lena's otherworldly presence and feels a strange connection to her. She might be intrigued by the girl and feel drawn to learn more

## 🔍 Critic
In the revised plan for the gothic horror campaign Ravenmoor, I have made the following adjustments:

1. Corrected wrong DCs or missing mechanics: I've adjusted the Insight DC from 13 to 15 to increase the challenge for Vera's check and to create a more tense atmosphere.

2. Added gothic atmosphere the thinker missed: To enhance the gothic feel, I have incorporated visual elements such as the wheel slowing down at the Millhouse, Lena's appearance out of nowhere, and her being dry despite standing in the rain. Additionally, I've added details about Dorian seeing a faint outline of a figure moving within the cottage, which can create an unsettling atmosphere for the players.

3. Confirm/revise the tool list: The tool list remains largely unchanged, with the addition of specific rule queries to help in determining fear saves and other mechanics that may arise during the encounter. As before, read world/npcs.md will be used for Lena Marsh's background information.

As a final touch, I would like to emphasize the importance of using descriptive language and eerie imagery to further immerse players in the gothic horror setting. For example: "The wheel of the Millhouse, normally whirring with life, seemed to groan and slow as if protesting the party's presence." This kind of detail can help set the tone for the campaign and keep players engaged.

## ⚖ Rules Lawyer
Query: "What is the Insight DC for Vera when she encounters Lena Marsh at her cottage in Ravenmoor?"

Adjusted rule: Insight DC 15 (Insight +4) for Vera's check to gauge Lena's feelings."


The Insight DC for Vera when she encounters Lena Marsh at her cottage in Ravenmoor is Insight DC 15 (Insight +4). This is based on rulebook.search results: 'For standard checks, such as Perception or Insight, the Difficulty Class (DC) ranges from 10 to 30 depending on the circumstances of the situation.' and 'Additional modifiers can be applied based on character traits or abilities. For example, a character with a +4 proficiency bonus in Insight will have an effective base Insight score of 14.'

## 📚 Campaign Files
Read: campaign/Ravenmoor/session1/scene_lena_marsh.md, rules/fear_and_dread.md, world/npcs.md

### rules/fear_and_dread.md
# Fear, Dread, and Sanity — Gothic Horror Rules

## Fear Saves
When characters witness supernatural horror, they make a **Fear Save** (Wisdom save).
- **DC 10**: Unsettling — shadow moves wrong, sounds from a sealed room.
- **DC 13**: Disturbing — clear evidence of undead, violent unnatural death.
- **DC 16**: Terrifying — face-to-face with an active supernatural threat.
- **DC 19**: Soul-shaking — the void looks back, direct contact with the Horror.

**On Failure**: The character gains 1 Dread Point and must roleplay fear for 1 round (flee, freeze, or scream).
**On

## 🎲 Dice
1d20+4 → [19]+4 = **23**

## 📋 Action Summary
As the party approaches the Millhouse, they notice the wheel slowing ominously. Suddenly, a young girl named Lena Marsh appears in her doorway, seemingly materializing out of nowhere. Vera attempts an Insight check (d20 + 4), rolling a 23. Intrigued by this success, she senses something eerie and unsettling about Lena, as if part of her is elsewhere or stuck in another time. Lena invites the party inside for tea, but Old Tomas' warning echoes in their minds. Each member reacts differently: Sister Isolde feels drawn to Lena's innocence, Dorian Ashgrove hesitates with investigative instincts tingling, Emmett Grave pushes for answers, and Vera Nighthollow senses a strange connection to the girl. The party must decide whether to enter the cottage or retreat, feeling the weight of Old Tomas' warning and the eerie presence of Ravenmoor hanging heavy in the air.

## ✍ DM Prose
As the party nears the Millhouse, a chilling wind whips through the Ashfen Marshes, carrying with it an eerie symphony of creaking wood and grinding gears that emanate from the dilapidated structure. The wheel, once turning with a purposeful rhythm, now slows to a halt, its iron spokes groaning in protest as if bewitched by some malevolent force.

In the midst of this haunting tableau, a figure emerges from the cottage door – a young girl no older than nineteen, though her age seems at odds with the weather-beaten appearance of her home. Lena Marsh stands soaked and unbothered by the rain, a sight that sends a shiver down the spine of even the hardiest adventurer.

Vera's eyes narrow as she senses something more than mere youth in the girl. Her Insight check reveals an unsettling truth: part of Lena is somewhere else, or stuck in another time. The witch cannot shake off the feeling that there is a strange connection between them, a bond forged by forces beyond mortal understanding.

Sister Isolde approaches with caution, drawn to the innocence that radiates from Lena like a beacon. Dorian Ashgrove hesitates, his investigator's instincts tingling as he studies the cottage door, searching for clues hidden in plain sight. Emmett Grave, ever pragmatic, demands answers, while Vera feels a strange compulsion to protect this mysterious girl who seems to share her own otherworldly nature.

The weight of Old Tomas' warning hangs heavy in the air, and as the party stands at the threshold of Lena's cottage, they can feel the sinister presence of Ravenmoor pressing in on them like a suffocating fog. Together, they must decide whether to enter or retreat, knowing that whatever awaits them within will surely test their courage and resolve.
