# Turn: The three threads converge back at the Aldwick Inn at midmorning. Read session3/turn01a_dorian_mine_records.md, turn02b_vera_lena.md, turn03c_sealing_rite.md if available, else recall what happened in this session. They each report what they found. Play this as information dropping in sequence: Dorian first: the mine broke through a sealed pre-existing chamber. Sound like breathing. Forty-three dead. Vera next: the entity is ancient, predates the village, has been unanswered for centuries. It just wants to be heard. Then Isolde and Emmett — whatever the sealing rite produced. The silence after all three have spoken. Then Dorian says the thing no one wants to say: 'If it only wants to be answered — what happens if we answer it?' No one responds. Marta brings coffee without being asked. She heard. She sets the cups down and says: 'The last person who answered it was my cousin Casimir. He's been in the east tower for three weeks.' End the session on that sentence.
**Campaign:** Ravenmoor  **Session:** session3  **File:** turn04_convergence.md  **Time:** 2026-04-21 03:01:18 UTC

## 🧠 Thinker
NARRATIVE:
The narrative tone is ominous and atmospheric, with a slow build of tension and suspense as the characters uncover more about the ancient entity haunting Ravenmoor. The story beat for this session involves the party members sharing their individual discoveries and slowly piecing together the mystery, while also dealing with the looming threat of the entity and its potential repercussions.

CHARACTERS:
1. Sister Isolde Carrow (fallen cleric) - She has a strong faith but has lost it due to personal tragedy. Her background as a cleric may come in handy in understanding or combating the ancient entity.
2. Dorian Ashgrove (disgraced investigator) - His expertise lies in uncovering secrets and solving mysteries, which will be crucial in this campaign as they delve deeper into the haunting of Ravenmoor.
3. Emmett Grave (graverobber/archaeologist) - His knowledge of the past and ability to unearth hidden artifacts could provide valuable insights into the origins of the entity.
4. Vera Nighthollow (witch) - Her magical abilities will likely play a significant role in dealing with the ancient entity, as well as in investigating its nature.
5. Marta (Innkeeper) - She serves as a local informant and may have more information about the entity and its effects on the village.

RULES:
1. Fear saves will likely be necessary given the horror theme of the campaign. A DC of 15 could be appropriate for fear-inducing encounters or situations that test the party's resolve.
2. Investigation checks will be important for uncovering clues and information about the ancient entity, with a DC of 13 for basic investigations and higher for more complex puzzles or hidden secrets.
3. Social interactions will also play a role, particularly when dealing with Marta or other NPCs who may hold crucial information. A DC of 15 could be appropriate for persuasion or intimidation checks.

TOOLS:
1. rules query needed: "Fear saves" and "Investigation" to quickly find relevant rules in the rulebook.
2. campaign files to read: session3/turn01a_dorian_mine_records.md, turn02b_

## 🔍 Critic
In reviewing the plan for the Ravenmoor gothic horror campaign, here are my suggestions:

1. Correct wrong DCs or missing mechanics:
   - I recommend lowering the Fear save DC to 13, as a higher DC might be too difficult for the party early in the campaign.
   - Consider adding a Sanity check mechanic to reflect the psychological toll of dealing with the ancient entity. A starting DC of 15 could be appropriate for sanity-testing encounters or situations that challenge the characters' mental fortitude.

2. Add gothic atmosphere the thinker missed:
   - Incorporate eerie sounds like whispers, groans, and distant screams to heighten the sense of dread.
   - Introduce visual cues such as flickering candlelight, shadows moving on their own, or strange symbols appearing in unexpected places.
   - Describe unsettling weather patterns, such as thick fog rolling in from the Ashfen Marshes or sudden downpours accompanied by thunder and lightning.

3. Confirm/revise the tool list:
   - In addition to "rules query needed" for finding relevant rules and campaign files for reading, I suggest adding a "Sanity check" query to help you quickly find sanity-related rules in the rulebook.
   - To further immerse players in the gothic atmosphere, consider providing them with handouts or visual aids like maps, sketches of local landmarks, and notes written in old script or cryptic language. These can be found throughout Ravenmoor and serve as clues for the investigation.

Overall, this plan has a strong foundation for a gothic horror campaign with well-developed characters and an ominous narrative tone. The addition of fear saves, sanity checks, and atmospheric elements will further enhance the experience for both players and DM.

## ⚖ Rules Lawyer
Query: "Rulebook search query: "Fear saves" and "Investigation", also consider adding "Sanity check"."


Here are the relevant rules for Fear Saves, Investigation, and Sanity Checks in the Ravenmoor TTRPG rulebook:

**Fear Saves:**
When a character is subjected to an intense horror or fear, they may need to make a Fear Save. This is a Wisdom saving throw.

From 'The Core Rules' (page 51):
> When you make a Fear Save, you roll d20 and add the appropriate ability modifier (Wisdom for most characters). If the result equals or exceeds the DC, you succeed. Otherwise, you fail.

**Investigation:**
When investigating clues, a character makes an Intelligence (Investigation) check, which can help them gather information or solve mysteries.

From 'The Core Rules' (page 46):
> When you make an Investigation check, you roll d20 and add the appropriate ability modifier (Intelligence for most characters). If you exceed the DC, you succeed, otherwise, you fail.

**Sanity Check:**
A Sanity Check is a type of Wisdom saving throw that helps determine how well a character can cope with disturbing or horrifying situations.

From 'The Core Rules' (page 52):
> When you make a Sanity Check, you roll d20 and add the appropriate ability modifier (Wisdom for most characters). If the result equals or exceeds the DC, you remain stable. Otherwise, you lose Sanity points.


## 📚 Campaign Files
Read: session3/turn01a_dorian_mine_records.md, session3/turn02b_vera_lena.md, session3/turn03c_sealing_rite.md

### session3/turn01a_dorian_mine_records.md
In the heart of Ravenmoor's gloom, the Aldwick Inn stood as a forlorn sentinel, its timbers groaning with the weight of centuries past and the whispers of secrets long buried. The moon cast a pallid glow upon Dorian Ashgrove as he crept through the shadows, slipping into the inn's back room where Marta lay still in slumber.

The air was thick with the scent of aged oak and spilled ale, but Dorian's focus was elsewhere — on the mine records hidden within these very walls. With a grit of teeth and a stealthy grace born from years of disgrace, he pored 

## 🎲 Dice
No dice rolled.

## 📋 Action Summary
In this turn, the party members gather at the Aldwick Inn for a mid-morning meeting to share and discuss their individual discoveries. Dorian reports on his findings from the mine records, revealing that they broke through a sealed pre-existing chamber, where forty-three people were found dead. Vera shares her conversation with Lena Marsh about an ancient entity that predates Ravenmoor, which seems to only want to be heard. Emmett and Isolde discuss their sealing rite experience, alluding to a costly outcome for Emmett and the potential impact on their journey. The room is heavy with tension as Marta sets down coffee without being asked, her eyes betraying that she has overheard their conversation, and she mentions that her cousin Casimir has been in the east tower for three weeks. The session ends with this ominous revelation.

## ✍ DM Prose
As the sun's feeble rays pierced the gloom of Ravenmoor's Ashfen Marsh, the Aldwick Inn stood as a grim sentinel, its aged timbers creaking in anticipation of the chilling tales that would soon unfold within. The village's spectral wolves howled in the distance, their mournful cries echoing through the marsh like the whispers of the damned.

Inside the inn, Sister Isolde Carrow, Dorian Ashgrove, Emmett Grave, and Vera Nighthollow gathered around a worn table, their faces somber as they exchanged glances heavy with unspoken dread. The air hung thick with the scent of aged oak and spilled ale, yet none dared to partake as the weight of their discoveries bore down upon them like the crushing embrace of the marsh itself.

Dorian, his eyes haunted by the ghostly images of the forty-three souls he had unearthed in the mine records, began to speak. His voice trembled with a mixture of fear and determination as he recounted their tragic fate, sealing chamber breached, lives claimed by an ancient horror left undisturbed. The room fell silent, each member's gaze locked onto Dorian as if they could see the spectral whispers that haunted his very soul.

Vera Nighthollow, her heart racing with anticipation, shared her conversation with Lena Marsh, revealing the existence of an entity older than Ravenmoor itself, a malevolent force that had gone unanswered for centuries. It demanded answers, not harm, its presence a constant reminder of the village's dark past. The room seemed to grow colder as Vera spoke, the very air thick with the weight of history and the darkness it bore.

Emmett Grave and Sister Isolde Carrow shared their experiences from the sealing rite, alluding to a costly outcome for Emmett and the potential impact on their journey through Ravenmoor. The room was heavy with tension as Dorian Ashgrove watched with bated breath, while Vera Nighthollow felt a strange energy stirring within her.

As the silence stretched on, Marta entered the room, bearing a tray of steaming coffee that seemed to materialize out of thin air. Her eyes betrayed that she had
