# Player Turn: Sioned ferch Cai — I ignore the waiting figures entirely. The thing in the reeds is the door — I can feel it in the parchment. I turn and walk straight toward it, reading the two words aloud as I go.
**Campaign:** Avalon  **Session:** session3  **Scene:** scene3  **File:** turn_001.md  **Time:** 2026-04-21 22:40:28 UTC

## 🔍 What Happened
Characters:
1. Sioned ferch Cai - Currently, she is in Avalon with a parchment containing two glowing words that led her there. She has until the sky lightens to find her way back.

Recent Events:
- Sioned found Nimue at the edge of the standing pool behind the outer chapel, where she usually hides when not wanted. Nimue stated that the two words were written through Sioned by something else. Sioned stepped through the door-like space between the words and entered Avalon.

Acting Character: Sioned ferch Cai
- Sioned is the daughter of Caius ap Llywarch, a descendant of Lancelot du Lac with a high Devotion to The Sword. She currently has a parchment containing two glowing words and finds herself in Avalon with three figures waiting for her at the water's edge, a coracle as her only way across, and something following her from the reeds. Sioned must choose how to interact with the figures or look for a second door.

## ⚖ Rules Assessor
ROLL|Sioned ferch Cai|VEIL|1d20+3|14|What success/failure determines if she understands what is hidden about the thing in the reeds.

## 🎲 Dice
Sioned ferch Cai VEIL: 1d20+3 → [5]+3 = **8** vs DC 14 → **FAILURE** (What success/failure determines if she understands what is hidden about the thing in the reeds.)

## ✍ DM Response
In the heart of Avalon, where time bends and whispers echo through eternity, you find yourself standing at the edge of a tranquil pool, its waters shimmering with an ethereal luminescence. The parchment in your hands, with two words glowing fiercely, has led you here. The moment stretches as you gaze upon this mystical landscape, the air heavy with anticipation and ancient power.

As your eyes move away from the parchment, three figures materialize at the water's edge, their forms shrouded in mist. A coracle rests beside them, beckoning to you as a fragile bridge across this mystic divide. Yet, something sinister stirs in the reeds behind you, a shadowy presence that seems to grow more insistent with each passing moment.

You ignore the waiting figures, drawn instead to the ominous presence in the reeds. With a deep breath, you turn and walk towards it, the parchment clutched tightly in your hands. As you recite the words aloud, they seem to resonate through the air, their power palpable and unmistakable.

Suddenly, the ground beneath you trembles as if awakening from a deep slumber. The shadows in the reeds coalesce into a figure, its visage twisted and contorted, yet somehow familiar. Its eyes lock onto yours, and you feel an icy chill wash over you as it hisses, "You have been marked."

The coracle at the water's edge surges to life, its wooden frame crackling with energy. The three figures step forward, their forms clarifying into those of Morgan le Fay, a High Priestess, and two guards. Morgan speaks, her voice like silk, "Welcome, Sioned ferch Cai. You have come far in search of your destiny."

You stand before them, the world around you shifting and twisting as if in response to the words spoken. The fate that has led you here is not yet clear, but one thing is certain: the path ahead will be perilous, and the choices you make will shape the course of both your own life and Avalon's future.

## 📋 Summary
Morgan le Fay, a High Priestess, and two guards materialized at the water's edge. You, Sioned ferch Cai, approached the ominous presence in the reeds, recited the words on the parchment, and awakened a twisted figure that hissed, "You have been marked." The coracle surged to life as Morgan welcomed you, foreshadowing a perilous journey ahead shaping both your life and Avalon's future.
