# Player Turn: Sioned ferch Cai — I ignore the waiting figures entirely. The thing in the reeds is the door — I can feel it in the parchment. I turn and walk straight toward it, reading the two words aloud as I go.
**Campaign:** Avalon  **Session:** session3  **Scene:** scene3  **File:** turn_001.md  **Time:** 2026-04-21 22:40:49 UTC

## 🔍 What Happened
Characters:
1. Sioned ferch Cai - Currently, she is in Avalon, having stepped through a door from the parchment she was holding. She has until the sky lightens to find her way back.

Recent Events:
- Sioned found Nimue near the standing pool behind the outer chapel and showed her the two words on the parchment. Nimue stated that Sioned did not write them, but they were written through her. The door in the parchment shifted and Sioned stepped through.
- Sioned is currently in Avalon, where she found a coracle half-submerged at the shoreline with three figures waiting at the water's edge. Behind her, something is following in the reeds.

Acting Character: Sioned ferch Cai
- Sioned is a descendant of King Arthur's knight, Sir Cai. She has a Devotion to the Table, which provides her with cunning and intelligence.
- In terms of stats, she has Presence +2, Lore +1, Ritual +0, Offering +1, and Veil +1. Her Devotion is The Table - Rating 1.
- Sioned is currently in a challenging situation in Avalon, where she needs to decide how to approach the coracle and the three figures at the water's edge. She can offer them something, try to trick them, or look for a second door while being pursued by something in the reeds.

## ⚖ Rules Assessor
ROLL|Sioned ferch Cai|VEIL|1d20+3

## 🎲 Dice
No roll required. Focus the scene on: Sioned ferch Cai — I ignore the waiting figures entirely. The thing in the reeds is the door — I can feel it in the parchment. I turn and walk straight toward it, reading the two words aloud as I go.

## ✍ DM Response
In the twilight of Avalon's hallowed shore, you find yourself drawn towards a presence that hums with ancient power—the door, as you sense it, in the parchment. The air around you thickens, and the whispering reeds behind seem to shift, their hushed voices growing louder.

With every step towards the looming threshold, the two words from the parchment echo in your mind: "Selys Nimue." The wind picks up, carrying with it an icy chill that sends a shiver down your spine. You press on, knowing that every second counts as the sky darkens further, and the light of the mortal realm begins to fade.

As you approach the reeds, the sound of crunching leaves and rustling branches fills the air behind you. A sense of unease washes over you, but you do not turn back. Instead, you focus on the words, reciting them with a voice that carries across the water. The coracle at the shoreline seems to shudder in response, and the figures waiting on its edge stir restlessly.

With each word spoken, the reeds around you part, revealing a pathway hidden within. As you step onto it, the air crackles with energy, and you feel an indescribable pull that draws you forward. The coracle begins to move, the figures stepping gracefully into the water as it glides smoothly towards the open sea.

The door is closing, and you must make a choice: chase after the coracle, offering something in hopes of gaining their aid; try to trick them with your cunning; or search for another door while remaining vigilant against whatever pursues you from the reeds. The fate of the mortal realm hangs in the balance, and the decision rests with you.

## 📋 Summary
In Avalon's twilight, Merlin, aided by his ancient wisdom, approached the mysterious parchment-bound door, uttering "Selys Nimue." With words echoing, he ventured forward, sensing ominous presence from the reeds behind. As he spoke, the path unveiled itself, the coracle moved, and a decision loomed: chase after the mystical boat or seek another door amidst the pursuing danger, with the fate of the mortal realm hanging in the balance.
