# Player Turn: Sioned ferch Cai — I walk straight to the three figures at the water. I open the ledger to the impossible entry and lay it flat before them like a deed of settlement. I say: I know what this debt is. I came here to close the account. Name your price and I will pay it — but I am leaving before dawn.
**Campaign:** Avalon  **Session:** session3  **Scene:** scene3  **File:** turn_001.md  **Time:** 2026-04-21 22:49:07 UTC

## 🔍 What Happened
Characters:
1. Sioned ferch Cai - She is currently at the shoreline of Avalon, holding a parchment with two mysterious words. She has until dawn to find her way back.

Recent Events:
- Sioned found Nimue near the standing pool behind the outer chapel. She showed her the parchment with the two words, which seemed to have appeared through her. Sioned stepped through the door that opened in the space between the letters.
- In Avalon, Sioned encountered three figures at the water's edge who were waiting for her. She also noticed something following her from behind in the reeds.

Acting Character: Sioned ferch Cai
- Sioned is a descendant of King Arthur's knight, Cai. She has a Devotion to an unknown entity, and her stats are not provided in the given files.
- Sioned is currently at the shoreline of Avalon with a parchment containing two mysterious words that she found during a ritual. She must make a decision quickly about how to deal with the three figures waiting for her at the water's edge, as something is following her from behind in the reeds.

## ⚖ Rules Assessor
ROLL|Sioned ferch Cai|PRESENCE|1d20+2|14|what success/failure determines her ability to negotiate terms with the figures at the water's edge

## 🎲 Dice
Sioned ferch Cai PRESENCE: 1d20+2 → [4]+2 = **6** vs DC 14 → **FAILURE** (what success/failure determines her ability to negotiate terms with the figures at the water's edge)

## ✍ DM Response
In the twilight of Avalon's shoreline, where the sea whispers secrets to the sands, you find yourself standing before three enigmatic figures. The parchment with its cryptic inscription lies discarded at your feet, a symbol of your defiance and desire for resolution.

The figures regard you with an air that is both ancient and eternal, their eyes reflecting the flickering dance of the moonlight upon the water. They seem unperturbed by your audacious gesture, each maintaining an icy stillness that belies their true nature.

One steps forward, his form shimmering like a wraith as he reaches for the parchment. His touch leaves no trace, yet you feel an involuntary shiver ripple through your bones. The parchment transforms in his grasp, the ink bleeding and twisting into new shapes before resolving into two names that were not there before: Morgan le Fay and Nimue Inwudu.

You sense a presence behind you, something that was hidden among the reeds, now emerging to confront you. The air grows heavy with dread, and a feeling of imminent danger weighs upon your shoulders. Yet, you steel yourself against fear, knowing that flight would only delay the inevitable.

The figure holding the parchment looks back at the approaching menace, his face twisting into a grimace. He speaks in a voice that echoes through the night, the words resonating with an otherworldly power. "These names are not to be trifled with," he warns, "yet you have come seeking their aid. Be warned, mortal: they may grant your request, but at what cost?"

As dawn approaches, the fate of your negotiations hangs in the balance. The figures await your answer, their patience as unwavering as the standing stones that guard this mystical land. Will you accept their terms, or will you risk venturing deeper into Avalon's mysteries, knowing full well that every step brings you closer to the heart of darkness?

## 📋 Summary
In the twilight of Avalon's shoreline, Merlin, Morgan le Fay, and Nimue Inwudu, enigmatic figures of ancient lore, confronted the intruding mortal. After examining a cryptic parchment left by the mortal as a symbol of defiance, Morgan and Nimue appeared on the parchment, names unknown before. As a hidden menace emerged, Merlin warned the mortal of the potential costs of seeking aid from these powerful sorceresses, leaving the mortal to decide whether to accept their terms or venture deeper into Avalon's mysteries. The outcome remained uncertain as dawn approached.
