# Player Turn: Sioned ferch Cai — I walk straight to the three figures at the water. I open the ledger to the impossible entry and lay it flat before them like a deed of settlement. I say: I know what this debt is. I came here to close the account. Name your price and I will pay it — but I am leaving before dawn.
**Campaign:** Avalon  **Session:** session3  **Scene:** scene3  **File:** turn_001.md  **Time:** 2026-04-21 22:50:13 UTC

## 🔍 What Happened
**Characters:**
1. Sioned ferch Cai - Currently, she is standing at the shoreline in Avalon, holding a glowing parchment with two words that were not written by her. She has until dawn to find her way back.

**Recent Events:**
- Sioned found Nimue at the edge of the pool behind the outer chapel and showed her the two mysterious words. Nimue claimed they were written through Sioned. After a moment, Sioned stepped through the space that opened between the letters.
- Sioned ended up in Avalon, where she encountered three figures waiting for her at the water's edge. Behind her, something is following in the reeds.

**Acting Character:**
**Sioned ferch Cai** - Daughter of Caius ap Llywarch, Sioned has a Devotion of NEUTRAL (not specified yet). She is a skilled and intelligent individual who knows that she possesses something powerful with the two mysterious words. Her current situation is uncertain as she finds herself in Avalon, needing to negotiate with the three figures at the water's edge to cross back before dawn.

## ⚖ Rules Assessor
ROLL|Sioned ferch Cai|OFFERING|1d20+Sioned's_modifier|DC=14|what success/failure determines if the offering is received as intended

## 🎲 Dice
No roll required. Focus the scene on: Sioned ferch Cai — I walk straight to the three figures at the water. I open the ledger to the impossible entry and lay it flat before them like a deed of settlement. I say: I know what this debt is. I came here to close the account. Name your price and I will pay it — but I am leaving before dawn.

## ✍ DM Response
In the waning twilight of Avalon's dreamscape, you find yourself standing before three ethereal figures, their visages as ephemeral as the mist that surrounds them. The glowing parchment, now a beacon in your trembling hands, reveals the two cryptic words that have transported you to this realm.

You lay it flat before them like a deed of settlement, your voice steady yet tinged with trepidation. "I know what this debt is," you say, addressing the intangible as if they were solid beings. "I came here to close the account." Your words hang in the air, weaving around the figures as if trying to bind them to their promise.

A moment of silence passes, the only sound the distant lapping of waves against the shore. Then, one figure steps forward, a spectral vision that seems to shift and twist like moonlight on water. "Your knowledge is commendable," it intones, its voice an echo of ancient wisdom. "But we have no need for payment."

A sudden gust of wind whips through the scene, snatching the parchment from your hands and sending it billowing across the sands. The figure continues, "You have fulfilled your part of the bargain by crossing into our realm. Now, return to yours before dawn or be forever trapped here."

The sky above darkens as if in response to their words, the first stars beginning to twinkle amidst the gathering gloom. You feel a chill run down your spine, and the sense of something following in the reeds grows more urgent. Time is running out, and you must act quickly. Will you be able to find a way back before dawn claims you for Avalon? Or will you become another lost soul bound to this mystical land?

## 📋 Summary
In the dreamscape of Avalon, you presented a glowing parchment to ethereal figures, confessing your understanding of an unpaid debt. Despite your offering, they refused payment and commanded you to return before dawn, or risk being trapped forever in their realm. As twilight deepened, the chill of impending danger grew stronger, urging you to find a way back before dawn's approach.
