# Player Turn: Sioned ferch Cai — I walk straight to the three figures at the water. I open the ledger to the impossible entry and lay it flat before them like a deed of settlement. I say: I know what this debt is. I came here to close the account. Name your price and I will pay it — but I am leaving before dawn.
**Campaign:** Avalon  **Session:** session3  **Scene:** scene3  **File:** turn_001.md  **Time:** 2026-04-21 22:51:41 UTC

## 🔍 What Happened
Characters:
1. Sioned ferch Cai - Currently, Sioned is standing at the shore of Avalon with a glowing parchment containing two words. She has entered Avalon unintentionally through a door that opened when Nimue touched the parchment. She has until dawn to find her way back.

Recent Events:
1. Sioned found Nimue at the edge of the standing pool behind the outer chapel and showed her the two mysterious words on a parchment. Nimue claimed that Sioned did not write them, but rather they were written through her. Upon touching the parchment, the space between the letters widened like a door, and Sioned stepped through into Avalon.

Acting Character: Sioned ferch Cai
- Sioned is the daughter of Caius ap Llywarch, a descendant of Lancelot du Lac with a Devotion for The Sword. She is currently in possession of a mysterious parchment containing two words that hold some significance.
- Her Devotion does not appear to be specified in the provided files, but based on her actions and the world's structure, it can be inferred that she may also have a connection to Arthurian legends or magic.
- Sioned is standing at the shore of Avalon, where three figures are waiting for her with conditions for crossing a half-submerged coracle. She must either pay them with an offering, trick them with her cunning, or look for a second door. There is also something following her in the reeds, getting closer. Sioned has until dawn to find her way back.

## ⚖ Rules Assessor
ROLL|Sioned ferch Cai|OFFERING|1d20+N|14|what success/failure determines if her offering is received as intended

## 🎲 Dice
No roll required. Focus the scene on: Sioned ferch Cai — I walk straight to the three figures at the water. I open the ledger to the impossible entry and lay it flat before them like a deed of settlement. I say: I know what this debt is. I came here to close the account. Name your price and I will pay it — but I am leaving before dawn.

## ✍ DM Response
In the waning hours of twilight, the reeds swayed as the breath of Avalon whispered through them, carrying with it an inescapable sense of the unnatural. The coracle, a vessel half-embraced by the water's edge, awaited your approach, its occupants watching you intently.

You, Sioned ferch Cai, strode forth with purpose, the parchment clutched tightly in your hands. Upon reaching the waiting figures, you presented them with the artifact that had brought you here, the very evidence of their debt now laid before them like a deed to a long-lost inheritance.

A silence descended upon the scene as the three figures exchanged glances. One spoke, a voice deep and resonant, "You come bearing a debt, maiden. We have names: Gwyn ap Nudd, Lord of Annwn; Rhiannon, the queen of this enchanted realm; and Owain, the bard who sings our tales. You seek to close an account, but what price are you willing to pay for your freedom?"

You stood firm, meeting their gaze with unwavering resolve, "I am willing to pay any price that allows me to leave before dawn."

The three exchanged glances once more, then Gwyn ap Nudd spoke again, his voice solemn, "We demand an offering, a token from your world. Something of value to you, but also something that will serve as a reminder of this encounter. If we deem it sufficient, you may depart."

You considered their terms for a moment, weighing the cost against the time you had left. In that instant, a sense of urgency surged within you, and you knew what you must do to secure your freedom. With a swift motion, you reached into your cloak and withdrew an ornate brooch—a gift from your father, Caius ap Llywarch, emblazoned with the crest of the Lion Rampant. Offering it to Gwyn ap Nudd, you said, "This is all I have that holds any value for me."

The three figures conferred once more, their eyes never leaving the brooch in your hand. Time seemed to slow as they debated your offering's worthiness. At last, Rhiannon spoke, her voice soft yet authoritative, "Your token is accepted, Sioned ferch Cai. You have until dawn to depart."

As you turned to leave, a cold breeze swept across the water, and you felt a presence behind you—the thing that had been following you in the reeds. You knew it was not yet time to face whatever lurked there, but as the sun began its descent towards the horizon, the shadows grew long, and the true test of your courage lay ahead.

## 📋 Summary
Gwyn ap Nudd, Lord of Annwn, Rhiannon, queen of Avalon, and Owain, the bard, scrutinized Sioned ferch Cai's ornate brooch. After a prolonged silence, Rhiannon declared, "The Lion Rampant shall serve as a reminder of this encounter. You are free to go before dawn." As the three figures nodded in agreement, Sioned, her heart pounding with relief, returned to the world she once knew, her life forever changed by the secrets of Avalon.
