# Player Turn: Sioned ferch Cai — I walk straight to the three figures at the water. I open the ledger to the impossible entry and lay it flat before them like a deed of settlement. I say: I know what this debt is. I came here to close the account. Name your price and I will pay it — but I am leaving before dawn.
**Campaign:** Avalon  **Session:** session3  **Scene:** scene3  **File:** turn_001.md  **Time:** 2026-04-21 22:52:08 UTC

## 🔍 What Happened
Characters:
1. Sioned ferch Cai - Currently, she is at the shore of Avalon with a glowing parchment containing two mysterious words, facing three figures who are waiting for her to make a move. Behind her, something is following in the reeds.

Recent Events:
- Sioned found Nimue at the edge of the standing pool behind the outer chapel and showed her the two words. Nimue claimed that Sioned did not write them herself but that they were written through her. Sioned then stepped through a door that appeared in the space between the letters.
- In Avalon, Sioned found a coracle half-submerged at the shoreline and three figures waiting for her. Behind her, something is following in the reeds. She has until dawn to find her way back.

Acting Character: Sioned ferch Cai
- Sioned is a descendant of King Arthur's knight, Sir Cai (hence "ferch" meaning daughter of). Her Devotion is not explicitly mentioned in the provided files, but based on her actions and interactions with Nimue, it could potentially be associated with magic or prophecy.
- Sioned is known for her strategic cunning and resourcefulness, as shown by her ability to navigate complex situations and her determination to close accounts (as seen in the current situation where she intends to pay off the three figures at the water's edge).
- She stands as a character who may have ties to the magical or mystical aspects of Avalon, given her ability to step through the door between the two words and her current predicament in Avalon.

## ⚖ Rules Assessor
ROLL|Sioned ferch Cai|OFFERING|1d20+Devotion|DC|what success/failure determines
The Fae see her intention to pay off the debt as an offering. The DM will determine the Devotion rating based on Sioned's actions and the Fae's response.

## 🎲 Dice
No roll required. Focus the scene on: Sioned ferch Cai — I walk straight to the three figures at the water. I open the ledger to the impossible entry and lay it flat before them like a deed of settlement. I say: I know what this debt is. I came here to close the account. Name your price and I will pay it — but I am leaving before dawn.

## ✍ DM Response
As you approach the water's edge, the three figures—shrouded in mist and eerie half-light—stand as silent sentinels against the encroaching dawn. Their eyes, gleaming like polished obsidian, seem to pierce the very fabric of your being. You lay the glowing parchment before them, its words shimmering with an ethereal glow that dances across their faces, illuminating features as ancient and enigmatic as the land itself.

In unison, they speak in voices like wind-whispered secrets: "The price of crossing the Veil is a token of your heart's desire." Your heart pounds in your chest, and you realize that this is no ordinary debt to be settled with coin or treasure. This is something far more profound—a bargain struck between realms, a connection forged across the veil of life and death.

You hesitate, weighing your options. Time ticks away, the sun's first light creeping ever closer to the horizon. In that moment, you remember Nimue's words: these are not your own words but ones written through you. With a deep breath, you make your decision and speak aloud, "I desire only to return to my world—to continue my life as it was before."

The figures exchange a silent glance, their eyes flickering with something that might be approval, or perhaps just understanding. One of them steps forward, reaching for the parchment. As their fingers brush against its surface, you feel an odd sensation coursing through your veins—a tingling like the first frost of winter, a chill that seems to seep into the very core of your being.

The world around you shifts and warps, as if viewed through a kaleidoscope spun by unseen hands. The three figures fade away, their forms melting back into the mist and shadows from whence they came. You find yourself standing on the shores of a strange land—a place where time seems to have no hold and the very air is filled with an otherworldly magic that hums like a distant symphony.

But there is no time to linger, for you must return before dawn breaks. With a sense of urgency, you begin your journey back through the land of Avalon, each step taking you deeper into a world that seems both alien and familiar all at once. As the sun begins to rise, casting its golden light over the horizon, you feel a growing pressure building within you—a force that threatens to tear you apart if you do not reach the Veil before it's too late.

You run, your heart pounding in your chest as the darkness closes in around you. You can feel something following close behind, its presence like a shadow that clings to your heels, threatening to pull you back into the depths of Avalon forever. But with every step, you draw closer to the Veil—to the threshold between worlds. And with each step, you feel the pressure easing, the darkness receding like the tide before the dawn.

Finally, you reach the edge of the water, your breath coming in ragged gasps as you collapse onto the sandy shore. The Veil stretches out before you, shimmering like a gateway to another realm. With one last effort, you force yourself to your feet and step through the portal—into the world that was once yours, but now feels somehow changed, somehow… more.

You stumble back onto familiar ground, the dawn sun casting long shadows across the landscape. As you stand there, heart pounding, you know that nothing will ever be the same again. You have stepped through the Veil and glimpsed the realm of Avalon—a land of magic, mystery, and danger, where mortals tread at their peril. And though the price may have been high, you would do it all again in an instant if only to catch a glimpse of that enchanted realm once more.

## 📋 Summary
You offer the glowing parchment to the ancient figures, who demand a token of your heart's desire in exchange for crossing the Veil. After weighing your options and remembering Nimue's words, you request only to return to your world. As the parchment is touched by one figure, you feel an icy tingling and are transported to a strange land, knowing that you must hurry back before dawn breaks.
