# Player Turn: Sioned ferch Cai — I ignore the waiting figures entirely. The thing in the reeds is the door — I can feel it in the parchment. I turn and walk straight toward it, reading the two words aloud as I go.
**Campaign:** Avalon  **Session:** session3  **Scene:** scene3  **File:** turn_001.md  **Time:** 2026-04-21 22:45:42 UTC

## 🔍 What Happened
Characters:
1. Sioned ferch Cai - Currently, she is in Avalon with the parchment containing two mysterious words that have led her there. She has until the sky lightens to find her way back.

Recent Events:
- Sioned found Nimue at the edge of the standing pool behind the outer chapel, who revealed that the words on the parchment were not written by her but appeared through her. Upon saying the words, a door opened in the space between them. Sioned stepped through and ended up in Avalon.
- In Avalon, Sioned found herself at a grey shore with a coracle as her only means to cross, watched by three mysterious figures. Something is already following her in the reeds.

Acting Character: Sioned ferch Cai
- Sioned is the daughter of Caius ap Llywarch, who is a descendant of Lancelot du Lac and has Devotion: THE SWORD.
- She holds the parchment with two mysterious words that have led her to Avalon.
- She must navigate the conditions set by the three figures at the water's edge in order to cross the coracle or find another way out. The thing following her in the reeds is getting closer, adding urgency to her decision.

## ⚖ Rules Assessor
ROLL|Sioned ferch Cai|VEIL|1d20+3|14|what success/failure determines whether she understands what is hidden about the door and her current location in Avalon.

## 🎲 Dice
Sioned ferch Cai VEIL: 1d20+3 → [17]+3 = **20** vs DC 14 → **SUCCESS** (what success/failure determines whether she understands what is hidden about the door and her current location in Avalon.)

## ✍ DM Response
In the twilight hush of Avalon, the reeds swayed ominously as a spectral figure emerged from their depths, drawing nearer to Sioned with each silent step. The three figures at the water's edge watched her intently, their eyes gleaming like polished gems in the dim light.

Ignoring their presence, you turned your attention to the reeds, feeling the ancient power emanating from them. The words on the parchment echoed in your mind as you spoke them aloud, and a shimmering door materialized before you. The spectral figure halted its advance, fixated on the glowing portal.

As you stepped through the threshold, the world around you transformed. The reeds vanished, replaced by a verdant landscape that seemed to pulse with life. A coracle bobbed gently on the shimmering waters of a nearby pool, beckoning you towards it. The spectral figure followed, its form flickering like a wisp of smoke.

The world of Avalon was strange and wondrous, yet there was an undeniable sense of dread that clung to your heart. You could feel the weight of ancient magic pressing down upon you, as if every breath you took was laced with the whispers of long-forgotten secrets. The spectral figure drew closer still, its intent unknown, and the coracle awaited your decision.

The choice before you was clear: board the coracle and continue your journey through Avalon, or confront the spectral figure and risk an encounter that could change your fate forever. Which path will you choose?

## 📋 Summary
In the twilight of Avalon, Sioned, sensing ancient power from the reeds, spoke words on parchment, summoning a shimmering door. The spectral figure paused, drawn to it; as the world transformed and a coracle beckoned, Sieden faced a choice: continue her journey or confront the specter, risking an unknown encounter that could alter her fate.
