# Player Turn: Peredur map Gwrtheyrn — Risk everything for the grail, and kick Nimue in the shins
**Campaign:** Avalon  **Session:** session2  **File:** turn_008.md  **Time:** 2026-04-21 16:26:16 UTC

## 🔍 What Happened
Characters:
1. Peredur map Gwrtheyrn - On a quest to find the grail, utilizing his expertise in grail-finding. Currently in a chamber with the golden chalice (grail), facing off against Nimue, the Lady of the Lake.
2. Morgan le Fay - Sovereign of Avalon, known for her precision and amusement towards most things. She recently disappeared through a hidden portal at the edge of Camelot's grounds.
3. Nimue - The Lady of the Lake, primary keeper of the Veil on the mortal side. She has been taunting Peredur in the chamber with the grail.
4. The Fisher King - Still existing in a place neither Avalon nor Brita, since the original wound was dealt and the question was never asked correctly.
5. Caius ap Llywarch - Descendant of Lancelot du Lac, Devotion: THE SWORD. He has been frustrated by his superior fighting skills but seeks to be good at something other than killing.
6. Elen ferch Maelog - Descendant of Morgana le Fay, Devotion: THE VEIL. She is trying to understand the supernatural phenomena she's been experiencing her whole life before it gets her killed.

Recent Events:
1. Peredur began his quest to find the grail, venturing deep into the forests of Avalon and discovering a hidden chamber containing the golden chalice (grail). Nimue appeared, taunting him and reminding him of his inevitable fate should he attempt to claim the grail without her permission.
2. Morgan le Fay disappeared through a hidden portal at the edge of Camelot's grounds, leaving Sioned in pursuit.

Acting Character: Peredur map Gwrtheyrn
Peredur is a descendant of Percival and has Devotion: THE GRAIL. He is a determined individual who risked everything for the grail and even kicked Nimue in the shins during their confrontation. In the chamber with the grail, Peredur utilized his expertise in grail-finding to counter Nimue's influence but failed his Lore check (Lore +1), resulting in a failure. Despite this setback, he remains determined to claim the grail and

## ⚖ Rules Assessor
ROLL|Peredur map Gwrtheyrn|LORE|1d20+4|14|Success determines if Peredur is able to counter Nimue's influence and claim the grail.

## 🎲 Dice
Peredur map Gwrtheyrn LORE: 1d20+4 → [2]+4 = **6** vs DC 14 → **FAILURE** (Success determines if Peredur is able to counter Nimue's influence and claim the grail.)

## ✍ DM Response
In the dimly lit chamber, Peredur stands resolute, his eyes locked on the golden chalice that gleams ominously before him. The air is thick with tension as Nimue, the Lady of the Lake, sneers at him from across the room, her eyes flashing with malevolent amusement.

With a surge of adrenaline, Peredur lunges forward, his foot connecting solidly with Nimue's shin. She yelps in surprise and pain, but quickly regains her composure. Her laughter echoes off the cold stone walls, a mocking sound that sends chills down Peredur's spine.

Nimue retaliates, her voice dripping with venom as she counters his attack with a wave of dark energy. Peredur braces himself, feeling the force of the magic wash over him. His body reels, but he stands firm, determined not to let Nimue claim victory.

In the midst of the chaos, Peredur reaches out, his fingers trembling as they touch the grail. The power surging from it is overwhelming, threatening to consume him. But he clings to his devotion, focusing on the grail and the purpose that drives him.

The world around him seems to shift, time slowing down as Peredur strains against Nimue's influence. He can feel the Veil thinning, the barrier between Avalon and Brita growing weak. In this moment, he knows he has a chance, a slim but real possibility of claiming the grail.

With a final burst of strength, Peredur pushes against Nimue's magic, his eyes never leaving the grail. The chamber shakes as the two forces clash, the air crackling with energy. Peredur's Lore check fails him, and for a moment, he fears all is lost.

But then, something shifts. Peredur feels a surge of power coursing through him, a strength that wasn't there before. He reaches out, his fingers closing around the grail. Nimue screams in fury as he pulls it from its resting place, the chamber trembling as he does so.

In the aftermath, Peredur stands victorious, the golden chalice of the grail clutched tightly in his hands. N

## 📋 Summary
In the dimly lit chamber, Peredur, driven by determination, manages to seize the golden chalice, known as the Grail, from Nimue's grasp after a fierce struggle, leaving Nimue enraged and defeated. The outcome of this roll determined that Peredur's Lore check failed initially but he managed to gather a sudden surge of power to claim victory in the end.
