# Player Turn: Peredur map Gwrtheyrn — Peredur has been writing all night and he has finally written the question down. He closes the book, picks up a candle, and goes to find the Fisher King. He does not know if the man is dead or dreaming or somewhere else entirely — but he saw him at the crowd edge and he knows where men like that go when they disappear. He walks to the old shrine at the edge of town that everyone pretends does not exist, and he knocks on the door. He wants to ask his question.
**Campaign:** Avalon  **Session:** session2  **File:** turn_004.md  **Time:** 2026-04-21 21:00:59 UTC

## 🔍 What Happened
CHARACTERS:
- Peredur map Gwrtheyrn: A descendant of Percival, he is on a quest to find the Fisher King and ask the question that will heal him. His current situation is that he is at the old shrine at the edge of town, knocking on the door to ask his question.
- Elen ferch Maelog: A descendant of Morgana le Fay, she can see through the Veil between worlds and has encountered a dark figure in her visions. Her current situation is unknown as she is in another world.
- The Fisher King: He is still alive and exists in a place neither Avalon nor Britannia. His current situation is unknown as he is in a state of dream or unconsciousness.
- Morgan le Fay: Sovereign of Avalon, she has been waiting since Arthur crossed the water and has not found the waiting onerous. She is not an ally or villain but has her own objectives.
- Nimue — The Lady of the Lake: She is the primary keeper of the Veil on the mortal side and will help the party if their interests align. She remembers the original Lancelot and has not yet decided what she thinks of Caius.

RECENT EVENTS:
- Peredur has written down his question to ask the Fisher King and is now at the old shrine, knocking on the door to ask it.
- Elen encountered a dark figure while in a trance-like state through the Veil and felt an overwhelming sense of dread.

ACTING CHARACTER: Peredur map Gwrtheyrn
Peredur is a descendant of Percival, born into a family with a long lineage of knights. He has always been a questioner, asking uncomfortable questions that make people uneasy. This trait led him to write down the question that he believes will heal the Fisher King, who he is now seeking out at an old shrine at the edge of town.

His stats are as follows:
- Blade +0
- Presence +2
- Lore +1
- Ritual +0
- Offering +1
- Veil +1

Peredur's Devotion is THE GRAIL, with a rating of 1. His current stance is that he is determined

## ⚖ Rules Assessor
ROLL|Peredur map Gwrtheyrn|PRESENCE|1d20+2|14|what success/failure affects his ability to communicate effectively with those he meets at the threshold of the Otherworld, and potentially their willingness to respond to him.

## 🎲 Dice
Peredur map Gwrtheyrn PRESENCE: 1d20+2 → [11]+2 = **13** vs DC 14 → **FAILURE** (what success/failure affects his ability to communicate effectively with those he meets at the threshold of the Otherworld, and potentially their willingness to respond to him.)

## ✍ DM Response
In the fading light of twilight, Peredur found himself standing before an ancient shrine, its once grand facade now crumbling and overgrown with ivy. The door, a heavy oak adorned with runes, seemed to loom ominously against the backdrop of a setting sun. With a deep breath, he raised his candle high, casting long shadows that danced upon the ancient stone.

The moment his knuckles made contact with the cold wood, a chill ran through him. His heart pounded in his chest as if trying to escape. The door creaked open slowly, revealing an abyss of darkness within. A faint glow emanated from deeper within, drawing Peredur in like a moth to a flame.

Stepping into the shadows, he found himself in a chamber unlike any other he had ever encountered. The air was thick with an otherworldly energy that hummed softly in his ears. To his left stood a figure shrouded in darkness, its form barely discernible against the wall. As Peredur approached, it stepped forward, revealing itself to be the Fisher King.

His eyes met Peredur's with a piercing gaze, filled with an emptiness that seemed to reach deep into his soul. In that moment, Peredur felt a wave of dread wash over him. His mind raced as he searched for the words he had come to say, but they seemed lost in the darkness around them.

With a trembling voice, Peredur spoke the question he had written so many nights ago: "Who will heal thee, and how shall I know the time?" The words hung heavy in the air, echoing through the chamber. The Fisher King regarded him for what felt like an eternity before responding in a voice that seemed to resonate throughout the world:

"Thou shalt be healed when thou findest me one who is wounded yet not bleeding. In a time when winter's icy grip has loosened its hold and spring's first blossoms bloom anew."

As Peredur turned to leave, the Fisher King spoke again, his voice echoing softly behind him: "And remember, child of Percival, the wound is not always visible."

With a heavy heart, Peredur made his way back through the Veil, the words of the Fisher King ringing

## 📋 Summary
Emerging from the ancient shrine's darkness, Peredur encountered the Fisher King. After Peredur posed his question about healing, the Fisher King foretold that he would be healed upon finding someone wounded yet not bleeding, in a season when winter's grip loosens and spring blooms anew, reminding Peredur that wounds are not always visible.
