# Player Turn: Peredur map Gwrtheyrn — Starts praying to the Emperor of Mankind for the secrets necessary to slay the lady of the lake
**Campaign:** Avalon  **Session:** session2  **File:** turn_006.md  **Time:** 2026-04-21 16:23:49 UTC

## 🔍 What Happened
Characters:
- Elen ferch Maelog, a descendant of Morgana le Fay with Devotion: THE VEIL. She is on a quest to uncover the secrets of gunpowder.
- The alchemist, a weathered man with deep-set eyes who possesses knowledge about various concoctions and elixirs but not gunpowder.
- Sioned ferch Cai, a member of the party with Devotion: THE GRAIL. She is seeking to create a beacon that will allow communication between Camelot and Avalon.
- Morgan le Fay, Sovereign of Avalon. Ageless, precise, amused by almost everything. She has been waiting since Arthur crossed the water and has not found the waiting onerous.
- Nimue, also known as The Lady of the Lake. She is what she chose to become after making a bargain. She is the primary keeper of the Veil on the mortal side and will help the party if their interests align.
- The Fisher King, who exists in a place that is neither Avalon nor Brita.

Recent Events:
1. Elen is trying to recreate gunpowder with the help of an alchemist but fails in her attempt to invoke her Devotion for hidden knowledge about it.
2. Sioned summons Nimue, The Lady of the Lake, seeking aid in creating a beacon for communication between Camelot and Avalon. Nimue requests assistance from Sioned in return.

Acting Character: Peredur map Gwrtheyrn
Peredur is a descendant of Percival with Devotion: THE GRAIL. He is currently praying to the Emperor of Mankind for the secrets necessary to slay the lady of the lake, likely in response to recent events involving Sioned's encounter with Nimue. His stats, as listed in the world/party.md file, are:
BLADE +4 | PRESENCE +2 | LORE +1 | RITUAL +0 | OFFERING +1 | VEIL +1
His Devotion, THE GRAIL, has a rating of 1.

## ⚖ Rules Assessor
ROLL|Peredur map Gwrtheyrn|RITUAL|1d20+4|18|success determines if Peredur can initiate a ritual with Nimue, The Lady of the Lake.

## 🎲 Dice
Peredur map Gwrtheyrn RITUAL: 1d20+4 → [14]+4 = **18** vs DC 18 → **SUCCESS** (success determines if Peredur can initiate a ritual with Nimue, The Lady of the Lake.)

## ✍ DM Response
In the dim light of a small, clandestine chapel, Peredur map Gwrtheyrn kneels before an intricately carved stone statue of the Emperor of Mankind. His fervent prayers echo off the stone walls, filling the space with a palpable sense of intensity. After a moment, the air around him seems to shimmer, and the statue's eyes glow faintly with an otherworldly light.

As Peredur continues his supplication, he feels a sudden surge of energy coursing through his veins. The glow from the statue intensifies, bathing the chapel in a soft, ethereal light. Time seems to slow as he reaches out to touch the cold stone statue, feeling a connection form between them.

In response to Peredur's prayer, the Emperor of Mankind imparts upon him a vision: a series of vivid images depicting the secrets necessary to slay Nimue, The Lady of the Lake. Peredur sees ancient rituals and powerful relics, hidden deep within the heart of Avalon itself. He feels his mind expanding, absorbing this newfound knowledge with an intensity that leaves him breathless.

As the vision fades, Peredur rises from his knees, a determined look in his eyes. He knows what he must do. With a newfound sense of purpose, he prepares to embark on a dangerous journey into Avalon, seeking out the relics and rituals that will enable him to confront Nimue and fulfill his Devotion: THE GRAIL.

The world, however, remains unaware of Peredur's plans. As he sets out, the Veil between Avalon and Brita remains firmly in place, hiding the true dangers that await him on the other side. Peredur must be careful, for one misstep could cost him dearly in his quest to slay Nimue.

## 📋 Summary
In the dimly lit clandestine chapel, Peredur map Gwrtheyrn's fervent prayers to the Emperor of Mankind resulted in a vision, revealing secrets essential to slaying Nimue, The Lady of the Lake. This revelation inspired Peredur to embark on a perilous journey into Avalon, seeking out relics and rituals for his Grail quest, unaware of the hidden dangers that awaited him beyond the Veil.
