# Player Turn: Peredur map Gwrtheyrn — find the grail (i am an expert at grail-finding)
**Campaign:** Avalon  **Session:** session2  **File:** turn_007.md  **Time:** 2026-04-21 16:25:08 UTC

## 🔍 What Happened
Characters:
1. Peredur map Gwrtheyrn - Seeking the grail, received a vision from the Emperor of Mankind about secrets necessary to slay Nimue, The Lady of the Lake, and is preparing to embark on a journey into Avalon.
2. Elen ferch Maelog - On a quest to uncover the secrets of gunpowder, currently in negotiations with an alchemist for assistance.
3. Sioned - Pursuing Morgan le Fay through Camelot and has entered Avalon.
4. Morgan le Fay - Sovereign of Avalon, waiting since Arthur crossed the water and has her own objectives that may intersect or conflict with the party's.
5. Nimue - The Lady of the Lake, primary keeper of the Veil on the mortal side, will help the party if their interests align but may also let them walk into something terrible.
6. The Fisher King - Still exists in a place neither Avalon nor Brita.

Recent Events:
1. Peredur received a vision from the Emperor of Mankind about slaying Nimue and finding relics hidden deep within Avalon.
2. Elen attempted to invoke her Devotion, THE VEIL, in an attempt to perceive hidden knowledge about gunpowder but failed.
3. Sioned entered Avalon after following Morgan le Fay through Camelot.

Acting Character: Peredur map Gwrtheyrn
Peredur is a descendant of Percival and has Devotion THE GRAIL. He is an expert at grail-finding and has recently received a vision from the Emperor of Mankind about the secrets necessary to slay Nimue, The Lady of the Lake. He is preparing to embark on a dangerous journey into Avalon to find the relics and rituals that will enable him to confront Nimue and fulfill his Devotion. His stats are as follows:

- Blade +0
- Presence +2
- Lore +1
- Ritual +0
- Offering +1
- Veil +1
- Devotion: THE GRAIL — Rating 1

## ⚖ Rules Assessor
ROLL|Peredur map Gwrtheyrn|LORE+1|1d20|14|finding the grail success determines the ease of his journey and potential encounters with Fae.

## 🎲 Dice
Peredur map Gwrtheyrn LORE+1: 1d20 → [4] = **4** vs DC 14 → **FAILURE** (finding the grail success determines the ease of his journey and potential encounters with Fae.)

## ✍ DM Response
In response to Peredur's action, he begins his quest to find the grail, utilizing his expertise in grail-finding. He delves deep into the forests of Avalon, following whispers and visions that guide him towards the hidden relics and rituals mentioned in his vision from the Emperor of Mankind.

As he ventures further, the dense foliage gives way to a clearing where an ancient stone circle stands. Peredur feels a surge of energy emanating from the center of the circle, and he approaches cautiously, senses heightened. He reaches out, his fingers brushing against the cold, weathered stones, and suddenly, the world around him shifts.

He finds himself in a vast chamber, high ceilings adorned with intricate carvings depicting scenes of Arthurian legend. In the center lies a pedestal, upon which rests a golden chalice. Peredur knows instantly that this is the grail he has sought.

But as he reaches for it, the chamber begins to shake violently. A voice echoes through the room, cold and menacing, belonging to none other than Nimue, the Lady of the Lake. She taunts him, reminding him of his inevitable fate should he attempt to claim the grail without her permission.

Peredur stands his ground, determined not to be deterred. He calls upon his Devotion, THE GRAIL, and rolls a Lore check (Lore +1), aiming to counter Nimue's influence. The dice roll results in a 4, a failure. Nimue laughs, her laughter echoing through the chamber as she retreats, leaving Peredur with a decision to make: retreat and regroup or press forward, risking everything in pursuit of the grail.

## 📋 Summary
In response to Peredur's approach towards the ancient stone circle in Avalon, Nimue, the Lady of the Lake, confronted him, reminding him of his fate while taunting him about the grail. However, Peredur's Lore check failed (Lore +1, roll result 4), and he was left with a decision: retreat or continue onward, risking everything to claim the grail.
