# Player Turn: Elen ferch Maelog — Elen lets the fire die completely — she has been waiting for the dark. She reaches into the coals with her bare hand, not to feel heat but to feel what has been listening to her since she sat down. She does not speak. She opens the VEIL just a crack, the way she learned to near the lake as a child, and tries to see whose face is on the other side of the thread she can feel pulling.
**Campaign:** Avalon  **Session:** session2  **File:** turn_003.md  **Time:** 2026-04-21 21:00:23 UTC

## 🔍 What Happened
CHARACTERS:
1. Elen ferch Maelog - She is a descendant of Morgana le Fay with a Devotion for THE VEIL. Currently, she is trying to open the Veil in the training yard near Camelot.
2. Caius ap Llywarch - He is a descendant of Lancelot du Lac with a Devotion for THE SWORD. He paces restlessly in the training yard, clutching the sword tightly.
3. Nimue - Known as the Lady of the Lake, she maintains the Veil on the mortal side and keeps the primary knowledge about every Devotion, bloodline, and bargain made at her threshold. She appeared to Caius in the training yard.
4. The Fisher King - He still exists in a place neither Avalon nor Brita since the original wound was dealt and the question was never asked correctly.
5. Morgan le Fay - Sovereign of Avalon, she has been waiting since Arthur crossed the water and has not found the waiting onerous. She disappeared into a hidden portal in Camelot's grounds.

RECENT EVENTS:
1. Caius felt the power surging within him as he turned to face Nimue, who emerged from the shadows in the training yard.
2. Elen sat alone by the dying embers of a fire near Camelot, straining to listen to some whispered secret carried on the wind.

ACTING CHARACTER:
Elen ferch Maelog - A descendant of Morgana le Fay with a Devotion for THE VEIL. Elen is a skilled interpreter who grew up near a lake where she could see things differently. She came south with a Roman surveying party and speaks multiple languages. Currently, she is trying to open the Veil in the training yard near Camelot.
Her stats are as follows: BLAD +0, PRESENCE +1, LORE +2, RITUAL +3, OFFERING +2, VEIL +4. Her Devotion, THE VEIL, has a rating of 1. She stands alone in the training yard, waiting for something unseen after letting the fire die completely.

## ⚖ Rules Assessor
ROLL|Elen ferch Maelog|VEIL|1d20+4|14|what success/failure determines: perceiving the Other-shape of a thing, opening the Veil

## 🎲 Dice
Elen ferch Maelog VEIL: 1d20+4 → [16]+4 = **20** vs DC 14 → **SUCCESS** (what success/failure determines: perceiving the Other-shape of a thing, opening the Veil)

## ✍ DM Response
In the twilight of the training yard, Elen's fingers delved into the cold, ashen remnants of the fire. The air grew heavy with a silence that was not quite still, and her heartbeat echoed in her ears like the tolling of distant bells. As her fingertips brushed against the cold earth, a tremble rippled through her, as if she'd struck some ancient, hidden chord.

The Veil parted before her, revealing a world that was both familiar and alien. The Other-shape of the training yard lay before her, distorted by the veil between worlds. Time seemed to slow, and the world around her took on a surreal, dreamlike quality. Shadows twisted and contorted, taking on lives of their own as they danced in the eerie light that emanated from the Veil.

Then, she saw it. A figure stood atop one of the training pillars, its silhouette as dark and ominous as the night itself. Elen felt her breath catch in her throat, and a shiver ran down her spine. The figure's eyes seemed to pierce through the Veil, locking onto hers, and she felt an overwhelming sense of dread wash over her.

With a quiet determination, Elen stepped closer to the Veil, her gaze never leaving the figure on the pillar. As she drew nearer, the figure began to descend from its perch, each step it took causing the ground beneath Elen's feet to tremble. When it reached the edge of the Veil, it paused, and the air grew colder still.

Elen reached out, her hand trembling as she touched the cold, hard surface of the Veil. In that moment, she could feel a surge of power course through her, like lightning coursing through her veins. The figure on the other side of the Veil took a step closer, and Elen felt her resolve waver for the briefest of moments before it solidified once more.

With a cry that seemed to echo across the ages, Elen pushed against the Veil with all her might. It shimmered and buckled under the force of her will, and then, with a final, thunderous crash, it gave way. The figure on the other side stepped into the training yard, its presence radiating an aura of darkness and malev

## 📋 Summary
Elen breached the Veil, revealing the sinister figure that stood before her in the other-shaped training yard. The encounter left an indelible mark on both characters, as the outcome was yet to unfold in the ensuing battle of wills. The roll of destiny had begun to shape their lives in unforeseen ways.
