# Player Turn: Caius ap Llywarch — Caius stops pacing and drives the practice sword point-first into the dirt. He has been trying to make himself feel nothing and failing. He walks to the edge of the yard where the Fisher King was standing and kneels to look at the ground. He wants to know if the old man left a mark — a footprint, a burn, anything. Then he wants to follow it.
**Campaign:** Avalon  **Session:** session2  **File:** turn_002.md  **Time:** 2026-04-21 20:59:47 UTC

## 🔍 What Happened
CHARACTERS:
1. Caius ap Llywarch - Descendant of Lancelot du Lac, Devotion: THE SWORD. He is a third generation Roman-British who has known since he was twelve that he is the best fighter anyone around him has ever seen. He is currently pacing in the training yard, trying to make himself feel nothing and failing.
2. Elen ferch Maelog - Descendant of Morgana le Fay, Devotion: THE VEIL. She grew up near a lake where things looked different to her and she could see a second surface on the water. She is currently sitting alone by a dying fire, straining to listen to some whispered secret carried on the wind.
3. Peredur map Gwrtheyrn - Descendant of Percival, Devotion: THE GRAIL. He is known for asking questions that make people uncomfortable and has been awake since before dawn, driven by an insatiable thirst for knowledge.
4. Morgan le Fay - Sovereign of Avalon. She is ageless, precise, and amused by almost everything. She has been waiting since Arthur crossed the water and does not consider herself a villain or an ally.
5. Nimue - The Lady of the Lake. She is what Nimue chose to become after making a bargain that shaped her into something that persists. She is the primary keeper of the Veil on the mortal side.
6. The Fisher King - He is still there, existing in a place that is neither Avalon nor Britain, since the original wound was dealt and the question was never asked correctly.

RECENT EVENTS: Sioned followed Morgan le Fay through a hidden portal into Avalon after she disappeared from Camelot.

ACTING CHARACTER: Caius ap Llywarch is a descendant of Lancelot du Lac with the Devotion of THE SWORD. He is currently in the training yard, pacing restlessly and trying to make himself feel nothing, while holding THE SWORD tightly in his hands. He wants to know if the old man (presumably referring to The Fisher King) left a mark when he was there, and then he wants to follow it.

## ⚖ Rules Assessor
ROLL|Caius ap Llywarch|BLADE|1d20+4|14|Success determines if he finds a mark left by The Fisher King

## 🎲 Dice
Caius ap Llywarch BLADE: 1d20+4 → [12]+4 = **16** vs DC 14 → **SUCCESS** (Success determines if he finds a mark left by The Fisher King)

## ✍ DM Response
As you kneel on the hardened earth, the faint imprint of a boot stands out before you - a relic of a time long past. The iron-laced leather, worn and weathered, tells a tale of an era where knights roamed and legends walked amongst mortals. You reach out, your fingers tracing the outline, feeling the weight of history pressing into your palm.

The ground under you trembles subtly, a gentle rumble that echoes through the air like distant thunder. The sky darkens as if in response, casting long shadows across the training yard. A shiver runs down your spine, and the hairs on your arms stand on end, sensing the presence of something unseen.

You rise, clutching THE SWORD tightly, feeling its power surging within you. Your heart beats faster, and adrenaline courses through your veins as you turn to face whatever approaches. A figure emerges from the shadows, dressed in robes that shimmer with an ethereal glow - it is Nimue, the Lady of the Lake.

Her eyes pierce through the darkness, fixing upon you. "You have sought out what should not be found," she says, her voice echoing like a whisper carried on the wind. "The path you have chosen will lead to peril and mystery. The question must be asked correctly if the Fisher King is to be healed."

Her words hang heavy in the air, a weight upon your shoulders that threatens to crush you beneath its burden. You stand tall, gripping THE SWORD more tightly still, knowing that you have embarked on a journey from which there can be no turning back. The fate of Britain rests upon your shoulders, and with it, the future of Avalon.

## 📋 Summary
Nimue, the Lady of the Lake, reveals herself to the knight after he uncovers an ancient sword, foretelling a perilous journey ahead. The knight, now armed with THE SWORD, must ask the right question to heal the Fisher King and save Britain and Avalon's future.
