# Player Turn: Dorian Ashgrove — Dorian, hands still trembling, pulls out his flask and drinks. Then he opens his notebook again and writes one sentence very carefully: the angles are wrong and I can prove it. He underlines it twice. He does not look at the crack.
**Campaign:** Ravenmoor  **Session:** session8  **Scene:** scene3  **File:** turn_005.md  **Time:** 2026-04-26 04:53:51 UTC
**DDS task_id:** fe2c949a-e89e-4ae0-a790-e1af9cf52ce9

## 🔍 What Happened
CHARACTERS:
- Vera (unspecified situation)
- Emmett (traced impossible geometry in St. Aldric's crypt)
- Dorian Ashgrove (transcribed the ancient incantation, growing uneasy)
- Sister Isolde Carrow (performed an exorcism, facing an unseen entity)
- Father Vane (performed a rite that holds the door, affecting his sleep)

RECENT EVENTS: The flooding that sealed the mine eight months ago has partially drained. A crack appeared in the iron doors leading to a sealed chamber where the party now stands. An unseen entity responded to Sister Isolde's challenge, causing a cold wind to sweep through the room and extinguishing torch flames.

ACTING CHARACTER: Dorian Ashgrove is a character who transcribed an ancient incantation and grew increasingly uneasy during recent events. His stats, Devotion, and current situation are not explicitly stated in the provided files. However, based on his actions, he appears to be a scholar or researcher, possibly with skills related to ancient texts and languages. Dorian seems distressed due to his findings regarding the angles being wrong and the presence of something unsettling behind the crack in the door.

## ⚖ Rules Assessor
ROLL|Dorian Ashgrove|cosmic_dread|evidence|the angles are wrong and I can prove it means the proof falls apart

## 🎲 Dice
Dorian Ashgrove Intelligence (cosmic_dread): 1d20+3 → [9]+3 = **12** vs DC 11 → **SUCCESS**
  ↳ Compartmentalises. Knows something new that cannot be unknowed.
  ↳ the angles are wrong and I can prove it means the proof falls apart

## ✍ DM Response
In the dim light of the chamber, Dorian Ashgrove's trembling hands pour the contents of his flask into an outstretched palm, as if offering a peace to the darkness that loomed beyond the cracked door. His eyes dart from the crevice to the parchment in front of him, where he meticulously writes and underlines his revelation: "the angles are wrong and I can prove it."

The cold wind that swept through the room during Sister Isolde's exorcism continues to whisper around Dorian, making his parchment dance with spectral tendrils. He clutches it tightly, eyes locked on the written words, attempting to ignore the unseen entity that seems to grow more active with each passing moment.

The ink on the parchment begins to smudge and flow, as if responding to the eerie presence. Dorian's heart races as he watches his own handwriting morph into a foreign language, one that he has never seen before but somehow recognizes. He fights the urge to look at the crack in the door, focusing instead on deciphering the shifting text before him.

As Dorian struggles to comprehend the implications of this revelation, the chamber seems to hum with an unnatural energy. The torches flicker and sputter, their flames growing dimmer by the second. A sudden gust of icy wind extinguishes one completely, plunging the room into darkness save for the faint glow from the remaining torches.

Dorian's hand, still clutching the parchment, shakes violently as he realizes that whatever lies beyond that door is growing stronger. He can feel it watching him, feeding off his fear and confusion. With a trembling breath, Dorian closes his eyes, focusing on the words before him. He must find a way to prove that the angles are wrong, or risk losing himself to the darkness forever.

## 🎭 Character Impact
NO_CHANGE
NO_CHANGE
CONDITION|Dorian Ashgrove|the angles are wrong and I can prove it means the proof falls apart
NO_CHANGE
NO_CHANGE
NO_CHANGE

## 📋 Summary
Dorian Ashgrove attempted to decipher an otherworldly language appearing on his parchment as the chamber's torches flickered and dimmed, the unseen entity beyond the door growing stronger, feeding off his fear and confusion.
