# Player Turn: Dorian Ashgrove — Dorian opens his notebook and begins trying to sketch what he sees — the crack, the light that is not light, the geometry of the door frame which he now notices does not meet at right angles despite obviously meeting at right angles. He presses his pencil to paper and forces himself to write down exactly what he is perceiving, as evidence, as record, because if he stops writing he will have to think about what it means.
**Campaign:** Ravenmoor  **Session:** session8  **Scene:** scene3  **File:** turn_002.md  **Time:** 2026-04-26 04:44:24 UTC
**DDS task_id:** d4343dab-7be7-4fba-af2e-8c003275614f

## 🔍 What Happened
CHARACTERS:
- Vera (a member of the party)
- Emmett (a member of the party)
- Father Vane (performed a rite that holds the door in Aldwick Mine)
- Sister Isolde (performed an exorcism in Aldwick Mine)
- Dorian Ashgrove (transcribing ancient incantations and feeling increasingly uneasy)

RECENT EVENTS:
The flooding that sealed Aldwick Mine eight months ago has partially drained. The party stands in the lowest accessible chamber where they find the iron doors are warm to the touch, not like heated stone but something breathing on the other side. There is a crack in the door, not present before, and an unidentifiable sound is heard from it.

ACTING CHARACTER: Dorian Ashgrove
Dorian Ashgrove is a member of the party who is currently transcribing ancient incantations while feeling increasingly uneasy. His stats are not provided in the files. He follows his Devotion to record and analyze everything, even when it makes him uncomfortable or forces him to confront unsettling truths. Right now, he's trying to sketch what he sees and feel from the crack in the door, focusing on every detail as evidence for future reference.

## ⚖ Rules Assessor
ROLL|Dorian Ashgrove|cosmic_dread|evidence|bad: fails to sketch the impossible geometry

## 🎲 Dice
Dorian Ashgrove Intelligence (cosmic_dread): 1d20+3 → [14]+3 = **17** vs DC 11 → **SUCCESS**
  ↳ Compartmentalises. Knows something new that cannot be unknowed.
  ↳ bad: fails to sketch the impossible geometry

## ✍ DM Response
As Dorian Ashgrove begins to sketch what he sees through the crack in the door, his mind is filled with a sense of unease that only intensifies as he tries to capture the impossible geometry on paper. The light from the other side seems to dance and warp, defying all logic and reason. He feels a cold chill run down his spine, and the air around him grows heavy and oppressive.

Suddenly, the crack in the door widens, revealing a figure on the other side. It is a woman, dressed in tattered robes that are stained with what appears to be blood. Her face is twisted into a mask of terror and agony, and her eyes burn with an otherworldly light. Dorian's heart races as he watches her struggle against an unseen force, her body twisting and contorting in ways that defy the laws of nature.

Suddenly, the figure collapses to the ground, and the door slams shut with a deafening crash. Dorian feels a wave of relief wash over him, but he knows that whatever he just witnessed is far from over. He looks around at his fellow party members - Vera, Emmett, Father Vane, and Sister Isolde - and sees the same fear and confusion in their eyes.

As they stand there, frozen in terror, Dorian can't help but feel a sense of dread settling over him. He knows that whatever is on the other side of that door is not of this world, and he fears that if they don't find a way to stop it, Ravenmoor may never be the same again. He resolves to continue his transcription and analysis of the ancient incantations, hoping that they may hold the key to defeating whatever darkness has been unleashed upon them.

As the group continues to explore the mine, they come across a chamber filled with strange symbols etched into the walls. Dorian recognizes them as being similar to the ones he has been transcribing, and he feels a sense of urgency to decipher their meaning before it's too late. He begins to work feverishly, his mind racing as he tries to piece together the puzzle that lies before him.

As he delves deeper into the incantations, Dorian begins to feel a strange presence lurking in the shadows. It seems to be watching him, whispering dark secrets into his ear and filling him with a sense of despair and hopelessness. He tries to shake it off, but the feeling only grows stronger as he continues to work.

Finally, after what feels like an eternity, Dorian believes he has cracked the code. He reads aloud the incantation he has deciphered, and as he does so, the air around him grows colder and darker. The shadows seem to coalesce into a tangible form, and Dorian can feel the presence of something malevolent watching him from the darkness.

Suddenly, the ground beneath them begins to shake violently, and the mine trembles as if in the grip of an earthquake. The party is thrown to the ground, and debris showers down around them. Dorian clings to his notebook, terrified that he may lose the precious knowledge he has gained.

As the shaking subsides, the group slowly makes their way back to the surface, battered and bruised but still alive. They emerge from the mine to find Ravenmoor in chaos - the villagers are running screaming through the streets, their faces twisted with terror. The dead are rising from their graves, their eyes burning with an otherworldly light.

Dorian can only watch in horror as the village he once called home is torn apart by a darkness beyond comprehension. He knows that whatever they have unleashed upon Ravenmoor cannot be contained, and he fears that there may be no hope of stopping it. But he also knows that he must try, for the sake of himself and his fellow party members, and for the sake of Ravenmoor itself.

As Dorian prepares to face the darkness once more, he can't help but feel a sense of despair settling over him. He knows that the odds are stacked against them, and that they may not survive this ordeal. But he also knows that they have no choice - they must fight on, or risk losing everything they hold dear. And so, with a heavy heart, Dorian Ashgrove takes up his pen once more, determined to uncover the truth behind the darkness that has befallen Ravenmoor, and find a way to banish it forever.

## 🎭 Character Impact
CDP|Dorian Ashgrove|1
DREAD|Dorian Ashgrove|1

## 📋 Summary
Dorian Ashgrove intensified his efforts in deciphering ancient symbols within a chamber, hoping to find a solution to the otherworldly terror unleashed upon Ravenmoor. The outcome remains uncertain as he works feverishly to unlock their meaning before it's too late.
