# Player Turn: Vera Nighthollow — Vera steps toward the crack and opens herself completely — not looking, not listening, but perceiving in the way her grandmother taught her. She lets her defences fall. She wants to know what she is dealing with. She wants to know what it wants. Her grandmother told her the name of this kind of thing. She says the name inwardly and reaches.
**Campaign:** Ravenmoor  **Session:** session8  **Scene:** scene3  **File:** turn_003.md  **Time:** 2026-04-26 04:45:44 UTC
**DDS task_id:** 9a1568ea-3bff-465b-bc94-9ff500e623f6

## 🔍 What Happened
CHARACTERS:
- Vera Nighthollow: A character who has opened herself up to perceive something otherworldly, following her grandmother's teachings. She wants to understand what she's dealing with.
- Emmett: Traced impossible geometry in St. Aldric's crypt and felt living heat beneath the cold stone.
- Dorian Ashgrove: Transcribing an ancient incantation, growing increasingly uneasy.
- Sister Isolde: Performed an exorcism in Aldwick Mine that drove a spectral entity back.
- Father Vane: His runes glow faintly with an unknown color, and he performed the rite that holds the door, costing him sleep.

RECENT EVENTS:
- The flooding that sealed the mine eight months ago has partially drained.
- A crack in the door has appeared, and a woman dressed in tattered robes was seen through it before it closed again.

ACTING CHARACTER: Vera Nighthollow
Vera Nighthollow is a character in this story who is seeking to understand an otherworldly entity. She possesses psychic abilities taught by her grandmother and has been warned not to let the entity learn her shape. Her stats or specific abilities are not explicitly stated, but it's clear that she plays a significant role in the party's encounter with the unknown force behind the door. Currently, Vera is standing with the rest of the party, trying to perceive what lies beyond the mysterious crack in the door.

## ⚖ Rules Assessor
ROLL|Vera Nighthollow|cosmic_dread|true_form|perceiving the true form of the entity

## 🎲 Dice
Vera Nighthollow Intelligence (cosmic_dread): 1d20+4 → [13]+4 = **17** vs DC 23 → **FAILURE**
  ↳ Gain 1 CDP. One previously held belief becomes uncertain.
  ↳ perceiving the true form of the entity

## ✍ DM Response
In response to Vera's actions, a sudden chill fills the air as the veil between worlds seems to thin. The crack in the door widens slightly, revealing a glimpse of the darkness beyond. As she reaches out, Vera's senses are overwhelmed by an otherworldly presence that feels both ancient and malevolent.

A whispering voice echoes within her mind, a chill running down her spine as it speaks her grandmother's name. The presence seems to know her, to understand the connection she has forged with the spirit world. It taunts her, teasing her with promises of power and knowledge if she submits to its will.

Vera's defenses crumble under the weight of this onslaught, and her mind rebels against the intrusion. She fights back, clinging to her beliefs and the teachings of her grandmother. A silent battle rages within her as she struggles to maintain control over her own thoughts.

The presence recoils at Vera's resistance, retreating back into the darkness beyond the door. The crack in the door slams shut with a thunderous crash, the sound echoing through the mine like a warning. The air clears, and the oppressive presence is gone, but Vera remains shaken by her encounter.

As she stands there, panting and disoriented, she realizes that something has changed. Her connection to the spirit world feels stronger, more tangible than ever before. But it also feels dangerous, unpredictable, and filled with darkness. She knows now that whatever lies beyond that door is not to be trifled with, and that she must tread carefully if she hopes to learn more about this otherworldly force.

## 🎭 Character Impact
CDP|Vera Nighthollow|2
DREAD|Vera Nighthollow|1
NO_CHANGE
NO_CHANGE
NO_CHANGE
NO_CHANGE

## 📋 Summary
Vera Nighthollow summoned a malevolent presence from another realm, causing a brief manifestation of the darkness beyond the mine's door. However, her resistance forced it to retreat, leaving Vera with an enhanced connection to the spirit world that now seems both powerful and ominous.
