# Player Turn: Sioned ferch Cai — I walk straight to the three figures at the water. I open the ledger to the impossible entry and lay it flat before them like a deed of settlement. I say: I know what this debt is. I came here to close the account. Name your price and I will pay it — but I am leaving before dawn.
**Campaign:** Avalon  **Session:** session3  **Scene:** scene3  **File:** turn_001.md  **Time:** 2026-04-21 23:06:44 UTC

## 🔍 What Happened
Characters:
- Sioned ferch Cai
- Nimue (mentioned, but not named in the provided files)
- Three unnamed figures at the water's edge
- Something following in the reeds (not named)

Recent Events:
Sioned found Nimue by the standing pool behind the outer chapel and showed her the two mysterious words. After a long silence, Nimue said that Sioned did not write those words; they were written through her. Sioned stepped through the shifting space between the words, ending up in Avalon before dawn.

Acting Character: Sioned ferch Cai
Sioned is a descendant of Kay/Cai ap Cynyr and has Devotion for The Table. She is skilled in managing things and keeping records, including a ledger with an entry she cannot account for. Sioned is currently at the shoreline in Avalon, holding the mysterious parchment with two words that glow faintly. She must find her way back before dawn while dealing with the three figures waiting at the water's edge who likely have conditions to accept her payment.

## ⚖ Rules Assessor
ROLL|Sioned ferch Cai|ABILITY|1d20+3|DC|14

## 🎲 Dice
Sioned ferch Cai ABILITY: 1d20+3 → [14]+3 = **17** vs DC 14 → **SUCCESS** (14)

## ✍ DM Response
In the hush of twilight's wane, you find yourself standing before three enigmatic figures, silhouetted against the dimming glow of Avalon's sky. They are as ancient as the land itself, their faces etched with lines that speak of countless stories untold. You lay down the ledger, its pages fluttering in the breeze, revealing the impossible entry you cannot explain.

The air around you crackles with an energy that makes your heart race. The figures study the ledger, their eyes never leaving yours. Time seems to slow as they deliberate, each moment stretching into an eternity. A shiver runs down your spine, and you feel a presence lurking in the reeds behind you, its intentions hidden but palpable.

The elder of the three speaks, his voice a low rumble that echoes off the surrounding landscape. "You come to us with a ledger bearing an entry written by one who did not write it. You seek closure for a debt that transcends mortal understanding. We will grant your request, but at a price."

He extends a gnarled hand towards you, offering you a small stone. It pulses with a faint light, matching the glow of the parchment in your hands. "This is the Key to Avalon. Keep it, and you can return whenever you wish. But know this: each time you cross the Veil, you weaken its hold on this world."

The other two figures step forward, their faces contorted into expressions of sorrow and warning. "Do not underestimate the consequences of your actions, child of Cai ap Cynyr," they say in unison. "Avalon is a place of magic and mystery, but also of danger. Once you have tasted its wonders, there is no turning back."

You take the stone, feeling its power coursing through your veins. The warning lingers in your mind as you turn away from the figures, walking towards the water's edge. As you reach the shore, you glance back one last time, watching the figures fade into the gloom, their voices still echoing in your ears.

The sun dips below the horizon, plunging Avalon into darkness. You close your eyes and clasp the Key to Avalon tightly, feeling a sudden surge of energy coursing through you as you step into the water. When you open your eyes again, you find yourself back in the familiar world, the glow of the parchment dimming with each passing moment.

As dawn breaks, you realize that your journey has only just begun. The world of Avalon is waiting, and with it, answers to questions long buried beneath the sands of time. But as you look back at the place where you left the Key, a feeling of unease settles in your heart, the echoes of the warnings still lingering in your mind.

## 📋 Summary
Sioned ferch Cai received the Key to Avalon from three ancient figures, granting her access to the mystical land at a cost. The act of crossing the Veil was warned to have unforeseen consequences, potentially weakening its hold on this world and forever altering her fate.
