# Session Summary: session6
**Campaign:** Ravenmoor  **Session:** session6  **File:** session_summary.md  **Time:** 2026-04-21 04:48:49 UTC

## 📚 Turn Files
turn01_opening.md
turn02_the_well.md
turn03_father_vane_confession.md
turn04_the_true_name.md
turn05_the_cost.md
turn06_the_sealing.md

## ✍ turn01_opening.md
In the gloomy village of Ravenmoor, as dawn broke, an ethereal figure emerged from a well, its eyes fixated on Dorian Ashgrove's traitorous ally. Vera Nighthollow declared the entity older than their village and language itself. The entity revealed it had manipulated Ravenmoor for centuries, weaving a web of deceit since the village's founding. A hidden traitor among them sought its power, placing the party at a crossroads, with loyalty to Ravenmoor or personal gain at stake, as they faced an ancient entity that threatened their future.

## ✍ turn02_the_well.md
In the predawn hours of Ravenmoor, an ancient well mysteriously began filling with water, causing chills among the party who observed it. Father Vane, standing opposite the well, watched the group intently, his eyes burning with a mysterious fire. Sister Isolde approached the well with trepidation, sensing the malevolent energy emanating from it. Dorian studied Father Vane warily, while Emmett examined the well with curiosity and excitement. Vera stood at the edge of the crowd, sensing spectral figures nearby and feeling the water's call to darkness. The air around them thickened with tension as they stood on the cusp of uncovering Ravenmoor's secrets.

## ✍ turn03_father_vane_confession.md
In the haunted halls of Father Vane's crumbling church, four strangers listened to his confession that shook their foundations. Sister Isolde's faith wavered, Dorian Ashgrove scribbled furiously, Emmett Grave remained unfazed, and Vera Nighthollow whispered an ominous "This is going to be interesting." The gathering dispersed, leaving the church heavier with unspoken dread.

## ✍ turn04_the_true_name.md
In the desolate heart of Ravenmoor, under the Ashfen Marshes, Casimir Voss, visibly burdened, revealed the true name that tormented the village for years. Sister Isolde Carrow, with a successful Religion check, found guidance in ancient scriptures, while Dorian Ashgrove, seeking understanding, took notes meticulously. Emmett Grave, filled with curiosity and trepidation, nearly touched the parchment before hesitating, and Vera Nighthollow, otherworldly eyes gleaming, observed from afar, sensing the power contained within. The village's fate hung in the balance as the true name was exposed.

## ✍ turn05_the_cost.md
In the heart of a mine chamber, deep within Ashfen Marsh, the party, led by Father Vane and Casimir Voss, faced an impending seal. Amidst uncertainty, Casimir defied Vane's decision, expressing solidarity with Isolde. Sister Carrow sought Dorian's counsel but found none. Emmett remained silent, while Vera, recalling a dream, mentioned a name linked to the chamber. As shadows danced on the walls, the party prepared for Fear Saves, bracing themselves for the horrors within Ravenmoor's depths.

## ✍ turn06_the_sealing.md
Dorian emerged from the mine shaft into Ravenmoor's desolate silence, where the villagers gathered in the square. Vera noticed the name on Casimir's paper had vanished, and she felt the entity's lingering presence. Isolde stood guard over the sealed mine shaft with Father Vane, feeling a mix of relief and dread. Emmett scanned the village, sensing the unknown weight bearing down on them. The darkness that once haunted Ravenmoor had been lifted but still loomed in the shadows, threatening to return should they falter.

## 🧠 Session Writer
In the eerie gloom of Ravenmoor's dawn, an ethereal figure emerged from a well, its gaze locked onto Dorian Ashgrove's traitorous ally, sending chills down the spines of all who witnessed it. Vera Nighthollow, her eyes wide with astonishment, declared the entity older than their village and language itself, manipulating Ravenmoor for centuries since its founding. A hidden traitor among them sought its power, placing the party at a crossroads, with loyalty to Ravenmoor or personal gain at stake.

As the sun began to rise, an ancient well inexplicably filled with water, causing fear to ripple through the group. Father Vane stood opposite the well, his eyes burning with a mysterious fire, while Sister Isolde approached the well with trepidation, sensing the malevolent energy emanating from it. Dorian studied Father Vane warily, while Emmett examined the well with curiosity and excitement. Vera stood at the edge of the crowd, her otherworldly eyes fixed on spectral figures nearby and feeling the water's call to darkness.

In the haunted halls of Father Vane's crumbling church, four strangers listened to his confession that shook their foundations. Sister Isolde's faith wavered, Dorian Ashgrove scribbled furiously, Emmett Grave remained unfazed, and Vera Nighthollow whispered an ominous "This is going to be interesting." The gathering dispersed, leaving the church heavier with unspoken dread.

In the desolate heart of Ravenmoor, under the Ashfen Marshes, Casimir Voss, visibly burdened, revealed the true name that tormented the village for years. Sister Isolde Carrow, with a successful Religion check, found guidance in ancient scriptures, while Dorian Ashgrove, seeking understanding, took notes meticulously. Emmett Grave, filled with curiosity and trepidation, nearly touched the parchment before hesitating, and Vera Nighthollow, otherworldly eyes gleaming, observed from afar, sensing the power contained within. The village's fate hung in the balance as the true name was exposed.

In the heart of a mine chamber, deep within Ashfen Marsh, the party, led by Father Vane and Casimir Voss, faced an impending seal. Amidst uncertainty, Casimir defied Vane's decision, expressing solidarity with Isolde. Sister Carrow sought Dorian's counsel but found none. Emmett remained silent, while Vera, recalling a dream, mentioned a name linked to the chamber. As shadows danced on the walls, the party prepared for Fear Saves, bracing themselves for the horrors within Ravenmoor's depths.

Dorian emerged from the mine shaft into Ravenmoor's desolate silence, where the villagers gathered in the square. Vera noticed the name on Casimir's paper had vanished, and she felt the entity's lingering presence. Isolde stood guard over the sealed mine shaft with Father Vane, feeling a mix of relief and dread. Emmett scanned the village, sensing the unknown weight bearing down on them. The darkness that once haunted Ravenmoor had been lifted but still loomed in the shadows, threatening to return should they falter. As the sun set, the party stood at the precipice of a new dawn, the battle against the ancient entity far from over. The hook into the next session: In the days following their harrowing encounter with the ancient entity, the party must deal with the fallout and uncover more about the hidden traitor among them, all while preparing for another confrontation that threatens not only Ravenmoor but the entire realm.
