# Turn: The water from the well is now flowing uphill through the village streets toward the mine entrance — the same image from Session 5, but reversed. The entity is following its own reflection home. Casimir Voss appears at the edge of the square. He has been awake all night. He holds a piece of paper with a single word written on it. He says it is the true name — the name the entity asked for across eleven years of questions at the boundary. He found it in the oldest record in the manor. The question was never a threat. It was a request. It wanted someone to remember its name so it could finally enter the chamber and end. Roll Religion DC 19 Isolde. Roll Arcana DC 16 Vera.

**Campaign:** Ravenmoor  **Session:** session6  **File:** turn04_the_true_name.md  **Time:** 2026-04-21 04:45:21 UTC

## 🧠 Thinker
NARRATIVE: In Ravenmoor, the village is under a chilling reversal as the well's water flows uphill, a sign that an otherworldly entity has intensified its presence in the Ashfen Marshes. Casimir Voss, a tormented soul, emerbers at the village square with a crucial piece of information: the true name of the entity, found in the manor's oldest record.

CHARACTERS: The party consists of Sister Isolde Carrow (a fallen cleric), Dorian Ashgrove (a disgraced investigator), Emmett Grave (a graverobber/archaeologist), and Vera Nighthollow (a witch).

RULES: This encounter will require a Religion check (DC 19) for Sister Isolde, to discern the implications of the entity's request for its true name. Additionally, an Arcana check (DC 16) is needed for Vera Nighthollow, as she may decipher any hidden meanings or consequences associated with the revelation of the entity's true name.

TOOLS: Rules query: "What does a successful Religion DC 19 check do for Sister Isolde?"
Campaign files to read: "Ravenmoor_Manor_Records.docx", "Entity_Lore.txt"
Dice notations: d20+19 (Religion), d20+16 (Arcana)

## 🔍 Critic
Revised Plan:
NARRATIVE: In Ravenmoor, a gothic dread permeates the air as the village is under a chilling reversal, with the well's water flowing uphill, a sinister sign of an otherworldly entity intensifying its presence in the Ashfen Marshes. The villagers huddle together, their faces etched with fear and anticipation. Casimir Voss, a tormented and haggard man, emerges at the village square, awake all night, clutching a piece of parchment with a single word written on it - the true name of the entity. The villagers watch him warily, whispering amongst themselves that he had disturbed something ancient and malevolent in the manor's depths.

CHARACTERS: The party consists of Sister Isolde Carrow (a fallen cleric), Dorian Ashgrove (a disgraced investigator), Emmett Grave (a graverobber/archaeologist), and Vera Nighthollow (a witch).

RULES: This encounter will require a Religion check (DC 19) for Sister Isolde, to discern the implications of the entity's request for its true name. A successful check may allow her to understand the power held within the name and potential strategies to combat the entity. Additionally, an Arcana check (DC 16) is needed for Vera Nighthollow, as she may decipher any hidden meanings or consequences associated with the revelation of the entity's true name, including its origins and nature.

TOOLS:
- Dice notations: d20+19 (Religion), d20+16 (Arcana)
- Rules query: "What does a successful Religion DC 19 check do for Sister Isolde?"
- Campaign files to read: "Ravenmoor_Manor_Records.docx", "Entity_Lore.txt"
- Additional gothic atmosphere can be evoked by describing the eerie darkness of the village, the distant howls of wolves echoing through the marshes, and the oppressive atmosphere that seems to weigh heavily on everyone's shoulders. The party may also encounter visions or omens related to the entity as they explore the manor and delve deeper into its secrets.

## ⚖ Rules Lawyer
Query: "What does a successful Religion DC 19 check for Sister Isolde reveal about the implications of the entity's true name?"


The rulebook search query 'What does a successful Religion DC 19 check for Sister Isolde reveal about the implications of the entity's true name?' did not yield a direct answer in the provided Ravenmoor rulebook. However, it is mentioned that 'If the PC succeeds on a Religion (Ritual) check against a difficulty set by the Keeper, they learn one truth about the entity' (pg. 109). The exact implications of the entity's true name would likely be determined by the Keeper based on their own campaign design.

## 📚 Campaign Files
Read: world/party.md, rules/core_mechanics.md, rules/fear_and_dread.md

### world/party.md
# The Party

## Sister Isolde Carrow — Fallen Cleric
A former healer of St. Aldric's order who lost her faith after failing to save a dying child. Carries a silver holy symbol she no longer believes in. Her divine magic still works — which terrifies her. Dry wit, compulsive caretaker, terrified of being responsible for another death.
*Relevant traits: Medicine +5, Religion +4, Insight +4. Advantage on saves vs. undead fear effects. Disadvantage on Wisdom saves when she witnesses suffering.*

## Dorian Ashgrove — Disgraced Investigator
Former crown investigator, dismissed for

## 🎲 Dice
d20+19 → [17]+19 = **36**
d20+16 → [15]+16 = **31**

## 📋 Action Summary
In the oppressive gloom of Ravenmoor, the village is gripped by an unnatural chill as water flows uphill through its streets, inverting the very fabric of reality and signaling a dark presence's intensifying hold on the Ashfen Marshes. Casimir Voss, a man haunted by his own discoveries, emerges from the shadows at the village square, clutching a parchment bearing the true name of the entity that has long tormented the villagers - a name he found hidden in the manor's ancient records.

Sister Isolde Carrow, a fallen cleric grappling with her faith, succeeds in her Religion check (d20+19 → 36) and discerns that the entity's true name holds immense power, potentially offering the means to either combat or control the supernatural force. Meanwhile, Vera Nighthollow, a witch versed in forbidden arts, also succeeds on her Arcana check (d20+16 → 31), deciphering hidden meanings and consequences associated with the revelation of the entity's name, such as its origins and nature. The party stands at a pivotal moment, with the fate of Ravenmoor hanging in the balance as they face an otherworldly terror that has finally revealed itself.

## ✍ DM Prose
In the heart of Ravenmoor, under the oppressive canopy of the Ashfen Marshes, a frigid wind whispers through the deserted streets, carrying with it the eerie scent of damp earth and decay. The villagers huddle in their homes, their eyes wide with fear as water flows uphill, defying the very laws of nature, streaming through the village like veins filled with darkest blood.

At the center of this macabre spectacle stands Casimir Voss, his face etched with the weight of a thousand nightmares and an exhaustion borne from many sleepless nights. He holds aloft a tattered parchment, its ink faded but still legible: the true name that has haunted Ravenmoor for over a decade. His voice carries across the square, wavering with emotion as he declares, "This is what it sought all along—to be remembered. It asked, and now it knows."

The air hangs heavy with dread, pressing down on the shoulders of Sister Isolde Carrow. Her heart races, but her hands remain steady as she recalls ancient scriptures that speak of entities bound by their names. A successful Religion check (d20+19) illuminates a path forward, though one fraught with peril and power. She whispers to herself, "A name holds the essence—to know it is to wield it."

Across the square, Dorian Ashgrove watches Casimir intently. He has seen many things that defy explanation, but this…this feels different. The parchment in Voss's hands holds the key to understanding the horror that grips Ravenmoor, and he knows it. He grabs his notebook, determined to uncover the truth, no matter the cost.

Emmett Grave, ever the curious archaeologist, approaches Casimir cautiously. His heart pounds in his chest as he looks at the parchment, but he feels a strange sense of excitement. This is what he has been seeking—the unknown, the forbidden. He reaches out, almost touching the paper, before hesitating. His years of grave-robbing have taught him that some things are better left buried.

Vera Nighthollow, her eyes glowing with an otherworldly light, studies Casimir from a distance. She can feel the
