# Turn: The descent. The party and Father Vane return to the mine chamber. The entity is already there — arrived through the water, filling the depression completely. It is still, the way it was before, but the stillness is different now. Not predatory. Waiting. Casimir reads the name from the paper. The entity begins to dissolve — not violently, like dying, but slowly, like remembering how to stop existing. Father Vane takes up position at the chamber entrance. The party must leave now. Dorian is last up the shaft. He looks back once. Father Vane raises one hand. Not a wave. A held gesture. The stone closes. The water in the village streets stops. Ravenmoor is silent for the first time in eleven years. End on Vera standing in the square. The paper is still in Casimir's hand. The name on it has faded to nothing.

**Campaign:** Ravenmoor  **Session:** session6  **File:** turn06_the_sealing.md  **Time:** 2026-04-21 04:47:54 UTC

## 🧠 Thinker
NARRATIVE: The party finds themselves in a chilling climax, as they return to the mine chamber where an otherworldly entity resides. Upon the entity's arrival and the reading of a significant paper by Casimir, the entity begins to dissolve, leaving the party with a sense of unease and mystery.

CHARACTERS: The main characters involved are Sister Isolde Carrow (a fallen cleric), Dorian Ashgrove (a disgraced investigator), Emmett Grave (a graverobber/archaeologist), Vera Nighthollow (a witch), and Father Vane, who plays a crucial role in this confrontation.

RULES: This scene will primarily focus on investigation and social interaction mechanics, with the DCs for reading the entity's intent or persuading Father Vane to allow them to stay varying based on the players' characters and their charisma scores. Fear saves may also be applicable as the entity continues to dissolve, causing a sense of distress among the party members.

TOOLS: Rules query needed: "What is the DC for reading the entity's intent?" Campaing files to read: "MineChamberEncounter.txt", "EntityDissolution.txt". Dice notations: d20 + Charisma modifier for investigation and social checks; d10 for fear saves if applicable.

## 🔍 Critic
Revised Plan:

NARRATIVE: The party encounters a chilling climax as they return to the mine chamber, where an otherworldly entity resides. Upon the entity's arrival and Casimir reading the significant paper, the entity begins to dissolve, leaving the party with a sense of unease and mystery.

CHARACTERS: The main characters involved are Sister Isolde Carrow (a fallen cleric), Dorian Ashgrove (a disgraced investigator), Emmett Grave (a graverobber/archaeologist), Vera Nighthollow (a witch), Father Vane, who plays a crucial role in this confrontation, and the otherworldly entity.

RULES: This scene will primarily focus on investigation and social interaction mechanics. The DC for reading the entity's intent is determined by the player's character level and Wisdom score (DC = 10 + twice the character level + Wisdom modifier). Players may also make a Charisma check (DC = 15 + Father Vane's Wisdom modifier) to persuade him to allow them to stay. Fear saves may be applicable as the entity continues to dissolve, causing a sense of distress among the party members (DC = 15 + twice the character level + Wisdom modifier).

TOOLS: Rules query needed: "What is the DC for reading the entity's intent?" Campaing files to read: "MineChamberEncounter.txt", "EntityDissolution.txt". Dice notations: d20 + Charisma modifier for investigation and social checks; d10 for fear saves if applicable. Additionally, the DM may use a fog machine or dim lighting to create a gothic atmosphere during this encounter.

## ⚖ Rules Lawyer
Query: "What is the DC for reading the entity's intent?"


The DC for reading an entity's intent is not explicitly stated in the provided rulebook excerpt. It may be determined by the Game Master based on the specific situation and the character's attributes.

## 📚 Campaign Files
Read: campaign/Ravenmoor/session1/scene_arrival.md, rules/investigation.md, rules/fear_and_dread.md

### campaign/Ravenmoor/session1/scene_arrival.md
# Session 1 — Arrival in Ravenmoor: A Gothic Horror Tale

The rain pelted against the party as they disembarked from their carriage at the Crossed Road junction, a desolate and eerie place that seemed to drip with a foreboding energy. The relentless downpour had painted the iron cross that marked the junction an ominous shade of rust, and the number "11 DAYS" was etched into the signpost with a desperate urgency.

**Sister Isolde Carrow**, her hood pulled low over her face to shield herself from the elements, felt a shiver run down her spine as 

## 🎲 Dice
No dice rolled.

## 📋 Action Summary
In this turn of the Gothic Horror TTRPG session, the party returns to the mine chamber where an otherworldly entity resides. Upon Casimir's reading of a significant paper, the entity begins to dissolve, causing unease and mystery among the group. The party must leave immediately, with Father Vane stationed at the chamber entrance. Dorian is the last to exit, looking back once before Father Vane raises a held gesture. As they emerge from the mine shaft, the water in the village streets stops, leaving Ravenmoor silent for the first time in eleven years. Vera remains standing in the square, with the name on the paper she found having faded to nothing. The DC for reading the entity's intent is determined by the player's character level and Wisdom score (DC = 10 + twice the character level + Wisdom modifier). Players may also make a Charisma check (DC = 15 + Father Vane's Wisdom modifier) to persuade him to allow them to stay. Fear saves may be applicable as the entity continues to dissolve, causing distress among the party members (DC = 15 + twice the character level + Wisdom modifier).

## ✍ DM Prose
As Dorian emerged from the mine shaft, the oppressive silence of Ravenmoor enveloped him like a shroud. The rain had ceased, and the once murky waters that coursed through the village streets now lay still, mirroring the eerie calm that hung over the cursed village. The flickering lanterns of the Aldwick Inn cast their ghostly glow upon the desolate landscape, the spectral light dancing off the weathered stones of the crumbling buildings.

Vera stood in the village square, her eyes fixed on the fading paper clutched tightly in Casimir's hand. The name that had once been etched upon it had all but vanished, leaving only a ghostly imprint that seemed to whisper secrets long lost to time. She could feel the presence of the entity lingering in the air, its malevolent energy still resonating within the very marrow of Ravenmoor.

Isolde, her heart heavy with the weight of her faith and her failure, knelt by Father Vane's side as he stood guard over the sealed mine shaft. The fallen cleric could not help but feel a sense of relief wash over her as she watched the entity dissolve, but it was quickly replaced by an overwhelming dread that gnawed at her very soul. She knew that this was far from over—the darkness that had been unleashed upon Ravenmoor would not so easily be banished.

Emmett, ever the pragmatist, stood apart from the others, his eyes scanning the village with a keen gaze. The graverobber could feel the weight of the unknown bearing down on them, and he knew that their work was far from complete. With a steely resolve, he resolved to face whatever horrors lay ahead, determined to uncover the truth behind Ravenmoor's curse once and for all.

As the party stood in the silent village, the oppressive weight of the darkness that had been lifted lingered in the air like a specter, threatening to consume them all should they falter in their resolve. The night was young, and the shadows cast by the flickering lanterns seemed to dance with malevolent intent, taunting the party as they prepared to face whatever lay ahead.
