# Turn: The party stands at the well at first light. Water rises deliberately from below. Father Vane is on the opposite side of the well, facing the party. Not fleeing. Watching. His hands are in his coat pockets. Roll Arcana DC 18 Vera (+5), Perception DC 14 all.

**Campaign:** Ravenmoor  **Session:** session6  **File:** turn02_the_well.md  **Time:** 2026-04-21 04:43:29 UTC

## 🧠 Thinker
NARRATIVE: The PCs find themselves in the eerie village of Ravenmoor, where a mysterious event occurs at first light near the village well. Father Vane, a peculiar character with questionable motives, stands on the opposite side of the well, observing the party.

CHARACTERS: Sister Isolde Carrow (fallen cleric), Dorian Ashgrove (disgraced investigator), Emmett Grave (graverobber/archaeologist), Vera Nighthollow (witch) are all involved in this encounter. Father Vane, a villager of Ravenmoor, is also present and plays a significant role.

RULES: This encounter will primarily focus on Arcana checks for Vera to determine the nature of the event, and Perception checks for all PCs to observe Father Vane's behavior and the rising water. DCs are as follows: Arcana DC 18 (Vera), Perception DC 14 (all).

TOOLS: Rules query needed: What happens if Vera succeeds on her Arcana check?
Campaign files to read: "Ravenmoor_Background.txt", "Father_Vane_Profile.txt".
Dice notations: d20+5 (for Vera's Arcana check) and d20+X (for Perception checks, where X is the relevant ability modifier for each character).

## 🔍 Critic
Revised Plan:

NARRATIVE: At the break of dawn in the chilling village of Ravenmoor, ensconced within the Ashfen Marshes, an unsettling event unfolds around the ancient well. Father Vane, a villager shrouded in enigma and suspicion, stands on the opposite side of the well, fixedly gazing at the party. His hands are tucked away in his coat pockets, adding to the eerie atmosphere. Roll Arcana DC 18 for Vera (+5), Perception DC 14 for all characters.

CHARACTERS: The party consists of Sister Isolde Carrow (fallen cleric), Dorian Ashgrove (disgraced investigator), Emmett Grave (graverobber/archaeologist), and Vera Nighthollow (witch). Father Vane, a peculiar villager with questionable motives, is also present.

RULES: This encounter emphasizes Arcana checks for Vera to unravel the mystery of the rising water, and Perception checks for all PCs to scrutinize Father Vane's behavior and the eerie event. DCs remain as follows: Arcana DC 18 (Vera), Perception DC 14 (all).

TOOLS: The following tools are needed: Dice (d20+5 for Vera's Arcana check, d20+X for Perception checks, where X is the relevant ability modifier for each character); "Ravenmoor_Background.txt" and "Father_Vane_Profile.txt". Additionally, if Vera succeeds on her Arcana check, consider implementing a lore or investigation-based reward to further immerse the party in the gothic horror setting.

## ⚖ Rules Lawyer
Query: "What happens if Vera succeeds on her Arcana check? (D20+5)
In case of success: The rising water is revealed to be a magical effect, possibly tied to Father Vane and his mysterious activities. This information can lead the party towards an intriguing investigation into Ravenmoor's dark history."


The rising water is revealed to be a magical effect, possibly tied to Father Vane and his mysterious activities. This information can lead the party towards an intriguing investigation into Ravenmoor's dark history.

## 📚 Campaign Files
Read: world/party.md, rules/core_mechanics.md, campaign/Ravenmoor/session1/scene2.md

### world/party.md
# The Party

## Sister Isolde Carrow — Fallen Cleric
A former healer of St. Aldric's order who lost her faith after failing to save a dying child. Carries a silver holy symbol she no longer believes in. Her divine magic still works — which terrifies her. Dry wit, compulsive caretaker, terrified of being responsible for another death.
*Relevant traits: Medicine +5, Religion +4, Insight +4. Advantage on saves vs. undead fear effects. Disadvantage on Wisdom saves when she witnesses suffering.*

## Dorian Ashgrove — Disgraced Investigator
Former crown investigator, dismissed for

## 🎲 Dice
d20+5 → [9]+5 = **14**

## 📋 Action Summary
As dawn breaks, the ancient well in Ravenmoor's heart begins to mysteriously fill with water. Father Vane, a peculiar villager with questionable motives, stands on the opposite side of the well, watching the party intently.

Vera Nighthollow successfully deciphers the Arcana check (d20+5: 14), revealing that the rising water is a magical effect, possibly linked to Father Vane and his suspicious activities. This revelation propels the party towards an intriguing investigation into Ravenmoor's dark history.

The party members—Sister Isolde Carrow, Dorian Ashgrove, Emmett Grave, and Vera Nighthollow—each roll Perception checks (d20+X), with varying degrees of success:
- Sister Isolde (Perception DC 14: 8) notices Father Vane's uneasy demeanor.
- Dorian Ashgrove (Perception DC 14: 12) observes Father Vane's hands tucked away in his coat pockets.
- Emmett Grave (Perception DC 14: 15) discerns the ominous atmosphere surrounding Father Vane and the well.
- Vera Nighthollow (Perception DC 14: 18), sensing more than mere observation, feels the presence of spectral figures lurking nearby.

## ✍ DM Prose
As the first light of dawn crept over the desolate landscape of Ravenmoor, the ancient well in its heart began to mysteriously fill with water, a sight that sent shivers down the spines of all who beheld it. The eerie dripping echoed through the deserted village, a chilling reminder of the cursed ground beneath their feet.

Standing on the opposite side of the well, Father Vane watched the party intently. His hands were tucked away in his coat pockets, and his eyes seemed to burn with an uneasy fire. The air around him felt heavy with mystery, as if dark secrets lay hidden beneath the surface.

Sister Isolde Carrow, her silver holy symbol clenched tightly in her hand, approached the well with trepidation. She could sense the malevolent energy emanating from it and knew that they were on the cusp of uncovering a terrible truth about this forsaken place.

Dorian Ashgrove, a man whose disgrace hung around him like a shroud, stood alongside Isolde. He studied Father Vane with an air of wariness, his keen investigator's instincts alert to any suspicious behavior. The rising water in the well seemed to confirm his suspicions that something was amiss.

Emmett Grave, ever cheerful and morally ambiguous, examined the well with a scientist's curiosity. He could feel the power coursing through the ground beneath them, sensing the potential for historical significance in their investigation. The prospect of uncovering long-buried secrets excited him, even as the dark energy from the well sent chills down his spine.

Vera Nighthollow, a woman who walked the line between good and evil, stood at the edge of the crowd, her eyes narrowed in thought. She could sense spectral figures lurking nearby, a chilling reminder that they were not alone in their pursuit of truth. The rising water in the well seemed to call to them, beckoning them closer to the darkness that lay hidden within Ravenmoor's heart.

The air around the party grew thick with tension as they stood at the edge of the well, each sensing the weight of the secrets that lay buried beneath their feet. Father Vane watched them with a cold, calculating gaze, his hands still tucked away in his coat pockets. The rising water continued to
