# Turn: The cost: to speak the true name aloud in the mine chamber, one person must stay behind to hold the seal while the others leave. The chamber will close. It will not reopen. Father Vane volunteers immediately — he says this was always his ending, he has known it since the nails first rusted. But Casimir Voss also steps forward. He says he has no family, no future in the manor, nothing to return to. And Vera realises something: she has heard this name before. In a dream. Her grandmother spoke it. She does not know what that means yet. Roll Persuasion DC 18 if anyone tries to argue Father Vane out of it. Roll Perception DC 15 to notice what Vera just noticed.

**Campaign:** Ravenmoor  **Session:** session6  **File:** turn05_the_cost.md  **Time:** 2026-04-21 04:46:54 UTC

## 🧠 Thinker
NARRATIVE: The party finds themselves in a perilous situation within the eerie Ravenmoor, where they must confront the ancient curse of the mine chamber that demands a sacrifice. As the party members grapple with their own motivations, secrets from the past start to unravel, leading them closer to an imminent doom.

CHARACTERS: The party consists of Sister Isolde Carrow (fallen cleric), Dorian Ashgrove (disgraced investigator), Emmett Grave (graverobber/archaeologist), and Vera Nighthollow (witch). Sister Isolde, once a devout servant of the church, has fallen from grace due to her unorthodox methods. Dorian Ashgrove is a man haunted by his past failures, seeking redemption. Emmett Grave delves into the forbidden to satiate his insatiable curiosity about the past. Vera Nighthollow, armed with dark powers, is tormented by visions of her grandmother and the secrets she holds.

RULES: This scene involves a Persuasion check (DC 18) to convince Father Vane not to sacrifice himself, as well as a Perception check (DC 15) for players to notice that Vera recognized something about the name in question from her grandmother's dreams. Fear saves may also be relevant if the tension and atmosphere of the mine chamber cause distress among the party members.

TOOLS: D&D 5e rules query needed: "Persuasion skill checks" and "Perception skill checks." Campaign files to read: "Ravenmoor_Campaign.pdf" and "Chapter3-TheMineChamber.txt". Dice notations: d20 for Persuasion checks, and d20 + Proficiency bonus for Perception checks.

## 🔍 Critic
Review:

1. Correct wrong DCs or missing mechanics: The DC for the Persuasion check seems appropriate, but I would suggest adjusting the Perception DC to 18 to match the importance of Vera's revelation. Also, consider adding a Wisdom (Insight) check for the party members to understand the gravity of Father Vane's decision and potential fear saves as you mentioned.

2. Add gothic atmosphere the thinker missed: To enhance the gothic atmosphere, I would suggest incorporating the sound of dripping water, distant echoes, and a growing sense of claustrophobia as they venture deeper into the mine chamber. The air could feel colder, and strange shadows might dance on the walls. As Father Vane volunteers to stay behind, he could offer a chilling prayer in a voice that reverberates ominously through the chamber.

3. Confirm/revise the tool list: The tools you've listed are adequate for this scene. I would add the D&D 5e rules query "Wisdom (Insight) skill checks" to the list, as well as the Campaign files "Ravenmoor_Campaign.pdf" and "Chapter3-TheMineChamber.txt". To clarify dice notations: d20 for Persuasion checks, Wisdom (Insight) checks, and Perception checks; d20 + Proficiency bonus for Perception checks.

## ⚖ Rules Lawyer
Query: "Rulebook Search Query: "Persuasion skill checks (DC 18), Perception skill checks (DC 18 or higher), Wisdom (Insight) skill checks, D&D 5e rules for fear saves, gothic atmosphere elements such as dripping water, distant echoes, claustrophobia, colder air, strange shadows, and an ominous prayer."

Campaign files to read: "Ravenmoor_Campaign.pdf" and "Chapter3-TheMineChamber.txt". Dice notations: d20 for Persuasion checks, Wisdom (Insight) checks, and Perception checks; d20 + Proficiency bonus for Perception checks."


{
  "response": "{\"action\":\"result\",\"result\":\n\"Perusing the Ravenmoor_Campaign.pdf and Chapter3-TheMineChamber.txt files: \\n\\n\"\n \t\t  \t   \t \t  \t  \t  \t  \t  \t  \t  \t  \t  \t  \t  "
}

## 📚 Campaign Files
Read: world/party.md, rules/core_mechanics.md, rules/fear_and_dread.md

### world/party.md
# The Party

## Sister Isolde Carrow — Fallen Cleric
A former healer of St. Aldric's order who lost her faith after failing to save a dying child. Carries a silver holy symbol she no longer believes in. Her divine magic still works — which terrifies her. Dry wit, compulsive caretaker, terrified of being responsible for another death.
*Relevant traits: Medicine +5, Religion +4, Insight +4. Advantage on saves vs. undead fear effects. Disadvantage on Wisdom saves when she witnesses suffering.*

## Dorian Ashgrove — Disgraced Investigator
Former crown investigator, dismissed for

## 🎲 Dice
No dice rolled.

## 📋 Action Summary
This turn, the party finds themselves in the ominous depths of the mine chamber within Ravenmoor. A heavy atmosphere pervades the space, filled with dripping water, distant echoes, and an oppressive sense of claustrophobia. The air grows colder, and strange shadows dance upon the walls.

Father Vane, despite the urgings of his fellow party members, insists on staying behind to hold the seal as the chamber closes—an act he sees as his predestined end, having known it since the first rusting of the nails. Meanwhile, Casimir Voss steps forward, revealing that he too has no family or future in the manor and nothing to return to. Sister Isolde, Sister Carrow, notices something significant about the name mentioned—she believes she heard it before in a dream from her grandmother.

A Wisdom (Insight) check is needed for the party members to understand the gravity of Father Vane's decision, and a Perception check may reveal Vera's revelation to others. The tension mounts as fear saves could be triggered by the supernatural horror unfolding before them.

## ✍ DM Prose
In the heart of the mine chamber, a catacomb hewn from the Ashfen Marsh's cold embrace, the party stood united yet fractured by uncertainty. The oppressive weight of Ravenmoor bore down upon them, its gothic atmosphere seeping into every pore—dripping water echoed through the darkness, distant whispers reverberated off ancient stone, and an icy chill permeated the air.

The chamber began to close in around them, the heavy stone doors creaking as they slowly sealed their fate. Father Vane, eyes locked upon the impending seal, stood resolute. His hands trembled slightly, but his resolve never wavered; this was his ending, he had known it since the first rusted nail.

Casimir Voss, a man without a future in the manor, stepped forward, challenging Father Vane's decision. His gaze met Isolde's, and she felt a strange connection, a sense of familiarity that she could not quite place. A moment passed between them, filled with unspoken words, before Casimir spoke aloud, "I will stay."

Sister Carrow, her heart heavy with the weight of responsibility, looked to Dorian for help. But his paranoia clouded his judgment, and he could offer no counsel. Emmett remained silent, his cheerful demeanor replaced by a grim acceptance of the impending doom. Only Vera, sensing something in the name mentioned, spoke up, "I heard this name before...in a dream...from my grandmother."

As the party prepared to face their darkest fears, the shadows danced upon the walls like the spectral remnants of those who had come before. The air grew colder still, and the oppressive atmosphere seemed to close in around them, pressing down with an unyielding force. The Fear Saves would come soon, testing their resolve, and the party knew that they must steel themselves for the horrors awaiting within Ravenmoor's depths.
