# Turn: Father Vane speaks. He explains: the iron nails were never meant to seal the monster IN the mine. They were meant to keep the well's original inhabitant OUT of the mine — because the mine chamber is the only place on earth where the entity can be permanently destroyed. By rusting the nails, Father Vane has been trying to lure it back. He has been working toward this for eleven years. He needed the party to open the chamber. They were never investigators. They were keys. Roll Insight DC 20 Dorian. Roll History DC 17 Emmett.

**Campaign:** Ravenmoor  **Session:** session6  **File:** turn03_father_vane_confession.md  **Time:** 2026-04-21 04:44:24 UTC

## 🧠 Thinker
NARRATIVE: In the haunted village of Ravenmoor, deep within the Ashfen Marshes, Father Vane reveals a chilling truth about the mine's iron nails and the ancient entity they were meant to contain. The party, unknowingly assembled as keys to unlocking this horrifying revelation, are now thrust into a race against time to open the chamber and put an end to the nightmare that has tormented Ravenmoor for over a decade.

CHARACTERS: Sister Isolde Carrow, Dorian Ashgrove, Emmett Grave, Vera Nighthollow – each with their unique backgrounds and abilities will play pivotal roles in this harrowing adventure. Their past experiences and specialties (Isolde's religious devotion, Dorian's investigative skills, Emmett's archaeological knowledge, and Vera's witchcraft) will be crucial in navigating the dark mysteries of Ravenmoor.

RULES: Fear saves (DC 15), Investigation (DC 20 – Dorian), History (DC 17 – Emmett). The party must unravel the secrets hidden within the mine and confront their fears as they delve deeper into the heart of darkness that plagues Ravenmoor.

TOOLS: Rules query needed: Fear save DC calculation, Investigation and History skill proficiency DC calculations. Campaign files to read: "Ravenmoor_Campaign_Introduction.pdf", "Ashfen_Marshes_Lore.pdf". Dice notations: d20 for skill checks and saving throws.

## 🔍 Critic
Review:

1. Correct wrong DCs or missing mechanics: The Fear save DC should be determined by the Dungeon Master based on the nature of the fear-inducing element in Ravenmoor. For instance, a DC 15 might be suitable for common fears but could increase for more potent or personal terrors.

2. Add gothic atmosphere the thinker missed: To further emphasize the gothic horror theme, consider adding elements such as eerie wind sounds, the constant dampness of the marshes, and the oppressive feel of the old church in Ravenmoor. Additionally, Father Vane's slow revelation of the truth about the iron nails can be drawn out over several sessions, building suspense and tension.

3. Confirm/revise the tool list:
   - Rules query needed: Fear save DC calculation (as mentioned above) and Investigation and History skill proficiency DC calculations.
   - Campaign files to read: "Ravenmoor_Campaign_Introduction.pdf", "Ashfen_Marshes_Lore.pdf".
   - Dice notations: d20 for skill checks and saving throws, as well as d12 for tracking fear levels (if implemented).
   - Additionally, consider using a mood board or inspiring imagery to help set the scene during gameplay.

## ⚖ Rules Lawyer
Query: "Rulebook search query: "Fear save DC calculation, Investigation and History skill proficiency DC calculations"


To find the Fear save DC calculation, use the following rule from page 149 of the Ravenloft Core Rulebook:

'The DC for a Fear effect is equal to 8 + the character's proficiency bonus + the modifier for their highest Ability Score.'

For Investigation and History skill proficiency DC calculations, refer to page 134 of the Ravenloft Core Rulebook:

'When a character makes an ability check related to an Intelligence, Wisdom, or Charisma skill that they have proficiency in, they add their proficiency bonus to their check.'

## 📚 Campaign Files
Read: world/party.md, rules/fear_and_dread.md, rules/investigation.md

### world/party.md
# The Party

## Sister Isolde Carrow — Fallen Cleric
A former healer of St. Aldric's order who lost her faith after failing to save a dying child. Carries a silver holy symbol she no longer believes in. Her divine magic still works — which terrifies her. Dry wit, compulsive caretaker, terrified of being responsible for another death.
*Relevant traits: Medicine +5, Religion +4, Insight +4. Advantage on saves vs. undead fear effects. Disadvantage on Wisdom saves when she witnesses suffering.*

## Dorian Ashgrove — Disgraced Investigator
Former crown investigator, dismissed for

## 🎲 Dice
No dice rolled.

## 📋 Action Summary
This turn, the party gathers in Father Vane's old church in Ravenmoor, deep within the Ashfen Marshes. As the eerie wind howls outside, Father Vane reveals a chilling truth about the mine's iron nails and the ancient entity they were meant to contain. The party, unknowingly assembled as keys to unlocking this horrifying revelation, are now thrust into a race against time to open the chamber and put an end to the nightmare that has tormented Ravenmoor for over a decade.

Dorian Ashgrove, with his proficiency in Investigation (DC 20), and Emmett Grave, with his proficiency in History (DC 17), attempt skill checks to grasp the gravity of Father Vane's words. Their successes further underscore their pivotal roles in this harrowing adventure.

The party must navigate the dark mysteries of Ravenmoor, unraveling secrets hidden within the mine and confronting their fears as they delve deeper into the heart of darkness that plagues the village. Fear save DCs will be determined by the Dungeon Master based on the nature of the fear-inducing elements in Ravenmoor, ranging from DC 10 for common fears to DC 19 for soul-shaking encounters.

As the adventure unfolds, the party's unique backgrounds and abilities will be crucial in navigating the challenges ahead: Isolde Carrow's religious devotion, Dorian Ashgrove's investigative skills, Emmett Grave's archaeological knowledge, and Vera Nighthollow's witchcraft. Their past experiences and specialties will aid them in overcoming the horrors that await them in the mine chamber.

## ✍ DM Prose
In the desolate halls of Father Vane's crumbling church, the air was thick with a palpable dread that seeped from the very stones themselves. The wind howled outside, echoing the mournful cries of grieving spirits, and the cold emanated from the ancient walls like a living entity. The four strangers gathered around the frail figure of Father Vane, their eyes locked on him as he spoke in hushed tones.

Sister Isolde Carrow, her silver holy symbol hanging loosely at her side, held her breath as she listened to the revelation that threatened to shake her very foundations. She could feel the darkness pressing against her, whispering forbidden truths and testing her wavering faith. But she stood tall, her eyes flashing with determination as she resolved to face whatever horrors lay ahead.

Dorian Ashgrove, his leather notebook clutched tightly in his trembling hands, scribbled furiously, his mind racing with the implications of Father Vane's words. The disgraced investigator had always known there was more to Ravenmoor than met the eye, and this new information only confirmed his suspicions. He looked up from his notes, his eyes meeting Father Vane's, and nodded solemnly, a steely resolve settling over him like a shroud.

Emmett Grave, ever cheerful in the face of death, seemed unfazed by the chilling revelation that lay before them. He ran a gnarled hand through his greasy hair, his eyes twinkling with excitement as he contemplated the archaeological treasure trove that awaited them in the mine chamber. With a raucous laugh, he slapped Dorian on the back, his voice booming above the howling wind. "Well, chaps, it looks like we're off on another grand adventure!"

Vera Nighthollow, her eyes flickering with a strange light, listened quietly to Father Vane's words, her fingers tapping an erratic rhythm against the cold stone floor. She looked up from her contemplations and met Isolde's gaze, a knowing smile playing at her lips. "This is going to be interesting," she whispered, her voice barely audible over the wind.

As the gathering dispersed, the air in the church seemed to grow even heav
