# Player Turn: Emmett Grave — Emmett looks at his chalk marks. He walked in a straight line. The marks curve back on themselves in a loop that isn't physically possible. He puts his hand on the wall. The stone is warm. He marks an X on the floor and says: we are in its body.
**Campaign:** Ravenmoor  **Session:** session8  **Scene:** scene2  **File:** turn_002.md  **Time:** 2026-04-24 04:06:50 UTC
**DDS task_id:** ef61ba12-8d9c-4a29-a7af-fd32fe3007a9

## 🔍 What Happened
CHARACTERS:
1. Sister Isolde Carrow - Performed an exorcism on Father Dorian Vane, currently unclear about the recent events and the awakened entity.
2. Father Dorian Vane - Possessed by a malevolent force, later exorcised, his current whereabouts are unknown.
3. Vera Nighthollow - A witch who sensed the power within Father Vane slipping away and tried to uncover the origin of the possessing force, failed and sensed an otherworldly presence in the mine.
4. Emmett Grave - Discovered a strange symbol on Father Vane's skin after the exorcism, currently investigating the awakened entity within Ravenmoor.
5. Dorian Ashgrove - Transcribed runes found on a map in Father Vane's coat, causing an unseen presence to retreat.

RECENT EVENTS: Emmett Grave discovered an otherworldly entity within a shadowy tunnel and unknowingly awakened it, causing the ground to shake and a malevolent voice to echo. Isolde was left frozen in fear seeking solace in her symbol's warmth as a mournful echo filled the crypt.

ACTING CHARACTER: Emmett Grave is a character in the Ravenmoor campaign, who discovered a strange symbol on Father Vane's skin after the exorcism, triggering memories of ancient dark magic in Ravenmoor. He is a skilled investigator and has shown a keen interest in uncovering the truth behind the recent events. Emmett Grave's stats, Devotion, and current situation are not explicitly mentioned in the provided files.

## ⚖ Rules Assessor
ROLL|Emmett Grave|ARCANA|1d20+3|DC|bad understanding of the situation

## 🎲 Dice
Emmett Grave ARCANA: 1d20+3 → [7]+3 = **10** vs DC 14 → **FAILURE** (bad understanding of the situation)

## ✍ DM Response
In the heart of Ravenmoor's forsaken crypt, where once St. Aldric's light shone brightly, Emmett Grave now stands, his eyes locked onto the peculiar markings etched upon the cold stone floor. The chalked X, a beacon amidst the gloom, pulsates with an eerie warmth that seeps through his palm. A sense of unease creeps over him as he contemplates the implications of his discovery.

The air around him seems to thicken, and an oppressive silence descends upon the crypt, broken only by the distant tolling of a forgotten bell. The once familiar surroundings now feel alien, as if the very walls are watching him with malevolent eyes. He looks up, and his gaze lingers on the twisted shadows that dance upon the ancient tombs.

As he traces the looping line of chalk marks with his eyes, a shudder runs through him. The curve is impossible, defying all known geometry and logic. It's as if they were designed not by human hands but by some otherworldly force. He feels a chill run down his spine, and the hairs on the back of his neck stand on end.

Emmett reaches out to touch the wall again, and this time, he can feel it. Beneath the cold stone, there is warmth—a living heat that seems to pulse in rhythm with his heartbeat. He presses harder against the wall, trying to discern its source, and suddenly, he knows. This isn't just a mark on the wall; it's a map, a pathway into something otherworldly.

With trembling hands, Emmett traces the markings once more, his mind racing with thoughts of ancient dark magic and long-forgotten secrets buried deep within Ravenmoor. The crypt seems to close in around him, the air growing colder and denser as if the very atmosphere is trying to keep him from venturing further.

But he presses on, driven by an insatiable curiosity and a desire to uncover the truth behind the recent events that have shaken Ravenmoor's foundations. As he moves along the chalked path, the crypt seems to come alive around him—shadows flicker and twist, and whispers echo through the darkness. The ground beneath his feet trembles once more, and a voice like thunder echoes through the crypt, a mournful reminder of the power lurking just beyond reach.

As Emmett stands before the X, he can feel the power surging within him, a force that both terrifies and exhilarates him. He knows that he has uncovered something monumental, a key to understanding the darkness that now hangs over Ravenmoor like a shroud. But as he reaches out to touch the X, he cannot shake the feeling that he is playing with forces beyond his control, forces that could shatter the very fabric of reality if not handled with extreme caution.

With trembling hands and a heavy heart, Emmett makes his move, reaching out to touch the X etched into the floor. The world around him seems to hold its breath as he does so, waiting for the consequences of his actions. As his fingers make contact with the chalked mark, a surge of energy courses through him—a sensation that is both exhilarating and terrifying in equal measure.

The ground trembles once more, and a voice like thunder echoes through the crypt. Emmett feels himself being drawn deeper into the darkness, his senses becoming clouded by an otherworldly power that threatens to consume him. He struggles against it, but he knows that he is no match for the force that now grips him.

As the darkness closes in around him, Emmett can feel the weight of history bearing down upon him—the echoes of long-forgotten rituals and dark magic that once held sway over Ravenmoor. He feels himself being pulled through a vortex, his body wracked with convulsions as he fights to regain control.

When at last he emerges from the darkness, he finds himself standing in a shadowy tunnel, the walls slick with moisture and the air thick with an oppressive dampness. Before him lies a path that seems to stretch on forever, a winding tunnel that leads deeper into the heart of Ravenmoor's darkest secrets.

But Emmett knows that he cannot turn back now. He has come too far, uncovered too much, and there is no going back. With renewed determination, he steps forward into the darkness, his heart pounding in his chest as he prepares to confront whatever horrors lie ahead.

## 📋 Summary
Emmett Grave traced an impossible, otherworldly map within the forsaken crypt of St. Aldric, feeling the living heat beneath the cold stone. The crypt came alive with flickering shadows and eerie whispers as he ventured further, driven by curiosity to uncover Ravenmoor's long-forgotten secrets.
