# Player Turn: Sister Isolde Carrow — Isolde stops walking. She looks at the floor of the mine where the water has pooled. There is no reflection. There should be one. She kneels down and puts her hand into the water. It is the temperature of nothing. She says to the party: I think it already knows we are here. I think it has known since before we came.
**Campaign:** Ravenmoor  **Session:** session8  **Scene:** scene2  **File:** turn_004.md  **Time:** 2026-04-24 04:10:50 UTC
**DDS task_id:** b762eacd-4324-43be-8fda-077338cb6baa

## 🔍 What Happened
CHARACTERS:
1. Sister Isolde Carrow - A character who performed an exorcism on Father Dorian Vane and is currently in Aldwick Mine, feeling a presence there.
2. Father Dorian Vane - Possessed by a malevolent force that was later exorcised by Sister Isolde Carrow.
3. Vera Nighthollow - A witch who sensed the power leaving Father Vane during the exorcism and attempted to uncover the origin of the possessing force, but failed.
4. Dorian Ashgrove - Transcribed runes found on a map in Father Vane's coat, causing an unseen presence to retreat.
5. Emmett Grave - Discovered a strange symbol on Father Vane's skin after the exorcism, which triggered memories of ancient dark magic in Ravenmoor.
6. Marta Voss (Innkeeper) - Warned Dorian Ashgrove about the danger he has unearthed.

RECENT EVENTS:
The party ventured into Aldwick Mine, bracing for the awakened malevolent force after discovering that the runes on the doors spelled "Awakening." Emmett Grave unknowingly awakened an otherworldly entity within a shadowy tunnel, causing the ground to shake and a malevolent voice to echo.

ACTING CHARACTER:
Sister Isolde Carrow is a character who has performed an exorcism on Father Dorian Vane in session 8, scene 1 of Ravenmoor. She is a religious figure, possibly a nun, as indicated by her title "Sister." Her Devotion appears to be centered around exorcisms and banishing malevolent forces. Currently, she is in Aldwick Mine, seeking solace in her symbol's warmth while sensing an otherworldly presence there. She seems to have a unique connection with the supernatural as she can sense when they are present before others do. However, this also leaves her vulnerable to fear when confronted by these forces.

## ⚖ Rules Assessor
ROLL|Sister Isolde Carrow|RELIGION|1d20+4|DC|bad reflection yields no meaning this session

## 🎲 Dice
Sister Isolde Carrow RELIGION: 1d20+4 → [5]+4 = **9** vs DC 14 → **FAILURE** (bad reflection yields no meaning this session)

## ✍ DM Response
In the somber depths of Aldwick Mine, the air grows colder and heavier as Sister Isolde Carrow kneels by the water's edge. Her fingers sink into the chilled liquid, and a shiver runs through her, not from the cold but from an uncanny sensation that pervades the darkness. The water seems to swallow her touch, as if it were a part of some vast, unseen entity lurking beneath the surface.

The silence is broken by a distant groan, echoing ominously off the damp stone walls. Isolde's heart races as she stands up, clutching her holy symbol tightly. The mine responds in kind, the air around her shivering with an otherworldly presence that seems to grow more insistent by the moment.

Suddenly, a spectral apparition materializes before them—a twisted figure shrouded in darkness, its features indistinct and malevolent. It looms over Isolde, who cannot help but feel a deep sense of dread as it regards her with soulless eyes. The entity seems to recognize her presence, its energy pulsating menacingly.

Isolde's heart pounds in her chest as she struggles to gather her wits and her faith. She can feel the malevolent force around her, threatening to overwhelm her very being. She takes a deep breath, her hands trembling as she clutches her holy symbol. With a voice that barely carries above the oppressive silence, she begins to chant an ancient prayer of exorcism.

The darkness around them seems to grow denser and more palpable, as if the very air itself were being twisted by the entity's power. Isolde's voice wavers, but she presses on, her resolve unyielding in the face of such overwhelming evil. She can feel her magic flowing through her, filling her with a warmth and strength that she has not felt in years.

The entity recoils at the sound of her voice, its twisted form writhing and contorting as it tries to resist her power. The air around them crackles with electricity, and a brilliant light erupts from Isolde's holy symbol, illuminating the mine in a blinding flash.

As the light fades, the entity is gone—vanquished by Isolde's unyielding faith. But as she catches her breath, she knows that this is not the end of their troubles. The darkness that dwells within Ravenmoor still lurks, waiting for its next victim. They must be vigilant, and they must be ready to face whatever horrors may come next.

## 📋 Summary
Sister Isolde Carrow performed an ancient exorcism, her prayer of divine might caused a spectral entity to recoil within Aldwick Mine, its twisted form writhing and contorting as it resisted her power. The air crackled with electricity, and a brilliant light erupted from her holy symbol, momentarily illuminating the mine in a blinding flash.
