# Player Turn: Dorian Ashgrove — Dorian writes the word Vera just said in his notebook. He does not know the language. He has no idea what it means. He just knows it needs to be recorded before they forget it. He asks Vera: is that its name, or is that what it is?
**Campaign:** Ravenmoor  **Session:** session8  **Scene:** scene2  **File:** turn_003.md  **Time:** 2026-04-24 04:09:10 UTC
**DDS task_id:** 7214dce9-ff57-4761-a709-fa7ab9649d29

## 🔍 What Happened
CHARACTERS:
1. Sister Isolde Carrow - Performed an exorcism on Father Dorian Vane. Currently unspecified.
2. Father Dorian Vane - Possessed by a malevolent force and later exorcised. Currently unspecified.
3. Vera Nighthollow - Witch who felt a shiver as she sensed the power within Father Vane slipping away. Unsuccessful in uncovering the origin of the possessing force. Currently unspecified.
4. Emmett Grave - Discovered a strange symbol on Father Vane's skin and found a peculiar marking in the crypt, causing an otherworldly entity to awaken. Currently standing in the crypt, feeling unease and investigating the chalked X.

RECENT EVENTS:
1. Dorian Ashgrove transcribed runes found on a map in Father Vane's coat, causing an unseen presence to retreat.
2. Emmett Grave discovered a strange symbol on Father Vane's skin after the exorcism, which triggered memories of ancient dark magic in Ravenmoor.

ACTING CHARACTER: Dorian Ashgrove is a character who transcribed runes found on a map in Father Vane's coat, causing an unseen presence to retreat. He does not have any known stats or Devotion mentioned in the provided files. Currently, he is asking Vera about the word she said, as he does not understand its meaning.

## ⚖ Rules Assessor
ROLL|Dorian Ashgrove|INVESTIGATION|1d20+4|DC13|fails to decipher the word's meaning

## 🎲 Dice
Dorian Ashgrove INVESTIGATION: 1d20+4 → [13]+4 = **17** vs DC 14 → **SUCCESS** (fails to decipher the word's meaning)

## ✍ DM Response
In the dimly lit recesses of the Aldwick Inn, the air hung heavy with the scent of spiced ale and the murmur of hushed whispers. Dorian Ashgrove, clad in a coat stained with ink and shadowed by the weight of his recent discoveries, sat across from Vera Nighthollow, her spectral eyes glowing like embers in the gloom. He held open his worn leather notebook, the page before him adorned with the cryptic word she had spoken earlier.

"This... what is it?" Dorian asked, his voice barely audible above the inn's din. "Is it a name or its nature? I do not understand."

Vera leaned forward, her gaze flickering between Dorian and the written word as if seeking an answer within its mysterious symbols. A chill ran through the room, causing the fireplace to flicker and dance. The innkeeper, Marta Voss, glanced up from her ledgers, her beady eyes narrowing at the sudden change in atmosphere.

"You have unearthed something dangerous, Dorian," she said, her voice low but filled with menace. "Be careful what you pursue."

Dorian ignored her warning and focused on Vera, who seemed to be deep in thought. After a moment of silence, she spoke.

"It is neither a name nor its nature," she said, her voice barely more than a whisper. "It is... an incantation. A word of power. One that I have not heard spoken for centuries."

Dorian's eyes widened in shock as he felt the weight of her words settle upon him like a shroud. He quickly closed his notebook and tucked it away, feeling a growing sense of unease.

Outside, Emmett Grave stood atop the crypt, the rain pouring down around him. The chalked X before him seemed to glow faintly in the gloom, casting eerie shadows upon the wet ground. He felt a strange presence, one that he could not quite place but knew was wrong. He reached into his bag and withdrew a small vial of holy water, his heart pounding in his chest as he prepared to face whatever lurked beneath the crypt.

As Emmett approached the X, the wind howled around him like a malevolent force, seeking to drive him away. He stood his ground, holding the vial high as he prepared to speak the words of exorcism. The rain poured down upon him, soaking his clothes and weighing him down, but he did not falter.

With a deep breath, Emmett began to chant, his voice echoing through the darkness as he unleashed the power within the vial. The wind howled even louder, but slowly began to recede. The ground beneath the X trembled, and a dark shape began to rise from its depths.

Emmett's heart raced as he continued his chant, feeling the weight of the darkness pressing down upon him. He could feel the power within the vial growing weaker with each passing moment, but he refused to give in. He had come too far, seen too much, to turn back now.

Finally, the dark shape was fully revealed, a twisted and malevolent figure that seemed to defy description. Emmett felt his resolve falter for a moment, but he steeled himself and continued his chant, pouring every ounce of his strength into it.

Slowly, the darkness began to recede, the figure's form twisting and contorting until it was little more than a shadow upon the ground. Emmett felt a wave of relief wash over him as the vial emptied and the darkness dissipated. He stood there for a moment, panting and trembling, before he collapsed to his knees, utterly spent.

As he caught his breath, Emmett looked up at the crypt above him, feeling a sense of foreboding settle upon him. He knew that whatever had been lurking within was not truly gone, but merely banished for now. He would have to be vigilant, to watch and wait for any signs of its return.

Back in the Aldwick Inn, Dorian's eyes were still fixed on Vera as she continued to stare at the cryptic word he had written. She seemed lost in thought, her spectral eyes glowing brighter than ever. He felt a growing sense of unease, knowing that whatever power lay behind that word was far beyond his understanding.

But he also knew that he could not ignore it. He would have to delve deeper, to uncover the truth behind this ancient incantation and the darkness that lay hidden within Ravenmoor. And as he sat there in the dimly lit recesses of the inn, surrounded by the murmurs of whispers and the scent of spiced ale, he felt a strange sense of purpose settle upon him. He would not rest until he had unraveled this mystery, no matter what dangers lay ahead.

And so, as the rain continued to pour down around them, Dorian Ashgrove and Vera Nighthollow, along with Emmett Grave, stood on the precipice of a journey that would take them deeper into the darkness than they had ever dared to go before. They knew not what awaited them, but they also knew that they could not turn back now. For the darkness was calling, and they had no choice but to answer.

## 📋 Summary
Dorian Ashgrove discovered an ancient incantation during his conversation with Vera Nighthollow at the Aldwick Inn, causing him to feel a growing sense of unease. Meanwhile, Emmett Grave, outside the inn, sensed a strange presence while preparing to confront whatever was hidden beneath the crypt marked by a chalked X.
