# Player Turn: Sioned ferch Cai — I walk straight to the three figures at the water. I open the ledger to the impossible entry and lay it flat before them like a deed of settlement. I say: I know what this debt is. I came here to close the account. Name your price and I will pay it — but I am leaving before dawn.
**Campaign:** Avalon  **Session:** session3  **Scene:** scene3  **File:** turn_001.md  **Time:** 2026-04-21 22:48:19 UTC

## 🔍 What Happened
Characters:
- Sioned ferch Cai (currently standing at a shoreline in Avalon, holding a glowing parchment with two mysterious words)

Recent Events:
- Sioned found Nimue by the water and showed her the parchment. Nimue claimed that Sioned didn't write the words but something wrote them through her. Sioned stepped through the door formed by the shifting space between the words.
- After stepping through, Sioned ended up in a different Avalon with three figures waiting for her at the water's edge and something following her from the reeds.

Acting Character: Sioned ferch Cai
- Sioned is a member of the party, the descendant of Cai, who is known for being an exceptional fighter but struggling to find purpose beyond combat. Her Devotion is not specified in the provided text.
- In the current situation, Sioned has the parchment with the mysterious words, finds herself in a foreign Avalon, and must negotiate with the three figures at the water's edge to cross over using a coracle while dealing with an approaching danger from the reeds. She has until dawn to find her way back.

## ⚖ Rules Assessor
ROLL|Sioned ferch Cai|PRESENCE|1d20+4|14|what success/failure determines Sioned's ability to negotiate and persuade the three figures to cross over using a coracle before dawn

## 🎲 Dice
Sioned ferch Cai PRESENCE: 1d20+4 → [17]+4 = **21** vs DC 14 → **SUCCESS** (what success/failure determines Sioned's ability to negotiate and persuade the three figures to cross over using a coracle before dawn)

## ✍ DM Response
In the hallowed twilight of Avalon's shimmering shore, you find yourself confronted by three ethereal figures, their forms as translucent as the mist that clings to the land. They regard you with a mixture of curiosity and apprehension, the echoes of ancient wisdom dancing in their eyes.

You lay before them the parchment, its luminescence casting eerie shadows upon the damp earth. The figures lean in, their gazes fixed on the enigmatic words that seem to dance within the ink, as if summoned by some otherworldly force. A hushed silence descends, broken only by the whisper of the waves against the shore.

With a deep breath, you voice your intent: "I know what this debt is. I came here to close the account. Name your price and I will pay it—but I am leaving before dawn." Your words hang heavy in the air, resonating with a weight they've never carried before. The figures exchange glances, their expressions unreadable behind veils of time and mystery.

One steps forward, its form shimmering as if composed of starlight and moonbeams. "You have come far to find us, child of Cai," it says, its voice like the rustle of leaves in a windless forest. "Your presence here has been foretold by prophecies older than the stonehenges that dot this land. But your request... it cannot be granted so simply."

As the figure speaks, you feel a cold tendril of dread creep up your spine, an unwelcome visitor in this strange and wondrous realm. The other two figures shift uneasily, as if sensing the same unease that now grips you. "We will consider your offer," the starlight figure continues. "But first, we must test your worthiness."

A chilling wind picks up, whipping around you and sending a shiver down your spine. The waves at your feet swell, threatening to swallow you whole. The three figures close ranks, their forms growing denser, more solid—a stark contrast to the ephemeral world around them. You stand your ground, your resolve unyielding despite the creeping dread that claws at your heart.

You have until dawn to prove yourself worthy, and you will do whatever it takes to leave this land with your companions by your side. The fate of Avalon hangs in the balance, and the weight of destiny rests upon your shoulders. Whether triumph or tragedy awaits remains to be seen, but one thing is certain: you have embarked on a journey that will test the very limits of your courage and conviction.

## 📋 Summary
In Avalon's mist-kissed twilight, you presented a luminous parchment to three ancient, translucent figures. Despite your intent to close an ominous debt and depart before dawn, they declared your request would not be granted lightly. A trial of worthiness was demanded, as a chilling wind rose, waves swelled, and the ethereal figures solidified.
