# Player Turn: Sioned ferch Cai — I ignore the waiting figures entirely. The thing in the reeds is the door — I can feel it in the parchment. I turn and walk straight toward it, reading the two words aloud as I go.
**Campaign:** Avalon  **Session:** session3  **Scene:** scene3  **File:** turn_001.md  **Time:** 2026-04-21 22:44:05 UTC

## 🔍 What Happened
**Characters:**
1. Sioned ferch Cai - Currently, Sioned is in Avalon, having stepped through a door in a parchment. She has the two words written on it and her Devotion. She is standing at the shoreline, waiting for the three figures to make a move regarding a coracle as her only way across. Something is following her from the reeds.

**Recent Events:**
Sioned found Nimue by the pool and showed her the two words on the parchment. Nimue stated that Sioned did not write them, but they were written through her. The parchment shifted, revealing a door between the letters. Sioned stepped through, not intending to do so.

**Acting Character:**
Sioned ferch Cai - A member of the party, descendant of King Arthur's cousin Gawain. She is known for her wisdom and strategic mind. Her Devotion is THE VEIL (Rating 0).

Stats:
- Blade: +1
- Presence: +0
- Lore: +1
- Ritual: +0
- Offering: +0
- Veil: +2

Sioned's Devotion, THE VEIL, represents her ability to see things that others cannot and to understand the hidden meanings behind events. However, it is currently unrated as she has yet to fully harness this power. Her actions will likely influence how her Devotion develops throughout the story.

## ⚖ Rules Assessor
ROLL|Sioned ferch Cai|VEIL|1d20+2|DC 14|what success/failure determines if she successfully perceives the hidden meaning behind her current situation and the 'thing in the reeds' as a door.

## 🎲 Dice
Sioned ferch Cai VEIL: 1d20+2 → [7]+2 = **9** vs DC 14 → **FAILURE** (what success/failure determines if she successfully perceives the hidden meaning behind her current situation and the 'thing in the reeds' as a door.)

## ✍ DM Response
In the twilight hush of Avalon's shore, Sioned ferch Cai found herself standing before a door that was not there one moment and loomed menacingly the next, its presence whispered in the wind by the two words on her parchment. The coracle, a rickety vessel fashioned from woven reeds and bound with sinew, lay abandoned at the water's edge, a palpable offering for those who dared to venture beyond the Veil.

With a deep breath, you stepped towards the ethereal threshold, its surface shimmering like moonlit waters. The words on your parchment seemed to hum with anticipation, urging you forward. As you neared, a chill crept into the air, and the reeds around the door began to rustle and part, revealing an amalgamation of darkness that slithered towards you like tendrils.

The shadowy figure writhed and twisted, its form shifting between the likenesses of creatures both familiar and alien. It was a creature born from nightmares, a manifestation of the hidden horrors that dwelled in Avalon's depths. Your heart pounded in your chest as the darkness approached, but you did not falter.

With a voice that seemed to echo across time itself, it spoke: "Who dares to defy the ruler's decree?" The question hung heavy in the air, carrying with it an undercurrent of ancient power and malevolence. Your heart raced as you stood before this dark emissary, your resolve unwavering despite the terror that threatened to engulf you.

In a voice that betrayed no fear, you replied, "I am Sioned ferch Cai, descendant of King Arthur's cousin Gawain. I have come to claim my birthright and return to the land of men." The darkness paused for a moment before receding back into the reeds, leaving you standing alone before the door to Avalon.

As you approached the threshold, the shimmering surface rippled beneath your touch like water yielding to a gentle breeze. With a final, resolute step, you crossed into the realm of the Fae, the world of eternal twilight and ancient magic that lay hidden behind the Veil.

## 📋 Summary
Sioned ferch Cai defied the unknown guardian of Avalon's door, declaring her identity as descendant of King Arthur's cousin Gawain. In response, the shadowy figure receded, allowing Sioned to cross into Avalon, claiming a step towards reclaiming her birthright and returning to the land of men. The coracle, left behind at the water's edge, bore silent witness to this daring act.
