# Player Turn: Sioned ferch Cai — I walk straight to the three figures at the water. I open the ledger to the impossible entry and lay it flat before them like a deed of settlement. I say: I know what this debt is. I came here to close the account. Name your price and I will pay it — but I am leaving before dawn.
**Campaign:** Avalon  **Session:** session3  **Scene:** scene3  **File:** turn_009.md  **Time:** 2026-04-21 23:22:45 UTC

## 🔍 What Happened
Characters:
- Sioned ferch Cai (current situation: standing before ethereal figures at the water's edge in Avalon, possessing a glowing ledger with cryptic inscriptions)

Recent Events:
Sioned found Nimue at the edge of the pool behind the outer chapel and showed her two mysterious words that appeared to have been written through Sioned. After a long silence, Nimue stated that Sioned did not write those words and they seemed to shift when she touched them. Sioned stepped through the door that opened between the letters and ended up in Avalon. She has until dawn to find her way back.

Acting Character: Sioned ferch Cai

Sioned ferch Cai is a descendant of Kay or Cai ap Cynyr, known for her organizational skills and keeping a ledger with various debts. Her Devotion is the Table, which focuses on administration and managing resources. She stands as a mediator between her party members and their respective devotions.

In this scene, Sioned has traveled to Avalon to settle an ancient debt incurred by her ancestor. The ethereal figures at the water's edge have stated that the price for closing this account requires retrieving an artifact imbued with the power of the Fae—the heartstone of a long-extinct creature known as the Cernunnos. Sioned must navigate various challenges to obtain this item and pay her debt, all while dealing with an unknown presence following her from behind the reeds.

## ⚖ Rules Assessor
ROLL|Sioned ferch Cai|OFFERING|1d20+3|22|what it determines

## 🎲 Dice
Sioned ferch Cai OFFERING: 1d20+3 → [3]+3 = **6** vs DC 22 → **FAILURE** (what it determines)

## ✍ DM Response
In the ethereal twilight of Avalon, the waters' edge shimmers with an otherworldly glow that mirrors the pulsating luminescence emanating from Sioned's ledger. The three figures, clad in diaphanous robes and bearing visages both ancient and ageless, regard her with a solemn intensity that leaves no room for doubt or uncertainty.

As you lay the ledger before them, a soft rustling of wind whispers through the reeds behind you, hinting at an unseen presence lurking in the shadows. The figures lean towards the glowing book, their ethereal forms bending in a gesture that seems more reminiscent of curiosity than judgment.

One of the figures speaks, its voice echoing in your mind like a dream's whispers. "You have come seeking to settle an old debt," it says. "Indeed, we remember your ancestor's name etched upon the tapestry of time." The figure pauses, and you sense a hint of amusement in its tone, as if this were all but a game to them.

"Your price for closing this account is the heartstone of the Cernunnos," it continues. "An artifact imbued with the power of the Fae, hidden deep within the heart of an ancient forest that lies beyond the reach of mortal eyes."

A sense of unease creeps over you as the figures speak, but your determination remains unshaken. You steel yourself for the task ahead and offer a firm response: "I accept your terms. I will retrieve the heartstone and bring it to you before dawn."

The figures nod in acceptance, their gaze returning to the glowing ledger. You feel a strange sensation, as if the book has begun to write itself anew—a contract binding your soul to this quest.

With the weight of ancient obligations upon your shoulders, you turn and begin your journey into the heart of Avalon's wilderness, the whispers from the shadows growing ever louder as the night deepens around you.

## 📋 Summary
Sioned ferch Cai presented her ledger to three otherworldly figures in Avalon, who reminded her of an old debt involving the heartstone of the Cernunnos. After accepting their terms, Sioned agreed to retrieve the artifact and bring it back before dawn, as the glowing ledger rewrote itself to bind her soul to this quest.
