# Player Turn: Sioned ferch Cai — I walk straight to the three figures at the water. I open the ledger to the impossible entry and lay it flat before them like a deed of settlement. I say: I know what this debt is. I came here to close the account. Name your price and I will pay it — but I am leaving before dawn.
**Campaign:** Avalon  **Session:** session3  **Scene:** scene3  **File:** turn_008.md  **Time:** 2026-04-21 23:22:24 UTC

## 🔍 What Happened
**Characters:**
- Sioned ferch Cai (Player character): Currently in Avalon, standing at the water's edge with a glowing ledger containing two mysterious words. She is seeking to close an ancient debt that her family has incurred.

**Recent Events:**
- Sioned found Nimue by the pool and showed her the two words on the parchment, which seemed to have appeared through her. After some hesitation, she stepped through the door they created together, entering Avalon.
- In Avalon, Sioned encountered three ethereal figures who demanded payment for her family's debt. They informed her that the debt was incurred when Kay or Cai ap Cynyr, her forebear, stole from Morgan le Fay's sanctum. To atone, she must retrieve the heartstone of a long-extinct creature known as the Cernunnos.

**Acting Character:** Sioned ferch Cai is the descendant of Kay or Cai ap Cynyr, who incurred the ancient debt that she now seeks to settle. She has a natural talent for management and organization, which she uses to keep things running smoothly. Her Devotion is The Table, which reflects her skill at record-keeping and understanding the debts owed by others. At the moment, she stands on the shores of Avalon, faced with a daunting task to retrieve the Cernunnos' heartstone in order to close the family debt.

## ⚖ Rules Assessor
ROLL|Sioned ferch Cai|OFFERING|1d20+3|22|what it determines

## 🎲 Dice
Sioned ferch Cai OFFERING: 1d20+3 → [16]+3 = **19** vs DC 22 → **FAILURE** (what it determines)

## ✍ DM Response
In the fading light of twilight, you stand before the ethereal figures that have materialized at the water's edge. The glowing ledger, with its cryptic inscription, lies open before them, as if offering a bridge between worlds.

The figures regard you for a moment, their translucent forms casting eerie shadows upon the shore. Their voices, soft whispers carried on the wind, echo your words back to you: "Name your price and pay it."

With a deep breath, you reach into your tunic, pulling out a pouch filled with gold coins. You offer it to them, each coin glinting in the dying light like a star fallen from the heavens. The figures regard the offering for an eternity that feels like a heartbeat and then...

They laugh. Not a human laughter, but a sound that echoes through your very soul, chilling you to the core. One of them steps forward, reaching out to touch the gold with a finger as delicate as moonlight. The pouch seems to shrivel in her ethereal grasp, leaving only a few scattered coins.

"Your price is not coin," she whispers. "The Cernunnos' heartstone lies deep within the heart of an ancient forest. It will not be given to you easily."

You feel a sudden pull, as if the ground beneath your feet has become taut like a bowstring. The figures are drawing you into Avalon, and there is no escape. You must face the challenges that lie ahead, or remain forever bound by this ancient debt.

As the world around you begins to fade, you feel a strange sense of peace. This is not the end, but merely the beginning of your journey through the mythic substrate beneath the Arthur legend. The pull grows stronger, and with one last look at the shores you have left behind, you step into the unknown.

## 📋 Summary
Sioned ferch Cai offered a pouch filled with gold coins to the ethereal figures at the water's edge, hoping it would satisfy their demand for payment, but they laughed and revealed her price was the retrieval of the Cernunnos' heartstone from an ancient forest. The figures then drew Sioned into Avalon, initiating her journey through the mythic substrate beneath the Arthur legend.
