# Player Turn: Sioned ferch Cai — I walk straight to the three figures at the water. I open the ledger to the impossible entry and lay it flat before them like a deed of settlement. I say: I know what this debt is. I came here to close the account. Name your price and I will pay it — but I am leaving before dawn.
**Campaign:** Avalon  **Session:** session3  **Scene:** scene3  **File:** turn_006.md  **Time:** 2026-04-21 23:21:39 UTC

## 🔍 What Happened
**Characters:**
- Sioned ferch Cai: She is currently in Avalon, standing at the shoreline with a coracle as her only way to cross. She has a ledger with an impossible entry that she showed to Nimue who claimed it was written through her. Sioned stepped through the space between the words on the parchment and found herself in Avalon.

**Recent Events:**
- Sioned went to find Nimue at the edge of the standing pool behind the outer chapel, where she showed her the two words that glowed faintly. Sioned stepped through the space between them and ended up in Avalon.

**Acting Character: Sioned ferch Cai**
- Sioned ferch Cai is a descendant of Kay or Cai ap Cynyr, known for her management skills. She has a Devotion for The Table with a Rating of 1. Her stats are as follows:
  - BLADe: +1
  - PRESENCE: +3
  - LORE: +2
  - RITUAL: +1
  - OFFERING: +3
  - VEIL: +1

Sioned has just arrived in Avalon with a coracle as her only means to cross, facing three ethereal figures who are demanding payment for her family's long-owed service. She is offering them a portion of her own life's work, a share in her family's lands, and any secrets or knowledge that might be valuable to them in an attempt to close the account.

## ⚖ Rules Assessor
ROLL|Sioned ferch Cai|OFFERING|1d20+3|22|what it determines

## 🎲 Dice
Sioned ferch Cai OFFERING: 1d20+3 → [9]+3 = **12** vs DC 22 → **FAILURE** (what it determines)

## ✍ DM Response
In the hallowed gloom of Avalon's shoreline, you find yourself confronted by ethereal figures that seem to shift between substance and shadow. The ground beneath your feet seems to hum with unseen power as they regard the ledger in your hands, their translucent eyes gleaming with a cold intelligence.

"Your family has been in arrears for far too long," one of them murmurs, its voice a haunting echo that sends shivers down your spine. The other two nod in agreement, their forms flickering like ghostly flames.

With the failed offering, you feel the weight of your words hanging heavily between you and your spectral creditors. They lean closer, a sense of impending menace emanating from them. You can feel the ancient debt you bear growing heavier with each passing moment.

"You have brought us something of value," the first figure intones, gesturing towards the glowing words on the parchment. "But it seems that is not enough to settle what your family owes."

The figures close ranks around you, their cold breaths washing over you like a winter wind. You feel a sudden chill grip your heart as they demand more. More of your family's lands, more secrets, more of yourself. The world seems to close in around you, and the darkness threatens to consume you whole.

But you stand firm, drawing on reserves of strength you never knew you possessed. You look deep into their ghostly eyes and say, "I will give you all I have, but I will not be taken. My family's name has been tarnished enough."

For a moment, the figures seem to pause, as if considering your defiance. Then they laugh—a sound that echoes like the distant tolling of a bell. "Very well," one of them says. "We accept your terms, but remember this: you have bought only a temporary reprieve."

With a swiftness that belies their spectral forms, the figures dissolve into mist, leaving you alone on the shoreline. As dawn breaks and the first light of day reaches Avalon's shores, you find yourself filled with a newfound determination—to right old wrongs, to honor your family's name, and to unravel the tangled threads of this ancient debt.

You step into the coracle and push off from the shore, the misty waters of Avalon lapping at the hull as you set forth on a journey that will test the limits of your courage, your strength, and your very soul.

## 📋 Summary
Sioned ferch Cai stood her ground against the spectral creditors of Avalon, vowing to give all she had but not be taken. In return, they accepted her terms, granting her a temporary reprieve while warning that the debt would still demand payment in the future.
