# Player Turn: Sioned ferch Cai — I walk straight to the three figures at the water. I open the ledger to the impossible entry and lay it flat before them like a deed of settlement. I say: I know what this debt is. I came here to close the account. Name your price and I will pay it — but I am leaving before dawn.
**Campaign:** Avalon  **Session:** session3  **Scene:** scene3  **File:** turn_004.md  **Time:** 2026-04-21 23:19:45 UTC

## 🔍 What Happened
**Characters:**
- Sioned ferch Cai (currently in Avalon, serving a one-moon cycle as the manager of the ethereal figures' affairs)

**Recent Events:**
Sioned traveled to Avalon to close a debt owed by her family. She approached three ethereal figures at the water's edge, showed them the ledger and the glowing parchment with the impossible entry. The figures agreed to close the debt in exchange for Sioned serving them as their manager for one full moon cycle. Sioned accepted the terms but insisted on returning before dawn. However, as she tried to leave, she found herself bound to them and transported to a different location deep within Avalon.

**Acting Character:** Sioned ferch Cai
- Sioned is the daughter of Cai ap Cynyr and has inherited her family's ledger, which contains an impossible entry that has haunted them for generations. She manages things effectively and keeps a close eye on what everyone owes. Her Devotion is to The Table (Rating 1).
- Stats:
	+ Blade: +1
	+ Presence: +3
	+ Lore: +2
	+ Ritual: +1
	+ Offering: +3
	+ Veil: +1

## ⚖ Rules Assessor
ROLL|Sioned ferch Cai|OFFERING|1d20+3|22|what it determines

## 🎲 Dice
Sioned ferch Cai OFFERING: 1d20+3 → [1]+3 = **4** vs DC 22 → **FAILURE** (what it determines)

## ✍ DM Response
In the hallowed twilight of Avalon's shores, the ethereal figures stand as sentinels, their forms flickering like will-o'-wisps in the waning light. The ledger you bear, Sioned ferch Cai, is a beacon to them—a key that unlocks ancient debts and obligations. As you approach, they draw closer, their voices echoing like whispers carried on the wind.

You present the ledger, its pages illuminated by the dying embers of a distant fire. The first figure, an ancient crone with eyes like burning coals, reaches out with gnarled fingers and takes the glowing parchment from your grasp. Her touch sends a shiver down your spine, but you steel yourself against it.

The second figure, a regal man adorned in armor that seems to shift and change with the light, scrutinizes the ledger's contents. His gaze lingers on the impossible entry, his face betraying neither surprise nor anger. The third figure, a child with eyes that seem older than time itself, remains silent, her presence felt more than seen.

You offer your terms: "I know what this debt is. I came here to close the account. Name your price and I will pay it—but I am leaving before dawn." The figures confer amongst themselves, their voices low and laden with an otherworldly cadence that sends a shudder through you.

The crone speaks first: "Your family's debt is great, Sioned ferch Cai. It cannot be paid in one moon cycle or even in several. However, we have agreed to accept your service as the manager of our ethereal affairs for a full moon cycle."

You argue against this fate, but their resolve is unyielding. The child reaches out and takes hold of your wrist, her touch like ice water. "You will serve," she says softly, "and in return, we shall grant you safe passage back to the mortal world before dawn."

As the figures' hold on you tightens, you feel yourself being drawn deeper into Avalon. The landscape around you shifts and warps, the once familiar shores replaced by a dense forest of ancient trees that stretch up towards an unreachable sky. You are bound to them now, Sioned ferch Cai—a servant of the ethereal figures for a full moon cycle.

## 📋 Summary
Sioned ferch Cai presented the ledger to the ethereal figures of Avalon, unlocking ancient debts and obligations. Upon examining the ledger, they demanded her service as manager of their ethereal affairs for a full moon cycle in exchange for safe passage back to the mortal world before dawn.
