# Player Turn: Sioned ferch Cai — I walk straight to the three figures at the water. I open the ledger to the impossible entry and lay it flat before them like a deed of settlement. I say: I know what this debt is. I came here to close the account. Name your price and I will pay it — but I am leaving before dawn.
**Campaign:** Avalon  **Session:** session3  **Scene:** scene3  **File:** turn_007.md  **Time:** 2026-04-21 23:22:03 UTC

## 🔍 What Happened
**Characters:**
- Sioned ferch Cai, currently in Avalon, standing at the water's edge with a glowing ledger, confronted by ethereal figures demanding payment for an ancient debt.

**Recent Events:**
- Sioned found Nimue near the pool behind the outer chapel and showed her the two mysterious words on the parchment. Nimue told her that someone wrote them through her. Sioned then stepped through the shifting space between the letters, ending up in Avalon.

**Acting Character:** Sioned ferch Cai
- Sioned is the party's logistician and manager, known for keeping a ledger of debts. She is the descendant of Kay or Cai ap Cynyr and has a Devotion to The Table. Currently, she stands in Avalon, facing three ethereal figures who demand payment for an ancient family debt. Sioned has until dawn to find her way back. She can pay them with offerings, trick them with her cunning, or ignore the coracle and look for a second door. The thing in the reeds is getting closer behind her.

## ⚖ Rules Assessor
ROLL|Sioned ferch Cai|PRESENCE|1d20+3|14

## 🎲 Dice
Sioned ferch Cai PRESENCE: 1d20+3 → [6]+3 = **9** vs DC 14 → **FAILURE** ()

## ✍ DM Response
As you approach the ethereal figures, their translucent forms ripple with an unsettling energy that seems to emanate from within the very fabric of Avalon itself. They regard you coldly, their gazes piercing through your mortal soul as if searching for some hidden truth.

You present them with the ledger, its pages glowing softly in the moonlight. There is a long, tense silence before one of the figures steps forward and reaches out to touch the parchment with trembling fingers. They lean close to inspect it, their face a mask of ancient sorrow. After what feels like an eternity, they pull away and exchange whispered words with their companions.

The figure that had examined your ledger steps back, and the three of them turn towards you as one. Their voices are like the wind whispering through the reeds, yet somehow audible to your mortal ears. "You have come far," they say, "but the debt of your ancestor is not so easily paid."

Your heart races as they explain that the price for closing this ancient account requires something more than simple payment. The debt was incurred when Kay or Cai ap Cynyr, your forebear, sought to possess the very secrets of Avalon and stole from the sanctum of Morgan le Fay herself. To atone for this transgression, you must retrieve an artifact imbued with the power of the Fae—the heartstone of a long-extinct creature known as the Cernunnos.

As they speak, you feel a cold presence behind you, and you turn to see the reeds parting to reveal the thing in them, its eyes glowing like embers in the darkness. You know that if it catches you, you will not make it back before dawn.

With the ethereal figures' demands echoing in your mind, you are left with a choice: face the unknown danger of retrieving the Cernunnos' heartstone or risk being swallowed by the shadows of Avalon forever. The decision lies within your hands, but time is running out.

## 📋 Summary
Sioned ferch Cai, after presenting the glowing ledger to the ethereal figures of Avalon, was tasked by them with retrieving the heartstone of a long-extinct creature known as the Cernunnos, as an atonement for Kay or Cai ap Cynyr's past theft from Morgan le Fay. The pressure mounts as she faces the unknown danger lurking in Avalon, knowing that if caught by it before dawn, she would be trapped there forever.
