# Player Turn: Sioned ferch Cai — I walk straight to the three figures at the water. I open the ledger to the impossible entry and lay it flat before them like a deed of settlement. I say: I know what this debt is. I came here to close the account. Name your price and I will pay it — but I am leaving before dawn.
**Campaign:** Avalon  **Session:** session3  **Scene:** scene3  **File:** turn_005.md  **Time:** 2026-04-21 23:20:06 UTC

## 🔍 What Happened
**Characters:**
- Sioned ferch Cai (currently in Avalon, dealing with ancient debts)

**Recent Events:**
- Sioned found Nimue at the edge of the standing pool behind the outer chapel and showed her the two mysterious words. She stepped through a door that opened when she touched the parchment.
- Sioned ended up in Avalon, where she was met by three ethereal figures who demanded payment for an ancient debt owed by her family. They offered to close the account if Sioned served them as manager of their ethereal affairs for a full moon's cycle.

**Acting Character: Sioned ferch Cai**
- Sioned is a Roman-British descendant of Kay/Cai ap Cynyr, with a Devotion to The Table. She manages things and keeps a ledger that includes an entry she cannot account for.
- Sioned has a BLade +1, Presence +3, Lore +2, Ritual +1, Offering +3, and Veil +1. Her Devotion: The Table, Rating 1.
- Sioned is currently in Avalon, facing ancient debts and obligations. She has until dawn to find her way back, but must first negotiate with the three ethereal figures who demand payment or her service for a full moon's cycle. She has offered to pay them to close the account and leave before dawn.

## ⚖ Rules Assessor
ROLL|Sioned ferch Cai|OFFERING|1d20+3|18

## 🎲 Dice
No roll required. Focus the scene on: Sioned ferch Cai — I walk straight to the three figures at the water. I open the ledger to the impossible entry and lay it flat before them like a deed of settlement. I say: I know what this debt is. I came here to close the account. Name your price and I will pay it — but I am leaving before dawn.

## ✍ DM Response
In the twilight hush, the ethereal figures — spectral and ageless — regard you with a mix of curiosity and displeasure. They are as inscrutable as the waters of the pool behind them, their faces shifting like moonlit clouds. You have laid your ledger before them, the impossible entry staring back at you like an ancient prophecy.

One figure steps forward, tendrils of translucent smoke weaving around them. They lean over the parchment, their voice a whisper that echoes in your mind: "Your family has long owed us service, young one. You offer payment? We accept."

You feel the weight of centuries pressing against you as they recount the duties and responsibilities your ancestors have failed to fulfill. The tasks are many, and the time is short. Your heart races, but you remain resolute. You offer what you can — a portion of your own life's work, a share in your family's lands, and any secrets or knowledge that might be valuable to them.

The figures consider your offer for an eternity that feels like a heartbeat. Then, one of them speaks again, their voice softer now: "Your bargain is accepted, Sioned ferch Cai. Serve us well, and we may close this account more swiftly than you expect."

As they speak, the air around you shimmers, and you feel a sudden pull — as if the very fabric of reality is trying to drag you under. You cling to your offerings, your mind focused on the dawn that approaches. With a final surge of will, you step back, breaking free from their grasp.

Behind you, the figures watch you go, their faces unreadable in the gathering gloom. As you walk away, you know that you have bought yourself time, but at what cost? The question hangs heavy on the air as Avalon fades behind you, the water shimmering like a gateway to another world.

## 📋 Summary
Sioned ferch Cai struck a deal with otherworldly beings from Avalon, offering part of her life's work, family lands, and valuable knowledge in exchange for respite from their centuries-old debt. The beings accepted her bargain, but the cost remains uncertain as she breaks free, leaving them watching her depart into the dawn.
