# Player Turn: Sioned ferch Cai — I walk straight to the three figures at the water. I open the ledger to the impossible entry and lay it flat before them like a deed of settlement. I say: I know what this debt is. I came here to close the account. Name your price and I will pay it — but I am leaving before dawn.
**Campaign:** Avalon  **Session:** session3  **Scene:** scene3  **File:** turn_002.md  **Time:** 2026-04-21 23:18:59 UTC

## 🔍 What Happened
Characters:
- Sioned ferch Cai (current situation: standing at the shore of Avalon with a coracle, three figures, and a glowing parchment)

Recent Events: Sioned found Nimue by the pool, showed her the mysterious words that appeared in her ledger. She stepped through the door that opened between the letters and ended up in Avalon. She has until dawn to find her way back.

Acting Character: Sioned ferch Cai
- Sioned is a descendant of Kay/Cai ap Cynyr. Her Devotion is THE TABLE.
- Sioned is skilled in managing things, keeping track of debts and obligations. She has a ledger where some entries she hasn't shown anyone, including an impossible one that predates her family.
- Currently, she stands at the water's edge in Avalon, holding a parchment with glowing words, waiting for the three figures to make their demands to close the account of a debt that has haunted her family for generations. The stakes are high as paying this debt will entwine her fate with that of Avalon.

## ⚖ Rules Assessor
ROLL|Sioned ferch Cai|OFFERING|1d20+3|14

## 🎲 Dice
No roll required. Focus the scene on: Sioned ferch Cai — I walk straight to the three figures at the water. I open the ledger to the impossible entry and lay it flat before them like a deed of settlement. I say: I know what this debt is. I came here to close the account. Name your price and I will pay it — but I am leaving before dawn.

## ✍ DM Response
In the dim twilight of Avalon's shore, the silhouettes of three ethereal figures emerged from the mists, their forms as ephemeral as whispers carried on the wind. Their eyes glinted with a cold, otherworldly light as they regarded Sioned, her ledger, and the glowing parchment within it.

You approach them with unwavering resolve, your heart pounding like a war drum beneath your breastplate. As you lay the ledger before them, their eyes flicker to the entry that has haunted your family for generations. A hush falls upon the air as if the very earth held its breath in anticipation.

One of the figures steps forward, his form shimmering and shifting like water, and speaks in a voice that echoes through time itself: "The price for closing this debt is high, child of Cai ap Cynyr." He pauses, his gaze never leaving yours, and continues, "You must serve us for one full cycle of the moon. Your devotion to The Table will be tested as you manage our affairs here in Avalon."

Your breath catches in your throat, but you stand tall, your resolve unyielding. "I am willing to pay that price," you say, your voice steady despite the dread gnawing at your insides. "But I must return before dawn."

The figure nods gravely, a ghost of a smile playing on his lips. "As you wish, Sioned ferch Cai. But remember, once you step through that water, you will be bound to us for the duration of your service. Choose wisely."

With those words, the figures dissolve back into the mists, leaving you standing at the edge of the shore, the glowing parchment clutched in your hands, and a decision weighing heavily upon your heart. The sun dips lower in the sky, casting long shadows that dance upon the water's surface. Dawn approaches, and with it, the end of your choice.

As you stand there, contemplating the path before you, the world around you seems to hold its breath, waiting for your decision. The wind whispers through the trees, carrying tales of the old gods and their realm, urging you to choose wisely, for the consequences of this decision will echo through the ages.

## 📋 Summary
Sioned ferch Cai agreed to serve ethereal figures from Avalon for a full moon cycle in exchange for closing a generational debt, but with the condition that she must return before dawn.
