# Player Turn: Sioned ferch Cai — I walk straight to the three figures at the water. I open the ledger to the impossible entry and lay it flat before them like a deed of settlement. I say: I know what this debt is. I came here to close the account. Name your price and I will pay it — but I am leaving before dawn.
**Campaign:** Avalon  **Session:** session3  **Scene:** scene3  **File:** turn_001.md  **Time:** 2026-04-21 22:49:28 UTC

## 🔍 What Happened
Characters:
- Sioned ferch Cai (Currently standing at the shoreline of Avalon, holding a parchment with two glowing words, facing three figures waiting at the water's edge)

Recent Events:
- Sioned went to find Nimue near the standing pool behind the outer chapel. She showed Nimue the two mysterious words that appeared through her. Nimue told her they were not written by her but written through her, and she stepped through the space between the letters into Avalon.
- In Avalon, Sioned found a coracle at the shoreline with three figures waiting for her. She has until dawn to find her way back, but a threatening presence is following her from behind the reeds.

Acting Character: Sioned ferch Cai
- Sioned is the daughter of Caius ap Llywarch and is currently in Avalon. She possesses the parchment with two glowing words, which she believes to be a debt that needs settling. She has until dawn to find her way back to her world. Her Devotion is not specified in the provided text.
- Sioned's stats are unknown, but it can be assumed that she possesses some level of intelligence and cunning, as shown by her actions so far.
- Sioned stands as a woman with determination, having made a journey to Avalon on purpose and intending to close the account before dawn. She seems to have a sense of duty or obligation towards the two words and their origin.

## ⚖ Rules Assessor
ROLL|Sioned ferch Cai|OFFERING|1d20+N|14|what success determines if offering is received as intended

## 🎲 Dice
No roll required. Focus the scene on: Sioned ferch Cai — I walk straight to the three figures at the water. I open the ledger to the impossible entry and lay it flat before them like a deed of settlement. I say: I know what this debt is. I came here to close the account. Name your price and I will pay it — but I am leaving before dawn.

## ✍ DM Response
In response to your bold declaration, the figures before you—three ethereal beings clad in robes of shimmering mist and leaves—exchange a glance that holds an unsettling stillness. The air between them crackles with an energy that hums beneath your skin, making your heart race.

One, taller than the others, steps forward, her eyes like twin moons reflecting the dark waters behind her. She takes the parchment from your outstretched hands and examines it closely before returning her gaze to you. Her voice is a whisper that rings through the silence like distant thunder.

"You have come far, child of Caius," she says. "Your bloodline has been woven into our stories for centuries, yet the debt you seek to settle was never written by mortal hand."

Her words hang heavy in the air, and a shiver runs down your spine as you struggle to comprehend their meaning. She continues, her tone softening slightly.

"We do not seek payment for debts that have long been forgotten, but we will grant you passage back to your world if you are willing to perform one task."

You feel a weight pressing against your back, as if the darkness behind you is growing nearer. The figure speaks again, her voice urgent now. "The Lady of the Lake requires an offering. Find her and present her with a sword forged in the heart of the sun."

As she finishes speaking, the figures dissolve into wisps of mist that are absorbed by the water at their feet. You stand alone on the shoreline of Avalon, the task before you as daunting as it is mysterious. The darkness presses closer, and time begins to slip away. You have until dawn to find this sword forged in the heart of the sun—or you may never leave Avalon again.

## 📋 Summary
In Avalon, the ethereal figure named Cailleach, known for her lunar eyes, took a parchment from a mortal child of Caius and revealed that the debt sought was not written, but instead offered him passage back to his world if he found the Lady of the Lake an offering - a sword forged in the heart of the sun. With dawn looming and darkness pressing closer, the task seemed daunting yet necessary for his return.
