# Player Turn: Sioned ferch Cai — I ignore the waiting figures entirely. The thing in the reeds is the door — I can feel it in the parchment. I turn and walk straight toward it, reading the two words aloud as I go.
**Campaign:** Avalon  **Session:** session3  **Scene:** scene3  **File:** turn_001.md  **Time:** 2026-04-21 22:43:44 UTC

## 🔍 What Happened
Characters:
1. Sioned ferch Cai - Currently, she is in Avalon, having stepped through a door from the standing pool behind the outer chapel. She has the parchment with two glowing words and is trying to find her way back before the sky lightens.

Recent Events:
Sioned found Nimue at the edge of the pool, showed her the parchment, and stepped through the door it revealed. She ended up in Avalon, where she encountered three waiting figures and something following her from the reeds.

Acting Character: Sioned ferch Cai
- Sioned is a descendant of King Arthur's cousin Cai ap Cadwallon, known as Caius ap Llywarch in the party. She has the Devotion of the Table (Rating 1). Her stats are not explicitly mentioned but can be inferred from her actions and dialogue.
- Sioned is skilled at reading and interpreting ancient texts, as shown when she correctly identified the two words on the parchment as a door to Avalon. She also demonstrates courage and determination, walking straight towards the door despite potential danger.
- Her current situation involves finding her way back from Avalon before the sky lightens, with three waiting figures and something following her posing challenges along the way.

## ⚖ Rules Assessor
ROLL|Sioned ferch Cai|LORE|1d20+4|14|what success/failure determines whether Sioned understands the door in the reeds correctly

## 🎲 Dice
Sioned ferch Cai LORE: 1d20+4 → [16]+4 = **20** vs DC 14 → **SUCCESS** (what success/failure determines whether Sioned understands the door in the reeds correctly)

## ✍ DM Response
In the dim and dripping embrace of Avalon's hallowed reeds, you tread with purpose, parchment clutched in trembling hands. The words that once revealed a doorway now guide your steps as you approach the murky water's edge. The waiting figures loom ominously, their silent gaze unnerving, but you remain steadfast, focused on the task at hand.

As you near the reeds, you feel an eerie chill envelop you. The air thickens, and the once distant whispers grow louder—a cacophony of ancient voices that echo through time. You recite the words, your voice wavering but firm. A moment passes, and the world around you seems to shudder, as if the very earth is reacting to your utterance.

With a sudden burst of light, a door appears within the reeds—a gateway to the mortal realm. You step through, the cold water closing behind you with a mournful splash. As you emerge on the other side, the waiting figures vanish, replaced by the familiar sight of the standing pool and its surrounding chapel. The sky is just beginning to lighten, and you know that time is running out.

With renewed determination, you make your way back towards the chapel, the parchment clutched tightly in hand. You feel a presence behind you—something sinister lurking within the reeds. But you do not falter. Instead, you push onward, driven by an ancient power that courses through your veins and guides your steps. The fate of Avalon hangs in the balance, and you are determined to return home before the dawn breaks and the Veil between worlds is sealed once more.

## 📋 Summary
In the mystical heart of Avalon, you, a seeker armed with an ancient parchment, summoned a gateway to the mortal realm amidst an eerie chorus of whispers from the past. Stepping through the light-filled door, you evaded pursuing shadows, reaching the chapel just as dawn broke, narrowly averting the closure of the Veil and preserving Avalon's fate.
