# Player Turn: Sioned ferch Cai — I ignore the waiting figures entirely. The thing in the reeds is the door — I can feel it in the parchment. I turn and walk straight toward it, reading the two words aloud as I go.
**Campaign:** Avalon  **Session:** session3  **Scene:** scene3  **File:** turn_001.md  **Time:** 2026-04-21 22:44:59 UTC

## 🔍 What Happened
Characters:
1. Sioned ferch Cai - Currently, she is in Avalon with a parchment containing two mysterious words that lead her there. She has until the sky lightens to find her way back.

Recent Events:
- Sioned found Nimue at the edge of the standing pool behind the outer chapel. She showed Nimue the two words, and Nimue claimed they were not written by Sioned but rather written through her. The parchment then revealed a door that Sioned stepped through.

Acting Character: Sioned ferch Cai
- Sioned is a Roman-British descendant of King Arthur's court. Her Devotion is unknown, but it may be related to the parchment and the mysterious words she found. She stands in Avalon, with three figures waiting for her at the water's edge, a coracle as her only way across, and something following her from the reeds. She must make a quick decision on how to proceed with the coracle or find another way back.

## ⚖ Rules Assessor
ROLL|Sioned ferch Cai|VEIL|1d20+3|DC 14|what success/failure determines whether Sioned perceives the other-shape of the thing in the reeds as a door or something else

## 🎲 Dice
Sioned ferch Cai VEIL: 1d20+3 → [8]+3 = **11** vs DC 14 → **FAILURE** (what success/failure determines whether Sioned perceives the other-shape of the thing in the reeds as a door or something else)

## ✍ DM Response
In the eerie twilight of Avalon, the silhouettes of the waiting figures fade into the encroaching shadows as Sioned ferch Cai, armed with nothing but her unwavering conviction and the mystical parchment that led her to this realm, approaches the enigmatic door revealed by the arcane words etched upon it. The reeds rustle ominously behind her, a haunting reminder of the Otherworldly presence lurking in the marshland depths.

As Sioned steps closer, the two cryptic words she uttered seem to resonate through time and space, vibrating with an energy that feels both primal and divine. The air around the door shimmers, the Veil between worlds growing thinner, and in that moment of heightened sensitivity, Sioned perceives the other-shape of the thing in the reeds — it is a door after all, not just a manifestation of her imagination or fear.

With a newfound determination, she reaches out and touches the pulsating threshold. The Veil surges around her fingers like liquid silk, tingling with an electric charge that hums in harmony with her very essence. As Sioned's hand passes through the door, it feels as if she is merging not just with Avalon but also with the ancient mythos that has shaped this land for millennia.

The world shifts around her, and the once ominous reeds give way to a tranquil grove bathed in moonlight. Sioned finds herself standing before an ancient oak tree, its gnarled roots spreading wide as if reaching out to embrace her. She can feel a strange connection with the land, as though she has been here before and yet is seeing it for the first time all at once.

The grove seems to beckon her forward, inviting her deeper into Avalon's heart. But there is still much to learn about this world and the role she is destined to play within it. The journey has only just begun, and Sioned ferch Cai must navigate its treacherous waters with wisdom, courage, and the unwavering faith that guides her every step.

## 📋 Summary
In Avalon's twilight, armed with conviction and a mystical parchment, Sioned ferch Cai triggers an otherworldly door by uttering cryptic words. As she touches the pulsating threshold, the Veil between worlds thins, merging Sioned with Avalon and its ancient mythos. Stepping through, she finds herself in a moonlit grove, standing before an ancient oak tree. The grove beckons her deeper into Avalon's heart, marking the beginning of her journey to unravel its mysteries.
