# Session Summary: session1
**Campaign:** Avalon  **Session:** session1  **File:** session_summary.md  **Time:** 2026-04-21 12:38:55 UTC

## 📚 Turn Files
turn_001.md
turn_002.md
turn_003.md
turn_004.md
turn_005.md

## ✍ turn_001.md
Caius ap Llywarch, during a training match against a seasoned opponent in a dimly lit hall, failed a BLADE test, leading to a momentary loss of balance and an increased sense of self-doubt. The crowd gasped collectively as Caius regained his composure, preparing for the next attack while feeling the pressure of maintaining his reputation as the best fighter in the lands. Despite this setback, Caius recognized the potential for growth and continued to face the challenge head-on.

## ✍ turn_002.md
Elen, filled with determination, sang "The Song of the Sword," a melody that stirred Caius's heart and ignited his spirit. As Caius listened, a strange energy enveloped him, resurrecting memories of past triumphs and instilling renewed vigor. In the training match resumption, Caius fought with unprecedented determination, emerging victorious over his opponent. Elen explained that he had been bestowed the Devotion of THE SWORD, granting him newfound strength and purpose for his journey ahead.

## ✍ turn_003.md
In the training yard, Caius ap Llywarch executed a precise BLADE skill challenge, his moves imbued with newfound grace and precision. His success prompted an eruption of cheers from the crowd, momentarily stumbling his opponents. Afterwards, congratulations poured in, reinforcing Caius's belief in himself. As night fell, whispers among villagers circulated tales of ancient knights and prophecies, hinting at a connection between Caius and Lancelot du Lac. The air around him began to carry an energy that subtly shifted, suggesting the spirits of the land were taking notice of this young warrior.

## ✍ turn_004.md
In the heart of Camelot's yard, Caius ap Llywarch, standing amidst the fading sunlight, felt a haunting melody resonate within him through Elen ferch Maelog's song, "The Song of the Sword." This melody augmented his movements and strikes, capturing the attention of Peredur map Gwrtheyrn. With Arthur's signal, Caius charged into the BLADE challenge, emerging victorious after defeating numerous opponents. Witnessing from the sidelines, Morgan le Fay showed amusement and curiosity, while Nimue observed with interest, and the Fisher King sensed a new knight's potential. The world took notice as Caius' journey began.

## ✍ turn_005.md
In the heart of Camelot, Sioned trailed Morgan le Fay through bustling streets, following her into a hidden portal concealed by an ancient yew tree. Emerging into Avalon, Sioned beheld a lush landscape under twilight, with a shimmering lake in the distance. Navigating encounters with strange beings, Sioned sought Morgan le Fay, uncovering secrets long forgotten amidst the magical wonders of Avalon.

## 🧠 Session Writer
In a dimly lit hall echoing with the clashing of steel and the roar of applause, Caius ap Llywarch, hailed as the best fighter in the lands, found himself momentarily faltering during a training match against a seasoned opponent. The crowd gasped collectively, a collective breath held as the young warrior regained his composure, preparing for the next attack while grappling with the weight of self-doubt. Recognizing this setback as an opportunity for growth rather than defeat, Caius resumed the match with renewed determination.

Elen ferch Maelog, a bardess of remarkable talent and insight, sang "The Song of the Sword," a melody that stirred Caius's heart and ignited his spirit anew. Enveloped by a strange energy, memories of past triumphs resurfaced within him, bolstering his resolve. With this renewed vigor, Caius emerged victorious over his opponent, the crowd erupting in cheers as he claimed victory. Elen explained that through her song, she had bestowed upon him the Devotion of THE SWORD, granting him newfound strength and purpose for his journey ahead.

As night fell, Caius's skills in combat reached new heights as he executed a precise BLADE skill challenge with unprecedented grace and precision. The crowd roared its approval, stumbling his opponents with the force of his victory. Amidst the celebrations, whispers among villagers circulated tales of ancient knights and prophecies, hinting at a connection between Caius and Lancelot du Lac. An energy began to swirl around him, suggesting that the spirits of the land were taking notice of this young warrior on the cusp of greatness.

In the heart of Camelot's yard, Caius ap Llywarch stood amidst fading sunlight, his movements and strikes resonating with a haunting melody as Elen sang "The Song of the Sword." The melodic augmentation of his performance captivated onlookers such as Peredur map Gwrtheyrn, while Morgan le Fay showed amusement and curiosity, and Nimue observed with interest. In awe, the Fisher King sensed a new knight's potential rising before him, as the world took notice of Caius's journey beginning.

With a sense of destiny unfolding, Sioned trailed Morgan le Fay through bustling streets of Camelot and into a hidden portal concealed by an ancient yew tree. Emerging into Avalon, she beheld a lush landscape under twilight, with a shimmering lake in the distance. Navigating encounters with strange beings, Sioned sought Morgan le Fay, uncovering secrets long forgotten amidst the magical wonders of Avalon. The mystery of Caius's connection to Lancelot du Lac and the prophecies surrounding his journey had only just begun to unravel, leaving both Caius and Sioned poised on the precipice of an adventure that would test their courage, wit, and resolve.
