# Session Summary: session1
**Campaign:** Avalon  **Session:** session1  **File:** session1_dark_recap.md  **Time:** 2026-04-21 20:56:31 UTC

## 📚 Turn Files
turn_001.md
turn_002.md
turn_003.md
turn_004.md
turn_005.md

## ✍ turn_001.md
Caius ap Llywarch, during a training match against a formidable opponent, failed a BLADE test, leading to an unexpected stumble after the following attack. The crowd watched anxiously as he regained his balance and prepared for the next assault, feelings of frustration resurfacing but unspoken. The failure served as a reminder of the need for growth beyond swordsmanship, while the match continued with Caius demonstrating his resilience.

## ✍ turn_002.md
Elen recalled "The Song of the Sword," a melody that had haunted her dreams since childhood, stirring the hearts of warriors and igniting their spirits. Approaching Caius, she sang softly, her voice creating a surrounding mist that resonated within him, stirring forgotten emotions.

Caius felt a surge of power coursing through his veins, invigorating him. Remembering past victories and the countless hours spent honing his skills, he faced his opponent with renewed vigor. With each strike, his movements were fluid and precise, ultimately leading to his victory.

Elen explained that the song was a gift from the Fae to those who bear the Devotion of THE SWORD, making Caius one of them. Now equipped with this newfound strength and purpose, Caius continued his journey, ready to face whatever challenges lay ahead in a brighter, more vibrant world.

## ✍ turn_003.md
In the bustling training yard, Caius ap Llywarch successfully completed the BLADE skill challenge, striking his opponent true and eliciting awe from the crowd. His display of skill reinforced his belief in himself, leading to congratulations and encouragement from onlookers. As night fell, whispers began among villagers about Caius's connection to Lancelot du Lac, hinting at prophecies yet to unfold. The air around him seemed charged with a new energy, suggesting the spirits of the land took notice of this young warrior who may shape their future.

## ✍ turn_004.md
In the heart of Camelot's yard, Caius ap Llywarch, stood amidst fading sunlight, his heart pounding as he prepared for the BLADE challenge. Suddenly, Elen ferch Maelog sang "The Song of the Sword," filling Caius with visions and power. As the song ended, Caius charged forward, defeating opponents until only two remained. He emerged victorious, feeling a mix of victory and exhaustion. Morgan le Fay, Nimue, and The Fisher King observed, sensing potential in Caius as the world watched his journey commence.

## ✍ turn_005.md
In the heart of Camelot, Sioned pursued Morgan le Fay through bustling streets and into a hidden portal concealed by an ancient yew tree. Emerging into Avalon, she beheld a lush landscape bathed in twilight, with a shimmering lake in the distance. As night fell, Sioned encountered strange beings offering riddles and warnings, venturing deeper in search of Morgan le Fay's intentions while remaining vigilant amidst the enigma of Avalon.

## 🧠 Session Writer
In the verdant heartland of Camelot, the air crackled with anticipation as Caius ap Llywarch, a young warrior steeped in swordsmanship, prepared to face an opponent during a training match. The crowd gathered around, hearts pounding with bated breath, as the atmosphere grew heavy with tension and unspoken emotions.

Caius's first test proved treacherous, as he stumbled after an unexpected attack, his balance momentarily faltering. Yet, amidst the swell of anxiety, Caius regained his composure, a testament to his resilience. The match continued, the young warrior demonstrating his skill and determination through each strike, eventually securing victory despite initial setbacks.

Elen ferch Maelog approached Caius, her voice echoing a melody known as "The Song of the Sword," a haunting tune that had plagued her dreams since childhood. As she sang, an enchanting mist descended upon them, stirring forgotten emotions within Caius and imbuing him with newfound strength and purpose.

With renewed vigor, Caius faced his opponent once more, each strike landing with fluid precision and ferocity. As the song came to an end, the crowd erupted in awe, applauding Caius's victory. Elen revealed that the gift of the song marked him as one who bears the Devotion of THE SWORD, and with this newfound power, Caius embarked upon his journey, prepared to face whatever challenges lay ahead.

As night fell upon Camelot, whispers began to circulate among the villagers, hinting at prophecies connected to Lancelot du Lac and the potential significance of the young warrior who had wielded the power of "The Song of the Sword." The air around Caius seemed charged with an energy that suggested the spirits of the land were taking notice of this burgeoning figure who may shape their future.

With a newfound sense of purpose, Caius ap Llywarch stepped forth to face another BLADE challenge in Camelot's training yard. As Elen sang "The Song of the Sword," visions filled Caius's mind, and with each opponent he vanquished, his confidence grew. By the time only two opponents remained, Caius had emerged victorious, feeling both triumphant and exhausted from the exertion.

In the heart of Camelot, Sioned embarked upon her own journey, following Morgan le Fay through bustling streets and into a hidden portal concealed by an ancient yew tree. Emerging into Avalon, she beheld a breathtaking landscape bathed in twilight, with a shimmering lake looming in the distance. As night fell, Sioned encountered strange beings offering riddles and warnings, venturing deeper into the enigma of Avalon in search of Morgan le Fay's intentions while remaining ever vigilant amidst the unfamiliar territory. The stage was set for the next chapter in this epic tale of swordplay, prophecies, and the struggle between good and evil.
