# Player Turn: Caius ap Llywarch — test
**Campaign:** Avalon  **Session:** session1  **File:** turn_001.md  **Time:** 2026-04-21 12:13:03 UTC

## 🔍 What Happened
CHARACTERS:
1. Morgan le Fay - Sovereign of Avalon, ageless, precise, amused by almost everything. She is not an ally or a villain, but has her own objectives that may intersect or conflict with the party's. She knew the original knights and has opinions about their descendants.
2. Nimue - The Lady of the Lake, a Fae who persists due to a bargain she made. She is the primary keeper of the Veil on the mortal side, knows every Devotion, bloodline, and bargain, and will help the party if their interests align or let them walk into danger if necessary for the larger arc. She remembers the original Lancelot and has not decided yet what she thinks of Caius.
3. The Fisher King - Still exists in a place neither Avalon nor Brita since the original wound was dealt and the question was never asked correctly.
4. Caius ap Llywarch - Descendant of Lancelot du Lac, Devotion: THE SWORD. Third generation Roman-British, he is the best fighter around him but frustrated because he doesn't understand why. He wants to be good at something other than killing and fears that the Sword is all there is.
5. Elen ferch Maelog - Descendant of Morgana le Fay, Devotion: THE VEIL. Grew up near a lake where things looked different, speaks four languages, and tries to understand what she's been seeing her whole life before it gets her killed. She wants to know the name of the thing that has been watching her since childhood and fears that it already knows hers.
6. Peredur map Gwrtheyrn - Descendant of Percival, Devotion: THE GRAIL. Asks uncomfortable questions and has always done so. He asks about abandoned hill forts and makes people uneasy.

RECENT EVENTS:
The party has been assembled but their objectives and relationships with the key NPCs are still developing.

ACTING CHARACTER: Caius ap Llywarch
Caius ap Llywarch is a descendant of Lancelot du Lac, carrying the Devotion of THE SWORD. He is third generation Roman-British and has known since he was twelve that he is the best

## ⚖ Rules Assessor
ROLL|Caius ap Llywarch|BLADE|1d20+4|DC|what success/failure determines
The action of testing doesn't seem to require a roll. If Caius wants to do something physical or act in a moment of crisis, he can make a BLADE check with his modifier being 1d20+4.

## 🎲 Dice
Caius ap Llywarch BLADE: 1d20+4 → [6]+4 = **10** vs DC 14 → **FAILURE** (what success/failure determines)

## ✍ DM Response
{"action":"rulebook.search","query":"Caius ap Llywarch BLADE roll"}

Based on the provided Grounded Facts and DICE OUTCOMES, it appears that Caius ap Llywarch has just failed a BLADE test (a skill check related to combat or swordsmanship). Let's imagine how this might play out in the campaign.

You, Caius ap Llywarch, stand in a dimly lit training hall, the cold stone walls echoing with the sound of your heavy breaths. Your opponent, a seasoned warrior from a neighboring village, has been relentless in his attacks, testing your skills and patience. You've held your ground thus far, but your failure on this BLADE test indicates a momentary lapse in focus or skill.

The next attack comes swiftly, catching you off guard. You manage to block it with your sword, but the force of the blow sends you stumbling backward, your balance momentarily lost. The crowd watching the match gasps collectively, and you feel the weight of their eyes upon you.

In this moment, your frustration and doubts about your abilities resurface. You've always been the best fighter around, but tonight, for the first time in a long while, you feel like anything but. The crowd's silence hangs heavy in the air as you steady yourself, drawing on every ounce of your training to regain your composure and prepare for the next attack.

The world around you remains unchanged, the other characters watching with varying degrees of concern or curiosity. As you stand there, battered but not defeated, you realize that this failure may be just what you need to push yourself further, to find new ways to grow and improve beyond your swordsmanship. But for now, you must focus on surviving this match, on demonstrating once more why you've earned the title of the best fighter in these lands.

## 📋 Summary
Caius ap Llywarch failed a BLADE test, resulting in a momentary lapse during his match against a seasoned warrior. The outcome was a near miss, stumbling backward but managing to block the attack, causing a collective gasp from the crowd. The failure has sparked a renewed sense of determination within Caius, pushing him to seek new ways to grow and improve beyond his swordsmanship.
