# Player Turn: Elen — Elen attempts a LORE action to see if there is a song she knows that can inspire Caius.
**Campaign:** Avalon  **Session:** session1  **File:** turn_002.md  **Time:** 2026-04-21 12:20:33 UTC

## 🔍 What Happened
CHARACTERS:
1. Caius ap Llywarch - Descendant of Lancelot du Lac, Devotion: THE SWORD. Currently, he is a skilled fighter but has just failed a BLADE test in a training match against a seasoned opponent.
2. Morgan le Fay - Sovereign of Avalon, ageless and precise. She has been waiting since Arthur crossed the water and is neither an ally nor villain to the party.
3. Nimue - The Lady of the Lake, who maintains the Veil on the mortal side. She will help the party if their interests align.
4. The Fisher King - Still exists in a place that is neither Avalon nor Brita, due to an original wound and unanswered question.
5. Elen ferch Maelog - Descendant of Morgana le Fay, Devotion: THE VEIL. She is trying to understand what she's been seeing her whole life before it gets her killed.
6. Peredur map Gwrtheyrn - Descendant of Percival, Devotion: THE GRAIL. He asks questions that make people uncomfortable.

RECENT EVENTS:
Caius ap Llywarch has just failed a BLADE test in a training match against a seasoned opponent, leaving him vulnerable and frustrated.

ACTING CHARACTER: Elen ferch Maelog
Elen is a descendant of Morgana le Fay with the Devotion of THE VEIL. She grew up near a lake where she saw things differently than others, experiencing a second surface on water and animals stopping before she made sound. She joined a Roman surveying party as an interpreter, speaking four languages and reading two others. Elen is trying to understand what she's been seeing her whole life before it gets her killed. Her current goal is to know the name of the thing that has been watching her since childhood, and she fears that it already knows hers. In the recent event, she attempts a LORE action to see if there is a song she knows that can inspire Caius.

## ⚖ Rules Assessor
ROLL|Elen|LORE|1d20+3|14|what success/failure determines if she knows a song that can inspire Caius

## 🎲 Dice
Elen LORE: 1d20+3 → [12]+3 = **15** vs DC 14 → **SUCCESS** (what success/failure determines if she knows a song that can inspire Caius)

## ✍ DM Response
In response to Elen's LORE action, she recalls a haunting melody that has echoed through her dreams since childhood. The song, known as "The Song of the Sword," is said to stir the hearts of warriors and ignite their spirits.

Elen approaches Caius, her eyes filled with determination. She begins to sing softly, her voice carrying the weight of ancient wisdom. As she sings, a strange energy seems to emanate from her, surrounding Caius like a gentle mist. The melody resonates deep within him, stirring emotions he had not felt since his failure in the training match.

Caius feels a surge of power coursing through his veins, invigorating him. He closes his eyes, focusing on the music and the memories it evokes. He remembers the countless hours spent honing his skills, the sweat pouring down his face as he pushed himself beyond his limits. He recalls the pride he felt when he won, the satisfaction of knowing that he was better than anyone else in the room.

With renewed vigor, Caius opens his eyes and faces his opponent once more. The training match resumes, but this time, Caius fights with a fierce determination that had been missing before. His movements are fluid and precise, each strike landing with the force of a thunderbolt. His opponent struggles to keep up, but Caius is relentless.

In the end, Caius emerges victorious. He stands over his fallen adversary, panting heavily but filled with a sense of accomplishment he hasn't felt in a long time. He turns to Elen, gratitude shining in his eyes. "Thank you," he says, his voice barely above a whisper. "I don't know what that was, but I feel... different."

Elen smiles, her eyes glinting with the knowledge of the power she holds. "That is the Song of the Sword," she explains. "It has been passed down through generations, a gift from the Fae to those who bear the Devotion of THE SWORD. You are one of them now."

With this newfound strength and purpose, Caius continues his journey, ready to face whatever challenges lie ahead. The world around him seems brighter, more vibrant, as if the song has opened his eyes to a realm he never knew existed

## 📋 Summary
Elen sings the haunting "Song of the Sword," stirring Caius's warrior spirit during their training match. Filled with renewed vigor, he emerges victorious, feeling different and learning he is one of those chosen by the Devotion of THE SWORD, according to Elen.
