# Player Turn: Peredur — Attempts to see if there are any dangerous foes in the crowd.
**Campaign:** Avalon  **Session:** session1  **File:** turn_004.md  **Time:** 2026-04-21 12:27:56 UTC

## 🔍 What Happened
CHARACTERS:
1. Caius ap Llywarch - Descendant of Lancelot du Lac, Devotion: THE SWORD, currently training in a bustling yard and has proven his skill in a BLADE challenge.
2. Elen ferch Maelog - Descendant of Morgana le Fay, Devotion: THE VEIL, uses her LORE to recall a haunting melody that helps Caius during his training session.
3. Morgan le Fay - Sovereign of Avalon, watches from the sidelines with interest and has opinions about the descendants of the original knights.
4. Nimue - The Lady of the Lake, keeper of the Veil on the mortal side, remembers the original Lancelot but has yet to decide what she thinks of Caius.
5. The Fisher King - Exists in a place between Avalon and Brita after making a fateful wound that was never properly addressed.

RECENT EVENTS: Caius successfully completed a BLADE skill challenge with the help of Elen's haunting melody, known as "The Song of the Sword."

ACTING CHARACTER: Peredur map Gwrtheyrn - Descendant of Percival, Devotion: THE GRAIL. He is not present in the recent events but is a character of interest due to his question-asking nature and unknown connection to the group's quest.

Pedantic Rule: Only using names and facts that appear verbatim in the files.

## ⚖ Rules Assessor
ROLL|Peredur|VEIL|1d20+Devotion Rating (unknown)|DC=14|what success/failure determines whether Peredur can perceive any dangerous foes in the crowd or not

## 🎲 Dice
No roll required.

## ✍ DM Response
In the heart of Camelot's bustling yard, Caius ap Llywarch stands, his sweat glistening under the fading sunlight. His heart beats steadily, a rhythm born from countless hours spent training, and the anticipation of the upcoming BLADE challenge. The air is thick with the scent of fresh earth, iron, and the distant hint of sea salt.

Suddenly, a haunting melody echoes through the yard, a sorrowful tune that seems to resonate within Caius' very soul. It is Elen ferch Maelog, Morgana le Fay's descendant, her eyes locked onto Caius as she sings "The Song of the Sword." The melody swirls around him, filling his mind with visions of ancient knights and legendary battles. A surge of power courses through him, making each movement more fluid, each strike sharper.

As the final notes of the song fade away, Caius faces the crowd. Peredur map Gwrtheyrn, a descendant of Percival, is among them. His eyes narrow, scanning the yard for any potential threats. His gaze lingers on Caius, studying him with an intensity that sends a shiver down Caius' spine.

The crowd quiets, and Arthur strides forward, his face a mask of pride and expectation. He raises his arms, signaling the start of the BLADE challenge. Caius takes a deep breath, focusing on the feel of the sword in his hands, the weight of expectations, and the echo of Elen's song.

With a swift motion, he charges forward, his sword flashing through the air. The crowd gasps as opponents fall, one by one, until only two remain. Caius stands victorious, his breath coming in ragged gasps, the taste of victory bittersweet on his tongue.

Morgan le Fay watches from the sidelines, her eyes glinting with amusement and curiosity. Nimue, the Lady of the Lake, is there too, her gaze locked onto Caius. The Fisher King, somewhere between Avalon and Brita, feels a stirring within him, sensing the potential of a new knight.

The world has taken notice. The journey has only just begun.

## 📋 Summary
In Camelot's bustling yard, Caius ap Llywarch, under Elen ferch Maelog's enchanting melody, emerges victorious in the BLADE challenge, causing Morgan le Fay and Nimue to watch with interest, while the Fisher King senses a new knight rising.
