# Player Turn: Sioned — Attempts to follow Morgan le Fay without being watched.
**Campaign:** Avalon  **Session:** session1  **File:** turn_005.md  **Time:** 2026-04-21 12:32:35 UTC

## 🔍 What Happened
Characters:
1. Caius ap Llywarch - Descendant of Lancelot du Lac, current situation: participating in the BLADE challenge at Camelot.
2. Elen ferch Maelog - Descendant of Morgana le Fay, currently singing "The Song of the Sword" in Camelot's yard.
3. Peredur map Gwrtheyrn - Descendant of Percival, watching the BLADE challenge at Camelot.
4. Arthur - King of Camelot, presiding over the BLADE challenge.
5. Morgan le Fay - Sovereign of Avalon, not present in this session.
6. Nimue - The Lady of the Lake, not present in this session.
7. The Fisher King - Not present or mentioned in this session.

Recent Events: Caius successfully passed the BLADE challenge after being inspired by Elen's song and receiving support from unseen forces (possibly Morgana le Fay). Peredur observed Caius throughout the contest with suspicion.

Acting Character: Sioned
Sioned is not a named character in the provided files, but she can be inferred as the one attempting to follow Morgana le Fay without being watched. As there's no specific information about her in the given texts, I cannot provide details on her stats, Devotion, or where she stands. However, Sioned could potentially be a member of the party or an NPC with interest in Morgana le Fay.

## ⚖ Rules Assessor
ROLL|Sioned|BLADE|1d20+N|14|what success/failure determines the outcome of following Morgan le Fay without being watched by others

## 🎲 Dice
No roll required. Focus the scene on: Sioned — Attempts to follow Morgan le Fay without being watched.

## ✍ DM Response
As Sioned treads cautiously through Camelot's bustling streets, her eyes are fixed on the disappearing figure of Morgan le Fay. The sun, setting over the horizon, casts a golden glow upon the city, but it does little to illuminate the shadows that seem to cling to the sorceress like a cloak.

Sioned weaves through the crowd, keeping a discreet distance from Morgan le Fay as she makes her way towards the edge of Camelot's grounds. The air is thick with the scent of roasting meat and fresh bread, mingling with the faint tang of magic that seems to trail in Morgan's wake.

As Sioned approaches the edge of the city, she sees Morgan le Fay step through a hidden portal, its entrance concealed by an ancient yew tree. Sweat beads on Sioned's brow as she hesitates, glancing around to ensure no one has noticed her pursuit. Satisfied that she remains unseen, she steps forward and pushes aside the gnarled branches of the yew tree.

The portal opens onto a scene that takes Sioned's breath away: a lush, verdant landscape bathed in twilight, where trees seem to reach forever skyward and the air is filled with the sound of birdsong. In the distance, she can see a shimmering lake, its surface like liquid silver under the moonlight. It is Avalon.

Sioned takes a tentative step forward, her heart pounding in her chest. She can feel the power of this place, the magic that courses through it like water through veins. As she ventures deeper into Avalon, she begins to notice strange and wondrous things: flowers that bloom without sunlight, animals that seem to defy logic, and whispers on the wind that hint at secrets long forgotten.

But Sioned is not here for sightseeing. She is here to find Morgan le Fay and discover her true intentions. As she continues her journey through Avalon, she encounters strange and enigmatic beings who seem both friendly and wary, offering riddles and warnings in equal measure. Sioned navigates these encounters with care, ever mindful of the danger that lies in every shadow.

As night falls and the moon casts its silvery light upon Avalon's sh

## 📋 Summary
Sioned, intruding upon Avalon, pursues Morgan le Fay through a hidden portal concealed by an ancient yew tree. Venturing deeper into this magical realm, she encounters enigmatic beings who offer riddles and warnings, with her ultimate goal being to uncover Morgan's true intentions.
