# Player Turn: Caius — Caius attempts a BLADE skill one more time with the renewed vigor.
**Campaign:** Avalon  **Session:** session1  **File:** turn_003.md  **Time:** 2026-04-21 12:22:02 UTC

## 🔍 What Happened
CHARACTERS:
1. Caius ap Llywarch - A descendant of Lancelot du Lac with Devotion: THE SWORD. He is a skilled fighter but has recently failed a BLADE test during a training match.
2. Elen ferch Maelog - A descendant of Morgana le Fay with Devotion: THE VEIL. She is an interpreter and speaks multiple languages, trying to understand the supernatural phenomena she's been experiencing her whole life.
3. Morgan le Fay - The Sovereign of Avalon. Ageless, precise, amused by almost everything. She has opinions about the descendants of the original knights but is not an ally or a villain to the party.
4. Nimue - The Lady of the Lake, who keeps the Veil on the mortal side and helps the party if their interests align. She remembers the original Lancelot and has yet to decide what she thinks of Caius.
5. The Fisher King - He exists in a place neither Avalon nor Brita, still there since the original wound was dealt and the question was never asked correctly.

RECENT EVENTS: Caius recently failed a BLADE test during a training match, which led to him feeling frustrated about his abilities. Elen approached him, sang a haunting melody known as "The Song of the Sword," and used her powers to stir his spirit, helping him win the rematch with renewed vigor.

ACTING CHARACTER: Caius ap Llywarch is a third-generation Roman-British descendant of Lancelot du Lac. He has known since he was twelve that he is the best fighter anyone around him has ever seen, but he doesn't understand why or what it means. He recently failed a BLADE test during a training match, causing him to question his abilities and feel frustrated. However, Elen helped him win the rematch with renewed vigor after singing "The Song of the Sword."

PEDANTIC RULE: Only names and facts that appear verbatim in the files are used.

## ⚖ Rules Assessor
ROLL|Caius ap Llywarch|BLADE|1d20+4|14|Success determines if Caius fights effectively with renewed vigor.

## 🎲 Dice
Caius ap Llywarch BLADE: 1d20+4 → [17]+4 = **21** vs DC 14 → **SUCCESS** (Success determines if Caius fights effectively with renewed vigor.)

## ✍ DM Response
In the heart of a bustling training yard, Caius ap Llywarch, with renewed determination, raises his sword for another attempt at the BLADE skill challenge. His heart pounds in anticipation as he focuses on the gleaming blade before him. With a swift, powerful motion, he swings the sword, the air around it shimmering slightly under the impact.

The crowd watches with bated breath, sensing that this time, Caius will not fail. As his opponent steps forward to defend, there's a noticeable shift in Caius's demeanor — a newfound grace and precision as if the sword were an extension of himself. His moves are calculated, precise, and imbued with a fierce determination that leaves no doubt about his skill.

The crowd erupts in cheers as Caius strikes true, the resounding clang echoing through the yard. The opponents fall back, momentarily stunned by the display of raw talent they've just witnessed. Caius stands tall, his chest heaving with exhilaration and pride. He has proven to himself — and everyone else — that he is indeed a worthy descendant of Lancelot du Lac.

The training session comes to an end, and Caius is surrounded by well-wishers offering congratulations and words of encouragement. As the sun sets, casting long shadows across the yard, Caius can't help but feel a sense of satisfaction and accomplishment. The BLADE test may have been just one small step in his journey, but it is a significant one that has reinforced his belief in himself and his abilities.

As the night deepens, whispers begin to circulate among the villagers about the young Roman-British descendant who has rekindled hope in their hearts. Stories are shared of ancient knights, legendary battles, and prophecies yet to unfold. Caius listens intently, his curiosity piqued by tales that hint at a connection between himself and the legendary Lancelot du Lac.

The world around him seems to shift subtly in response to Caius's newfound strength and renewed sense of purpose. The air is charged with an energy that was absent before, as if the spirits of the land are taking notice of this young warrior who may play a part in their future. Little does Cai

## 📋 Summary
In the training yard, Caius ap Llywarch demonstrated mastery over the BLADE skill, striking his opponent true with a powerful, precise swing. His performance sparked cheers from the crowd and reignited hope among villagers, who whispered of connections to Lancelot du Lac.
