# Player Turn: Sioned ferch Cai — I walk straight to the three figures at the water. I open the ledger to the impossible entry and lay it flat before them like a deed of settlement. I say: I know what this debt is. I came here to close the account. Name your price and I will pay it — but I am leaving before dawn.
**Campaign:** Avalon  **Session:** session3  **Scene:** scene3  **File:** turn_001.md  **Time:** 2026-04-21 23:10:41 UTC

## 🔍 What Happened
**Characters:**
1. Sioned ferch Cai - She is currently standing at the shoreline in Avalon, holding a parchment with two mysterious words. She has a ledger that contains an entry she can't account for and is trying to find her way back before dawn. Her Devotion is THE TABLE.

**Recent Events:**
Sioned found Nimue at the edge of the standing pool behind the outer chapel, where Nimue usually hides. Sioned showed her the parchment with two words that mysteriously appeared through her. After a long silence, Nimue said they were not written by Sioned but instead wrote themselves through her. Sioned then stepped through the door in the space between the letters.

**Acting Character:**
Sioned ferch Cai - Sioned is a descendant of Kay/Cai ap Cynyr and has the Devotion of THE TABLE. She is a logistician who manages things effectively, reorganizing supply chains and resolving disputes quickly. However, she also keeps a ledger with an entry that predates her family and is written in an unknown language. In this scene, Sioned has taken it upon herself to close this account by finding the three figures at the water's edge and negotiating the payment for the debt. She plans to leave before dawn but must act quickly as something is already following her in Avalon.

## ⚖ Rules Assessor
ROLL|Sioned ferch Cai|OFFERING|1d20+3|DC|22

## 🎲 Dice
Sioned ferch Cai OFFERING: 1d20+3 → [17]+3 = **20** vs DC 14 → **SUCCESS** (22)

## ✍ DM Response
In the twilight hush of Avalon's shoreline, the water's edge embraces three enigmatic figures, each cloaked in the mists that cling to the land like spectral tendrils. The air around them hums with a palpable sense of mystery and power. As you approach, they do not stir, maintaining an air of stoic silence, their eyes reflecting the shimmering dance of starlight upon the water's surface.

You lay your ledger before them, its ancient pages spread open to reveal the impossible entry. A hush descends over the scene as the parchment seems to pulse with an eerie light, casting eldritch shadows upon the figures and the surrounding landscape. The air crackles with unspoken tension, a tangible testament to the gravity of the moment.

With a deliberate motion, one figure reaches out, their long, slender fingers tracing the lines of the entry as if seeking to decipher its secrets. Their touch sends ripples through the pages, causing the ink to twist and writhe like sinuous serpents. The figures exchange glances, their expressions unreadable beneath their hoods, before turning back to you with a solemn nod.

One of them speaks, their voice a low murmur that echoes through your mind like a whisper carried on the wind. "We have heard of your journey and the debt that has been passed down through generations. Your offering is accepted." They pause, allowing the weight of their words to settle upon you. "However, we must remind you that Avalon's currency is not one of gold or silver but of knowledge and power. To close this account, you will have to forfeit something precious."

Your heart pounds in your chest as you realize the true cost of your actions. Dawn approaches, and with it, the looming specter that has been following you through Avalon. You must make a decision: do you pay the price demanded by these mysterious figures or risk losing everything as darkness closes in around you? The choice is yours, but time is running out...

## 📋 Summary
Sioned ferch Cai accepted the ledger, its ancient pages revealing an impossible entry, and after a moment of contemplation, announced that the offered debt was acknowledged. However, she warned that Avalon's currency demanded something precious in return to close the account, leaving the decision of payment or potential loss up to the one who had approached them.
