# Player Turn: Sioned ferch Cai — I walk straight to the three figures at the water. I open the ledger to the impossible entry and lay it flat before them like a deed of settlement. I say: I know what this debt is. I came here to close the account. Name your price and I will pay it — but I am leaving before dawn.
**Campaign:** Avalon  **Session:** session3  **Scene:** scene3  **File:** turn_001.md  **Time:** 2026-04-21 22:52:41 UTC

## 🔍 What Happened
**Characters:**
1. Sioned ferch Cai - A character whose Devotion is not specified in the provided files, but she currently holds a parchment with two mysterious words and finds herself in a situation where she must negotiate with three figures at the water's edge to return to her world before dawn.

**Recent Events:**
1. Sioned discovered Nimue near the standing pool behind the outer chapel, where she showed Sioned the two enigmatic words that appeared through her. Sioned stepped through the shifting space between the letters and ended up in Avalon.

**Acting Character:** Sioned ferch Cai
- Sioned is a character of Roman-British descent who, despite not having a clearly defined Devotion, demonstrates a degree of power or connection to the supernatural through her ability to step through the mysterious words that appeared before her. She is skilled in navigating complex situations and has a sense of determination, as evidenced by her mission to close an account and return before dawn. Her current situation involves negotiating with three mysterious figures in Avalon to find her way back home.

## ⚖ Rules Assessor
ROLL|Sioned ferch Cai|OFFERING|1d20+Devotion Bonus|DC|Success determines if the offering is received as intended

## 🎲 Dice
No roll required. Focus the scene on: Sioned ferch Cai — I walk straight to the three figures at the water. I open the ledger to the impossible entry and lay it flat before them like a deed of settlement. I say: I know what this debt is. I came here to close the account. Name your price and I will pay it — but I am leaving before dawn.

## ✍ DM Response
As you approach the water's edge, the three figures — spectral and ethereal, yet with a tangible presence that sends shivers down your spine — regard you with an unreadable mixture of curiosity and anticipation. The wind whispers their names through the leaves overhead: Nimue, Morgana, and Morgause. They are the Ladies of the Lake, the keepers of Avalon's secrets, and they hold the key to your return home.

You lay the ancient ledger before them, its pages worn thin by time but still brimming with the power of the mythic world you find yourself in. The parchment bearing the two enigmatic words that brought you here rests beside it. As you speak your intention to close the account and leave before dawn, Nimue's eyes flicker with an almost human emotion — a hint of sadness that belies her timeless existence.

Morgana, the sovereign of Avalon, smiles coldly, her gaze never leaving yours. She speaks in words that echo through the air like whispers on the wind: "We have been waiting for one such as you, Sioned ferch Cai. The blood of Arthur flows through your veins, and the echoes of his legend are felt across the Veil. We will not let you leave so easily."

Morgause steps forward, her dark eyes burning with a malevolent intent. "Your presence here is a rare opportunity for us," she hisses, her voice like the rustle of dead leaves underfoot. "We could use your power to strengthen our hold on Avalon, to bend the world of mortals to our will."

As they speak, you feel an invisible pressure building around you, the air thickening with an unnatural chill that seeps into your bones. The weight of their demands is almost too much to bear, but you stand firm, drawing upon the resolve within you that has seen you through countless trials and challenges.

"I will not be used as a pawn in your games," you say defiantly, your voice trembling slightly with the effort to hold your ground. "I came here to close this account, not to serve your ambitions. Name your price, but remember: I am leaving before dawn."

The Ladies of the Lake regard you for a long moment, their faces impassive as they consider your words. Then, Nimue speaks in a voice that echoes like a distant bell tolling through the mist-shrouded air: "Very well, Sioned ferch Cai. We will allow you to leave Avalon, but not without a parting gift."

As she speaks, a strange object materializes before you — a small, intricately carved box with runes etched upon its surface. "This box contains a seed," Nimue explains, her voice barely more than a whisper. "Plant it in your homeland, and it will grow into a tree of immense power. It will be a bridge between Avalon and the world of mortals, allowing us to call upon you when we need your aid."

You hesitate, torn between your duty to close this account and the potential power that the box represents. But the weight of the Ladies' demands still hangs heavily upon you, and the pressure in the air grows more suffocating by the moment. Reluctantly, you take the box and tuck it away in a hidden pocket, vowing to consider your decision carefully once you have returned home.

As dawn breaks over Avalon, the world around you begins to shimmer and dissolve, the mist lifting to reveal the familiar landscape of your homeland. You step through the shifting Veil, feeling the cold morning air on your face and knowing that you must now face whatever consequences await you for your actions in Avalon. But even as you leave behind the world of myth and legend, you cannot help but feel a sense of wonder at what you have witnessed and a desire to learn more about the true nature of the legends you thought you knew so well.

The adventure continues, with each decision you make in this dark Gaelic-Arthurian tale shaping the fate of Avalon and the world beyond its Veil.

## 📋 Summary
Morgana, Nimue, and Morgause, Ladies of the Lake, sought to harness Sioned ferch Cai's power for their own gain, using her connection to Arthur's legacy. As they exerted pressure on Sioned, she stood firm, refusing to be manipulated and demanding a fair exchange, not servitude.
