# Player Turn: Sioned ferch Cai — I walk straight to the three figures at the water. I open the ledger to the impossible entry and lay it flat before them like a deed of settlement. I say: I know what this debt is. I came here to close the account. Name your price and I will pay it — but I am leaving before dawn.
**Campaign:** Avalon  **Session:** session3  **Scene:** scene3  **File:** turn_001.md  **Time:** 2026-04-21 22:51:20 UTC

## 🔍 What Happened
Characters:
1. Sioned ferch Cai - Currently, she is at the shore of Avalon, holding a parchment with two mysterious words that led her there. She has until dawn to find her way back.

Recent Events:
Sioned found Nimue at the edge of the pool and showed her the two words written on a parchment. Nimue claimed that Sioned did not write them, but rather they were written through her. Sioned stepped through the shifting space in the parchment and ended up in Avalon.

Acting Character: Sioned ferch Cai
Sioned is a member of the party and the daughter of Caius ap Llywarch. She has a Devotion to an unknown entity, as it was not specified in the provided files. In the current situation, she finds herself in Avalon with three mysterious figures waiting for her at the water's edge. Behind her, something is following. Sioned has until dawn to find a way back or negotiate with these figures to cross the water in a coracle they control. The party's other members are Caius ap Llywarch, Elen ferch Maelog, and Peredur map Gwrtheyrn.

## ⚖ Rules Assessor
ROLL|Sioned ferch Cai|OFFERING|1d20+Devotion|DC|what success/failure determines
ROLL|Sioned ferch Cai|RITUAL|1d20+Devotion|DC 18|establishing contact with the three figures
ROLL|Sioned ferch Cai|OFFERING|1d20+Devotion|DC 14|receiving their acceptance of her offering and intention to close the account

## 🎲 Dice
No roll required. Focus the scene on: Sioned ferch Cai — I walk straight to the three figures at the water. I open the ledger to the impossible entry and lay it flat before them like a deed of settlement. I say: I know what this debt is. I came here to close the account. Name your price and I will pay it — but I am leaving before dawn.

## ✍ DM Response
In the waning hours of twilight, a spectral chill permeates the air as you approach the water's edge, where three ethereal figures, their forms shimmering like moonlit mist, await your arrival. The coracle they control rests gently upon the water, its surface mirroring the stars above like an otherworldly gateway.

You lay the ancient parchment before them, the mysterious words glowing faintly in the fading light. Your voice carries a resolve that echoes across the water, demanding an answer to your presence and intent. The figures regard you with a calm intensity that is both captivating and unnerving.

One of them steps forward, their form shifting subtly as they speak, "Child of Kay, we have been expecting you. You have fulfilled the prophecy foretold by Morgan le Fay, forging a path through the Veil that none have achieved before."

They pause, allowing the weight of their words to settle upon you, then continue, "Your debt is great, for you have opened a door that was once sealed. We offer you three choices: remain here in Avalon, return to your world as a changed being, or forfeit your life, ensuring the path remains closed."

As they speak, the coracle begins to ripple and shift, the water around it swirling like an otherworldly vortex. The figures gaze at you with expectant eyes, waiting for your answer in this realm of eternal twilight.

## 📋 Summary
In the twilight, you present the ancient parchment to three ethereal figures in Avalon, fulfilling Morgan le Fay's prophecy and opening a path through the Veil. The figures offer you three choices: remain, return changed, or forfeit life, with the coracle responding by swirling as an otherworldly vortex.
