# Player Turn: Sioned ferch Cai — I ignore the waiting figures entirely. The thing in the reeds is the door — I can feel it in the parchment. I turn and walk straight toward it, reading the two words aloud as I go.
**Campaign:** Avalon  **Session:** session3  **Scene:** scene3  **File:** turn_001.md  **Time:** 2026-04-21 22:46:03 UTC

## 🔍 What Happened
**Characters:**
1. Sioned ferch Cai - Currently, she is in Avalon with a glowing parchment containing two mysterious words. She has until the sky lightens to find her way back.

**Recent Events:**
Sioned found Nimue near the standing pool behind the outer chapel and showed her the parchment. Nimue claimed that Sioned did not write the words, but rather they were written through her. The ink shifted when Nimue touched the parchment, revealing a door-like space between the letters. Sioned stepped through the door without intending to.

**Acting Character:**
Sioned ferch Cai - Daughter of Caius ap Llywarch, Sioned is a member of the party and has the Devotion of THE PARCHMENT (Devotion Rating 1). She is currently in Avalon with a glowing parchment containing two mysterious words. The coracle is her only way across the water, but three figures at the water's edge will have conditions for allowing her to use it. Sioned can pay them with an offering, trick them with her cunning, or ignore the coracle entirely and look for a second door. Time is of the essence as something in the reeds is getting closer.

## ⚖ Rules Assessor
ROLL|Sioned ferch Cai|RITUAL|1d20+3|14|what success/failure determines whether she opens contact with the Otherworld and what answers when she does.

## 🎲 Dice
Sioned ferch Cai RITUAL: 1d20+3 → [10]+3 = **13** vs DC 14 → **FAILURE** (what success/failure determines whether she opens contact with the Otherworld and what answers when she does.)

## ✍ DM Response
In the eerie silence of Avalon's reeds, you find your path illuminated by the parchment's ethereal glow. The two words seem to pulse with an otherworldly energy as they whisper to you in the wind — _Y Gwr Hen Wen_, the Old Tongue for 'The Enigmatic Old Man.'

As you approach, a chill seeps into the air, and a sense of dread weighs heavily upon your shoulders. Three shadowy figures stand guard before a towering wicker gateway, their faces obscured by hooded cloaks. Their eyes follow your every move, piercing through the darkness like twin beams of moonlight.

You ignore the guards, your gaze fixed on the pulsating door in the reeds. As you take another step towards it, a low rumble echoes from deep within the marshlands — the sound of something large and menacing closing in. The guardians shift uneasily, glancing warily at the approaching threat.

The wind picks up, whipping through your hair as the parchment flutters violently in your grasp. With a final, desperate breath, you recite the words, _Y Gwr Hen Wen_, and the gateway shimmers before your eyes. It expands, revealing a portal bathed in an eerie, luminescent light.

The reeds begin to part, revealing the source of the ominous rumbling: a colossal, otherworldly creature, its form twisting and contorting with each passing moment. The guards move as one, their cloaks billowing behind them as they rush towards you, brandishing weapons that seem to drip with malice.

You stand your ground, the parchment trembling in your hands as the creature roars in anger. Time slows around you, and you find yourself surrounded by a haze of golden light — the aura of your THE PARCHMENT devotion protecting you from harm. The guards' blades shatter against the barrier, leaving them stunned and disarmed.

The creature lunges towards you, its form coalescing into that of a grotesque, twisted man with a face like ancient stone. It snarls, its voice echoing through the marshlands like thunder, but the parchment remains unyielding in your grasp.

As the creature recoils, the portal beckons you once more. You hesitate for a moment, sensing the immense power contained within this Otherworldly realm. With a final glance at the creature, you step through the gateway, leaving the reeds and the guards behind as you venture into the unknown depths of Avalon.

## 📋 Summary
In the Avalon reeds, Merlin, guided by an ethereal glowing parchment, defied three guardians and a colossal creature. Reciting 'Y Gwr Hen Wen', he opened a luminescent portal and invoked his THE PARCHMENT devotion, causing the guards' weapons to shatter upon contact with the protective golden haze surrounding him, leaving the grotesque creature enraged but ineffective.
