# Player Turn: Sioned ferch Cai — I walk straight to the three figures at the water. I open the ledger to the impossible entry and lay it flat before them like a deed of settlement. I say: I know what this debt is. I came here to close the account. Name your price and I will pay it — but I am leaving before dawn.
**Campaign:** Avalon  **Session:** session3  **Scene:** scene3  **File:** turn_001.md  **Time:** 2026-04-21 22:49:49 UTC

## 🔍 What Happened
Characters:
- Sioned ferch Cai (She is a character in the story, currently found at the shoreline of Avalon, holding a parchment with two mysterious words, seeking to return before dawn.)

Recent Events:
- Sioned visited Nimue near the standing pool behind the outer chapel. She showed her the two words that were written through her. Sioned stepped through the shifting space between the words and ended up in Avalon.
- In Avalon, Sioned found a coracle and three figures at the water's edge who were waiting for her, possibly with conditions for passage. Something is following her from behind in the reeds.

Acting Character: Sioned ferch Cai
- Sioned ferch Cai is the daughter of Caius ap Llywarch, a descendant of Lancelot du Lac with a high rating in The Sword Devotion. She currently has The Parchment and The Two Words, which are glowing with an otherworldly light.
- Sioned stands at the shoreline of Avalon, facing three figures at the water's edge who may have conditions for her passage across the coracle. She must choose to pay them with an offering, trick them with her Table-born cunning, or look for a second door. The thing in the reeds is getting closer and she has until the sky lightens to find her way back.

## ⚖ Rules Assessor
ROLL|Sioned ferch Cai|PRESENCE|1d20+4|14|what success/failure determines if she persuades the figures at the water's edge to let her pass without further demands

## 🎲 Dice
Sioned ferch Cai PRESENCE: 1d20+4 → [2]+4 = **6** vs DC 14 → **FAILURE** (what success/failure determines if she persuades the figures at the water's edge to let her pass without further demands)

## ✍ DM Response
In the hush of twilight's edge, the shimmering waters of Avalon mirror an ethereal world that seems to bend and shift with each sighing breeze. Sioned, your heart pounding like a drumbeat in the stillness, approaches three figures standing at the water's edge. They are robed in hues as dark as the night itself, their features obscured by the veil of twilight.

You present them with the glowing parchment, its ink pulsating with an otherworldly light that seems to draw them near. The figures regard you for a moment, their eyes cold and unreadable as they study the artifact in your hands. With a collective nod, they acknowledge your offering. A coracle floats towards you on waves that seem to defy the wind's touch.

"A fair trade," one of them murmurs, their voice like the whispering winds themselves. "But remember, dawn breaks early here." The words hang in the air like shadows, leaving you with a sense of unease that gnaws at your insides.

As you step into the coracle, the thing lurking in the reeds grows bolder, its presence heavy and oppressive. You feel eyes upon you from all sides, a chill running down your spine as you push off from the shore. The vessel glides effortlessly across the waters, the figures watching you until they fade into the twilight mist.

The journey is not long, but it feels endless. The darkness seems to close in around you, the oppressive presence never far behind. You cling to the parchment, its light growing brighter as the darkness deepens. Finally, you reach dry land once more. The shoreline of Avalon glimmers before you, the dawn breaking over the horizon like a promise.

You step onto the shore, feeling a sense of relief wash over you. As you turn to leave, something lunges from the reeds, its form shrouded in darkness. With a cry of defiance, you brandish the parchment as a shield, the light flaring up around you like a beacon in the gathering dawn. The creature recoils, hissing and snarling as it retreats back into the shadows from which it came.

With a heavy heart, you turn your back on Avalon, knowing that this is not the end of your journey but perhaps the beginning of something much more dangerous. The light of the parchment fades as you step away, leaving you alone once more in a world that seems to hold both wonder and dread in equal measure.

## 📋 Summary
Sioned offered the glowing parchment to three mysterious figures on Avalon's shore, who acknowledged her offering and granted her passage in a coracle. During the journey across the waters, an oppressive presence pursued Sioned, but she arrived safely on the opposite shore, fending off an attacking creature with the light from the parchment at dawn.
