# Scene Summary: session8/scene1
**Campaign:** Ravenmoor  **Time:** 2026-04-24 03:48:38 UTC

## ✍ turn_001.log
Sister Isolde Carrow performed an exorcism on Father Dorian Vane, who had been possessed by a malevolent force. With her silver holy symbol and a bold act of faith, she successfully drove away the darkness that had gripped him, resulting in relief and celebration among the witnesses. Meanwhile, Vera Nighthollow, the witch, felt a shiver as she sensed the power within Father Vane, quietly slipping away to ponder the implications for their ongoing investigation into Ravenmoor.

## ✍ turn_002.log
Dorian Ashgrove transcribes a series of unfamiliar runes found on a tattered map within the possessed Father Vane's coat, causing an unseen presence to sense his actions, leading to the entity's eventual retreat.

## ✍ turn_003.log
Emmett Grave discovers a strange symbol on Father Vane's skin after the priest's exorcism, triggering memories of ancient dark magic in Ravenmoor.

## ✍ turn_004.log
Vera Nighthollow attempted to uncover the origin of a malevolent force possessing Father Vane, as evidenced by her failed attempt to reveal its nature through her spell, resulting in the rune glowing and emitting a low growl that shook the ground. The mysterious entity remained unidentified and continued to pose a threat to the group.

## ✍ turn_005.log
Dorian Ashgrove matched the runes on the Aldwick Mine doors with his transcription, discovering they spell out "Awakening." Unsettled by the revelation and a feeling of being watched, the party ventured into the mine, bracing for the awakened malevolent force that might have been stirred.

## ✍ turn_006.log
Vera Nighthollow, sensing an otherworldly presence with her Detect Magic ability, discovers that the Aldwick Mine is a nexus, a gateway to a sinister realm. Despite the mounting dread, she and her companions bravely press on, deeper into the darkness of the mine.

## ✍ turn_007.log
Emmett Grave traced ancient symbols within a shadowy tunnel, unknowingly awakening an otherworldly entity, causing the ground to shake and a malevolent voice to echo, warning of impending wrath, while the party braced for the challenges ahead.

## ✍ turn_008.log
Sister Isolde Carrow invoked her holy symbol, causing an eerie chill and stillness in the crypt, revealing a malevolent figure. After questioning its identity, it vanished, leaving behind only its chilling laughter. Isolde remained frozen in fear, seeking solace in her symbol's warmth as a mournful echo filled the crypt.

## 🧠 Scene Writer
In session 8 of Ravenmoor, Sister Isolde Carrow successfully performed an exorcism on Father Dorian Vane, who had been possessed by a malevolent force. The relief and celebration among witnesses were palpable, while Vera Nighthollow felt a shiver as she sensed the power within Father Vane slipping away. Meanwhile, Dorian Ashgrove deciphered unfamiliar runes found on a map in Father Vane's coat, causing an entity to retreat. Emmett Grave discovered strange symbols on Father Vane's skin, triggering memories of ancient dark magic in Ravenmoor.

Vera Nighthollow later attempted to uncover the origin of the possessing force, but her spell failed, causing the rune to glow and emit a low growl that shook the ground. The mysterious entity remained unidentified and continued to pose a threat. Dorian Ashgrove matched the runes on the Aldwick Mine doors with his transcription, discovering they spelled "Awakening."

Feeling uneasy and being watched, the party ventured into the mine, bracing for the awakened malevolent force. Vera Nighthollow sensed an otherworldly presence in the mine, discovering it was a nexus, a gateway to a sinister realm. Emmett Grave later unknowingly awakened an entity within a shadowy tunnel, causing the ground to shake and a malevolent voice to echo, warning of impending wrath. The party braced for the challenges ahead, as Isolde remained frozen in fear after encountering a malevolent figure that vanished with a chilling laugh.

## 🧠 Scene Writer
In the first scene of session 8, Sister Isolde Carrow performed an exorcism on Father Dorian Vane, successfully driving away a malevolent force that had possessed him. The relief and celebration among the witnesses were palpable, while Vera Nighthollow sensed the power slipping away, pondering its implications for their investigation.

Dorian Ashgrove transcribed runes found on a map within Father Vane's coat, causing an unseen presence to retreat. Emmett Grave discovered a symbol on Father Vane's skin that triggered memories of ancient dark magic in Ravenmoor.

Vera Nighthollow attempted to uncover the origin of the possessing force, but her spell failed, causing a glowing rune to emit a low growl that shook the ground. The entity remained unidentified and continued to pose a threat.

Dorian Ashgrove matched the runes on the Aldwick Mine doors with his transcription, discovering they spelled out "Awakening." Feeling uneasy and watched, the party ventured into the mine, bracing for the awakened malevolent force.

Vera Nighthollow sensed an otherworldly presence in the mine, discovering it was a nexus, a gateway to a sinister realm. Despite the mounting dread, she and her companions bravely pressed on into the darkness of the mine.

Emmett Grave traced ancient symbols within a shadowy tunnel, unknowingly awakening an otherworldly entity, causing the ground to shake and a malevolent voice to echo. The party braced for the challenges ahead as Isolde remained frozen in fear, seeking solace in her symbol's warmth after the malevolent figure vanished, leaving behind only its chilling laughter.

## 🧠 Scene Writer
During session 8, scene 1 of Ravenmoor, Sister Isolde Carrow performed an exorcism on Father Dorian Vane, who had been possessed by a malevolent force. Her act of faith successfully drove away the darkness, causing relief and celebration among witnesses. Meanwhile, Vera Nighthollow, the witch, felt a shiver as she sensed the power within Father Vane slipping away, prompting her to ponder its implications for their ongoing investigation.

In turn, Dorian Ashgrove transcribed runes found on a map within the possessed priest's coat, leading an unseen presence to retreat. Emmett Grave discovered a strange symbol on Father Vane's skin after the exorcism, triggering memories of ancient dark magic in Ravenmoor.

Vera Nighthollow attempted to uncover the origin of the possessing force but failed to reveal its nature through her spell, causing the rune to glow and emit a low growl that shook the ground. The entity remained unidentified and continued to pose a threat.

Dorian Ashgrove matched the runes on the Aldwick Mine doors with his transcription, discovering they spelled out "Awakening." Unsettled by the revelation and a feeling of being watched, the party ventured into the mine, bracing for the awakened malevolent force.

Vera Nighthollow sensed an otherworldly presence in the mine, discovering it was a nexus, a gateway to a sinister realm. Despite the mounting dread, she and her companions bravely pressed on, deeper into the darkness of the mine. Emmett Grave unknowingly awakened an otherworldly entity within a shadowy tunnel, causing the ground to shake and a malevolent voice to echo, warning of impending

## 🧠 Scene Writer
In the heart of Ravenmoor, Sister Isolde Carrow performed an exorcism on Father Dorian Vane, driving away the malevolent force that had possessed him. The event brought relief and celebration among witnesses, while Vera Nighthollow felt a shiver as she sensed the power within Father Vane slipping away, leaving her to ponder its implications.

Meanwhile, Dorian Ashgrove deciphered unfamiliar runes on a tattered map found in Father Vane's coat, triggering an entity's retreat. Emmett Grave discovered a strange symbol on Father Vane's skin, recalling ancient dark magic in Ravenmoor.

Vera Nighthollow attempted to learn the origin of the possessing force but failed, resulting in a glowing rune and a low growl that shook the ground. The group ventured into Aldwick Mine after Dorian Ashgrove matched the runes on the mine doors with his transcription, revealing they spelled "Awakening."

Vera Nighthollow sensed an otherworldly presence in the mine, discovering it was a nexus leading to a sinister realm. Emmett Grave unwittingly awakened an entity, causing tremors and a voice of impending wrath within the mine. Sister Isolde Carrow faced a malevolent figure in a crypt after invoking her holy symbol, questioning its identity before it vanished with a chilling laughter, leaving Isolde trembling in fear.

## 🧠 Scene Writer
During session8/scene1 of Ravenmoor, Sister Isolde Carrow performed an exorcism on Father Dorian Vane, successfully banishing the malevolent force that had possessed him. Witnesses rejoiced, but Vera Nighthollow felt a shiver as she sensed the power within Father Vane slipping away. Dorian Ashgrove deciphered mysterious runes found on a map within Father Vane's coat, causing an entity to retreat. Emmett Grave discovered symbols on Father Vane's skin, recalling ancient dark magic in Ravenmoor. Vera Nighthollow attempted to learn the origin of the possessing force, but her spell failed, causing a rune to glow and emit a low growl that shook the ground.

Dorian Ashgrove later matched the runes on the Aldwick Mine doors with his transcription, discovering they spelled "Awakening." Unsettled by the revelation, the party ventured into the mine, bracing for the awakened malevolent force. Vera Nighthollow sensed an otherworldly presence in the mine, revealing it as a nexus to a sinister realm. Emmett Grave accidentally awakened an entity within a shadowy tunnel, causing the ground to shake and a malevolent voice to echo. The party braced for challenges ahead while Isolde remained frozen in fear after encountering a chilling figure that vanished, leaving behind only its laughter.

## 🧠 Scene Writer
During session 8, scene 1 of Ravenmoor, Sister Isolde Carrow performed an exorcism on Father Dorian Vane, driving away a malevolent force and bringing relief to witnesses. Meanwhile, Vera Nighthollow felt a shiver as she sensed the power within Father Vane slipping away. Dorian Ashgrove deciphered runes found on Father Vane's coat, causing an unseen presence to retreat. Emmett Grave discovered a symbol on Father Vane's skin, triggering memories of ancient dark magic in Ravenmoor.

Vera Nighthollow later attempted to uncover the origin of the possessing force, but her spell failed and the rune glowed menacingly. Dorian Ashgrove matched the runes on the Aldwick Mine doors with his transcription, revealing they spelled "Awakening." Sensing a presence, Vera discovered that the mine was a nexus, a gateway to a sinister realm. Emmett inadvertently awakened an otherworldly entity within a shadowy tunnel, causing the ground to shake and a malevolent voice to echo. Isolde encountered a malevolent figure during her crypt exploration, but it vanished after questioning its identity, leaving behind only its chilling laughter.

## 🧠 Scene Writer
In the heart of Ravenmoor, Sister Isolde Carrow performed an exorcism on Father Dorian Vane, successfully driving away a malevolent force that had possessed him. The relief and celebration among witnesses were short-lived, as Father Vane's possession revealed Ravenmoor's dark past to Emmett Grave. Meanwhile, Vera Nighthollow felt a power slipping away and sensed the Aldwick Mine was a nexus, a gateway to a sinister realm.

Dorian Ashgrove transcribed runes found on Father Vane, causing an entity's retreat. The party ventured into the mine, discovering the doors spelled "Awakening." As they pressed deeper, Emmett Grave unintentionally awakened a malevolent entity, causing the ground to shake and a warning voice to echo. Sister Isolde Carrow encountered a malevolent figure in a crypt but managed to question its identity before it vanished, leaving behind only its chilling laughter.

## 🧠 Scene Writer
In the quaint town of Ravenmoor during session 8, scene 1, Sister Isolde Carrow performed an exorcism on Father Dorian Vane, who had been possessed by a malevolent force. Her act of faith drove away the darkness, bringing relief and celebration among the witnesses. Meanwhile, Vera Nighthollow, the witch, sensed the power within Father Vane slipping away, prompting contemplation over the implications for their ongoing investigation.

Dorian Ashgrove transcribed unfamiliar runes from a tattered map within the possessed priest's coat, which caused an unseen presence to retreat. Emmett Grave discovered a strange symbol on Father Vane's skin after the exorcism, triggering memories of ancient dark magic in Ravenmoor.

Vera Nighthollow attempted to uncover the origin of the malevolent force possessing Father Vane, but her spell failed, causing a glowing rune to emit a low growl that shook the ground. The mysterious entity remained unidentified and continued to pose a threat.

Dorian Ashgrove matched the runes on the Aldwick Mine doors with his transcription, discovering they spelled out "Awakening." Unsettled by this revelation and a feeling of being watched, the party ventured into the mine, bracing for the awakened malevolent force that might have been stirred.

Vera Nighthollow sensed an otherworldly presence within the Aldwick Mine, discovering it to be a nexus, a gateway to a sinister realm. Despite the mounting dread, she and her companions bravely pressed on, venturing deeper into the darkness of the mine.

Emmett Grave traced ancient symbols within a shadowy tunnel, inadvertently awakening an

## 🧠 Scene Writer
In the first scene of session 8, Sister Isolde Carrow performed an exorcism on Father Dorian Vane, successfully driving away the malevolent force that had possessed him. The act brought relief and celebration among witnesses, while Vera Nighthollow felt a shiver as she sensed the power within Father Vane slipping away.

Dorian Ashgrove, in a subsequent turn, transcribed runes found on a tattered map in Father Vane's coat, causing an unseen presence to retreat. Emmett Grave discovered a strange symbol on Father Vane's skin, triggering memories of ancient dark magic in Ravenmoor.

Vera Nighthollow attempted to uncover the origin of the possessing force but failed to reveal its nature through her spell, causing the rune to glow and emit a low growl that shook the ground. The mysterious entity remained unidentified and continued to pose a threat.

Dorian Ashgrove matched the runes on the Aldwick Mine doors with his transcription, discovering they spelled out "Awakening." Unsettled by this revelation, the party ventured into the mine, bracing for the awakened malevolent force.

Vera Nighthollow sensed an otherworldly presence in the mine, discovering it was a nexus, a gateway to a sinister realm. Despite mounting dread, she and her companions pressed on, deeper into the darkness of the mine.

Emmett Grave unknowingly awakened an otherworldly entity within a shadowy tunnel, causing the ground to shake and a malevolent voice to echo, warning of impending wrath. The party braced for the challenges ahead as a chill and stillness enveloped the crypt, revealing a malevolent figure after Sister Isolde Carrow

## 🧠 Scene Writer
In the heart of Ravenmoor, Sister Isolde Carrow performed an exorcism on Father Dorian Vane, driving away the malevolent force that had possessed him. The relief and celebration among witnesses were palpable, while Vera Nighthollow felt a shiver as she sensed the power within Father Vane slipping away. Meanwhile, Dorian Ashgrove transcribed runes found on a tattered map within the priest's coat, causing an unseen presence to retreat.

Emmett Grave discovered a strange symbol on Father Vane's skin after the exorcism, triggering memories of ancient dark magic in Ravenmoor. Vera Nighthollow attempted to uncover the origin of the possessing force but failed, causing a rune to glow and emit a low growl that shook the ground. The mysterious entity remained unidentified and continued to pose a threat.

Dorian Ashgrove matched the runes on the Aldwick Mine doors with his transcription, discovering they spell out "Awakening." Feeling watched, the party ventured into the mine, bracing for the awakened malevolent force. Vera Nighthollow sensed an otherworldly presence within the mine, discovering it was a nexus, a gateway to a sinister realm. Emmett Grave unknowingly awakened an entity in a shadowy tunnel, causing the ground to shake and a malevolent voice to echo. The party braced for the challenges ahead as the crypt filled with an eerie chill and stillness, revealing a malevolent figure that vanished, leaving behind only its chilling laughter. Isolde remained frozen in fear, seeking solace in her symbol's warmth as a mournful echo filled the crypt.

## 🧠 Scene Writer
In session 8, scene 1 of Ravenmoor, Sister Isolde Carrow performed an exorcism on Father Dorian Vane, expelling a malevolent force that had taken hold of him. The community rejoiced at his salvation, while Vera Nighthollow, the witch, felt a shiver as she sensed the power within Father Vane slipping away. Dorian Ashgrove transcribed runes found on a map in Father Vane's coat, causing an unseen presence to retreat. Emmett Grave discovered a strange symbol on Father Vane's skin after the exorcism, sparking memories of ancient dark magic in Ravenmoor.

Vera Nighthollow attempted to trace the origin of the possessing force, but her spell failed, causing the rune to glow and growl, shaking the ground. The party deciphered that the Aldwick Mine doors had the runes spelling "Awakening." Unsettled and feeling watched, they ventured into the mine, preparing for the stirred malevolent force. Vera sensed an otherworldly presence in the mine, discovering it was a nexus leading to a sinister realm.

Emmett unknowingly awakened an otherworldly entity by tracing symbols within a shadowy tunnel, causing the ground to shake and a malevolent voice to echo a warning of impending wrath. Isolde invoked her holy symbol, revealing a malevolent figure, which vanished after being questioned, leaving behind only its chilling laughter. Isolde sought solace in her symbol's warmth as a mournful echo filled the crypt.

## 🧠 Scene Writer
In session 8, scene 1 of Ravenmoor, Sister Isolde Carrow performed an exorcism on Father Dorian Vane, successfully driving away the malevolent force that had possessed him. The relief and celebration among witnesses were short-lived as Dorian Ashgrove discovered runes on a tattered map within the priest's coat, leading to the entity's retreat. Emmett Grave found a strange symbol on Father Vane's skin, recalling ancient dark magic in Ravenmoor.

Vera Nighthollow attempted but failed to uncover the origin of the possessing force, causing a rune to glow and emit a low growl that shook the ground. Dorian Ashgrove matched the runes on the Aldwick Mine doors with his transcription, discovering they spell out "Awakening."

The party ventured into the mine, bracing for the awakened malevolent force, as Vera Nighthollow sensed an otherworldly presence within the mine. Emmett Grave unknowingly awakened an entity in a shadowy tunnel, causing the ground to shake and a voice to echo a warning of impending wrath. Meanwhile, Sister Isolde Carrow was left trembling in fear after encountering a malevolent figure that vanished with chilling laughter.

## 🧠 Scene Writer
In session 8 of Ravenmoor, Sister Isolde Carrow performed an exorcism on Father Dorian Vane, successfully driving away a malevolent force that had possessed him. The relief and celebration among witnesses were short-lived, as Dorian Ashgrove's transcription of runes found on the tattered map within Vane's coat caused the entity's retreat. Emmett Grave discovered a strange symbol on Father Vane's skin, triggering memories of ancient dark magic in Ravenmoor.

Vera Nighthollow attempted to uncover the origin of the possessing force but failed to reveal its nature through her spell, causing the rune to glow and emit a low growl that shook the ground. The mysterious entity remained unidentified, continuing to pose a threat to the group.

Dorian Ashgrove matched the runes on the Aldwick Mine doors with his transcription, discovering they spelled out "Awakening." Sensing an otherworldly presence, Vera Nighthollow revealed that the mine was a nexus, a gateway to a sinister realm. Emmett Grave unknowingly awakened an entity in a shadowy tunnel, causing the ground to shake and a malevolent voice to echo, warning of impending wrath.

Sister Isolde Carrow invoked her holy symbol, revealing a malevolent figure that vanished, leaving behind only its chilling laughter. Isolde remained frozen in fear, seeking solace in her symbol's warmth as a mournful echo filled the crypt. The party braced themselves for the challenges ahead, venturing deeper into the Aldwick Mine.

## 🧠 Scene Writer
In the heart of Ravenmoor, Sister Isolde Carrow performed an exorcism on Father Dorian Vane, successfully driving away a malevolent force that had seized him. The relief and celebration among the witnesses were palpable, while Vera Nighthollow, the witch, felt a shiver as she sensed the power within Father Vane slipping away. Dorian Ashgrove, deciphering runes found on a map within the possessed priest's coat, caused an entity to retreat.

Meanwhile, Emmett Grave discovered strange symbols on Father Vane's skin after the exorcism, triggering memories of ancient dark magic in Ravenmoor. Vera Nighthollow attempted to uncover the origin of the possessing force but failed, causing a glowing rune and a low growl that shook the ground.

Dorian Ashgrove matched the mine's door runes with his transcription, revealing they spelled "Awakening." The party ventured into the mine, bracing for the awakened malevolent force. Vera Nighthollow sensed an otherworldly presence in the mine, discovering it as a nexus to a sinister realm. Emmett Grave unwittingly awakened an entity within a shadowy tunnel, causing the ground to shake and a voice to echo ominous warnings.

Finally, Isolde invoked her holy symbol in a crypt, revealing a malevolent figure that vanished after questioning its identity, leaving behind only its chilling laughter. Frightened, she sought solace in her symbol's warmth as a mournful echo filled the crypt.

## 🧠 Scene Writer
In session 8 of Ravenmoor, Sister Isolde Carrow performed an exorcism on Father Dorian Vane, successfully driving away the malevolent force that had possessed him. The relief and celebration among witnesses were palpable, yet Vera Nighthollow felt a shiver as she sensed the power within Father Vane slipping away. Meanwhile, Dorian Ashgrove transcribed unfamiliar runes found on a tattered map within the priest's coat, causing an entity to retreat.

Emmett Grave discovered a strange symbol on Father Vane's skin after the exorcism, triggering memories of ancient dark magic in Ravenmoor. Vera Nighthollow attempted to uncover the origin of the possessing force, but her spell failed, causing the rune to glow and emit a low growl that shook the ground.

Dorian Ashgrove matched the runes on the Aldwick Mine doors with his transcription, discovering they spelled out "Awakening." Unsettled by the revelation, the party ventured into the mine, bracing for the awakened malevolent force. Vera Nighthollow sensed an otherworldly presence within the mine and discovered it was a nexus, a gateway to a sinister realm.

Emmett Grave unknowingly awakened an otherworldly entity in a shadowy tunnel, causing the ground to shake and a malevolent voice to echo, warning of impending wrath. The party braced for the challenges ahead as Isolde remained frozen in fear, seeking solace in her symbol's warmth after witnessing a malevolent figure vanish with a mournful echo filling the crypt.

## 🧠 Scene Writer
In the heart of Ravenmoor, Sister Isolde Carrow performed an exorcism on Father Dorian Vane, driving away a malevolent force that had possessed him. The witnesses rejoiced, but Father Vane remained eerily silent. Meanwhile, Vera Nighthollow felt a shiver as she sensed the power within him slip away, pondering its implications for their ongoing investigation.

Dorian Ashgrove, transcribing runes found on a map within the possessed priest's coat, attracted an unseen presence that eventually retreated. Emmett Grave discovered a strange symbol on Father Vane's skin, triggering memories of ancient dark magic in Ravenmoor.

Vera Nighthollow attempted to uncover the origin of the possessing force but failed, causing a glowing rune to emit a low growl that shook the ground. The mysterious entity remained unidentified and continued to pose a threat.

Dorian Ashgrove matched the mine door runes with his transcription, revealing they spelled "Awakening." Unsettled by this and a feeling of being watched, the party ventured into the mine, bracing for an awakened malevolent force.

Vera Nighthollow sensed an otherworldly presence within the Aldwick Mine, discovering it was a nexus, a gateway to a sinister realm. Despite the mounting dread, she and her companions bravely pressed on, deeper into the mine's darkness.

Emmett Grave, tracing ancient symbols within a shadowy tunnel, inadvertently awakened an otherworldly entity, causing the ground to shake and a malevolent voice to echo. The party braced for the challenges ahead as Isolde remained frozen in fear, seeking solace in her symbol's warmth after hearing a

## 🧠 Scene Writer
In session 8, scene 1 of Ravenmoor, Sister Isolde Carrow performed an exorcism on Father Dorian Vane, driving away a malevolent force and causing relief and celebration among witnesses. Meanwhile, Vera Nighthollow felt a shiver as she sensed the power within Father Vane slipping away. Dorian Ashgrove transcribed runes from Father Vane's coat, causing an entity to retreat. Emmett Grave discovered strange symbols on Father Vane's skin, triggering memories of ancient dark magic in Ravenmoor.

Vera Nighthollow uncovered the Aldwick Mine as a nexus to a sinister realm during her investigation into the malevolent force possessing Father Vane. Dorian Ashgrove matched runes on the mine doors with his transcription, revealing they spell "Awakening." Emmett Grave awakened an otherworldly entity within a shadowy tunnel, causing the ground to shake and a voice to echo ominous warnings. Sister Isolde Carrow questioned the identity of a malevolent figure in a crypt, only for it to vanish, leaving behind an echo of its chilling laughter that froze her in fear.
