# Player Turn: Dorian Ashgrove — While the others tend to Vane, Dorian moves to the possessed man's coat and searches it — looking for whatever made him go to the mine, what he found in the sealed tunnels, any notes or transcribed markings from the iron door.
**Campaign:** Ravenmoor  **Session:** session8  **Scene:** scene1  **File:** turn_002.md  **Time:** 2026-04-24 03:25:26 UTC

## 🔍 What Happened
CHARACTERS:
1. Sister Isolde Carrow - Former healer of St. Aldric's order who lost her faith. Carries a silver holy symbol she no longer believes in. Dry wit, compulsive caretaker, terrified of being responsible for another death.
2. Dorian Ashgrove - Disgraced investigator, dismissed for pursuing a case no one wanted solved (the Holloway disappearances, 1891). Carries a leather notebook with obsessive detail. Drinks too much gin. Brilliant, paranoid, occasionally right about things no one else notices.
3. Emmett Grave - Graverobber turned Archaeologist. Calls himself an archaeologist. Knowledgeable about burial customs, ward-markings, and funerary rites. No moral qualms. Extremely cheerful about death.
4. Vera Nighthollow - Witch. Lives on the edge of the law and the edge of the forest. Knows herbalism, folk magic, and things her grandmother told her never to repeat. Speaks to animals (they don't like what they tell her). Distrusted by respectable people, sought out when they're desperate.

RECENT EVENTS:
The party huddled around their campfire when Father Vane suddenly convulsed and was possessed by a malevolent force. The party froze as the possessed priest lunged at them with unnatural speed. They were forced to confront this enemy that controls one of their own, threatening not only Ravenmoor but the entire realm.

ACTING CHARACTER: Dorian Ashgrove
Dorian is a disgraced investigator who was dismissed for pursuing a case no one wanted solved (the Holloway disappearances, 1891). He carries a leather notebook with obsessive detail and drinks too much gin. Despite his paranoia, he is brilliant and occasionally right about things no one else notices. Currently, Dorian is moving to the possessed man's coat and searching it for whatever made him go to the mine, what he found in the sealed tunnels, any notes or transcribed markings from the iron door.

## ⚖ Rules Assessor
ROLL|Dorian Ashgrove|INVESTIGATION|1d20+6|22|what it determines

## 🎲 Dice
Dorian Ashgrove INVESTIGATION: 1d20+6 → [2]+6 = **8** vs DC 22 → **FAILURE** (what it determines)

## ✍ DM Response
As Dorian delves into the possessed man's coat, he finds a tattered parchment nestled within, its edges frayed and stained with an eerie, dark substance. The paper appears to be a map, a rudimentary sketch of the Aldwick mines, but it is not the details that catch his eye. Instead, it is the markings scrawled haphazardly across the map - symbols he has never seen before, yet they seem familiar, as if they stir up long-forgotten memories from some distant, troubled past.

The air around Dorian grows colder, the mist thicker, and he can feel an unseen presence watching him, probing his thoughts, searching for something. He shivers, pulling the coat tighter around himself as a gust of wind rips through the campsite. The others have moved away from the possessed Father Vane, who lies convulsing on the ground, still gripped by the malevolent force that possesses him.

Dorian's heart races as he studies the strange markings. They appear to be a series of runes, but they are unlike any he has encountered before. He reaches for his notebook, flipping through pages filled with detailed notes and sketches of various cases, until he finds an empty page. Carefully, he transcribes the runes, his hands trembling as he writes.

As he finishes, a sudden, deafening scream echoes across the marshlands, piercing the night air and causing everyone to jump. The possessed Father Vane's body jerks violently, his eyes rolling back into his head. Dorian feels a chill run down his spine as the entity controlling him seems to sense what he has done.

With a final, violent convulsion, the possessed man falls silent, and Dorian can feel the malevolent presence retreating. He quickly rolls up the parchment, tucking it into his notebook along with his transcription of the runes. As he does so, he feels a sense of unease, as if something is not quite right. But he pushes that feeling aside, knowing that he must learn more about these runes and their connection to the darkness that has taken hold of Ravenmoor.

The night grows colder, the mist thicker, and Dorian can feel a growing sense of dread settling over the village. He knows that they have only scratched the surface of this mystery, and he fears what other horrors lie hidden within the depths of the Aldwick mines. But he also knows that he cannot turn away now - not when so many lives are at stake.

With a heavy heart, Dorian rejoins his companions, sharing with them the strange runes he has discovered. Together, they will face whatever darkness awaits them in the depths of Ravenmoor's mines, determined to uncover the truth and banish the malevolent force that threatens their village. But as they sit around their campfire, the shadows grow longer, and the mist thicker, and Dorian cannot shake the feeling that something is watching them - waiting for its chance to strike.

## 📋 Summary
Dorian Ashgrove transcribes a series of unfamiliar runes found on a tattered map within the possessed Father Vane's coat, causing an unseen presence to sense his actions, leading to the entity's eventual retreat.
