# Player Turn: Vera Nighthollow — Inside the mine, Vera holds up her hand and tries Detect Magic again — this time looking at the tunnel walls themselves, the air, the dark water pooled on the floor. She wants to know if the geometry of this place is wrong in a way she can measure. She already knows her grandmother had a word for places like this. She has never said it aloud.
**Campaign:** Ravenmoor  **Session:** session8  **Scene:** scene1  **File:** turn_006.md  **Time:** 2026-04-24 03:28:26 UTC

## 🔍 What Happened
CHARACTERS:
- Father Vane (possessed by a malevolent force)
- Sister Isolde Carrow (Fallen Cleric of St. Aldric's order)
- Dorian Ashgrove (Disgraced Investigator)
- Emmett Grave (Graverobber turned Archaeologist)
- Vera Nighthollow (Witch)

RECENT EVENTS:
The party encountered a possessed Father Vane in Ravenmoor, who attacked them with an unnatural speed and malevolent force. The party is now preparing to enter the Aldwick Mine, sensing that something sinister lies within.

ACTING CHARACTER:
Vera Nighthollow is a witch who lives on the edge of law and forest. She knows herbalism, folk magic, and things her grandmother told her never to repeat. Vera speaks to animals but is often distrusted by respectable people. She is sought out when they are desperate. Her stats include Nature +5, Arcana +5, Animal Handling +4, Deception +4. Vera has the ability to Detect Magic at will and can brew potions with an herbalism kit and a DC 12 Arcana check. She has disadvantage on checks in cities but advantage in wilderness/ruins.

## ⚖ Rules Assessor
ROLL|Vera Nighthollow|ARCANA|1d20+5|22|what it determines

## 🎲 Dice
Vera Nighthollow ARCANA: 1d20+5 → [11]+5 = **16** vs DC 22 → **FAILURE** (what it determines)

## ✍ DM Response
In the damp, inky darkness of the Aldwick Mine, Vera's senses heighten as she extends her awareness with the subtle art of Detect Magic. Her gaze lingers on the rough-hewn tunnel walls, the damp air heavy with an unnatural chill, and the pooled water that reflects no light. The silence is deafening, broken only by the distant drip of water and the faint echoes of her own breath.

As she focuses, a shiver runs through her, and she feels a prickling sensation on her skin—a presence that seems to pulse with an otherworldly energy. The air around her shimmers subtly, as if in response to some unseen force. Vera's heart quickens, but she maintains her concentration, her eyes narrowing as she attempts to discern the nature of this malevolent presence.

The ground beneath her feet seems to warp slightly, and a creeping sensation crawls up her spine. She senses something is wrong—not just with the mine, but with the very fabric of reality itself. A chill settles over her as she realizes that her grandmother's word for such places may have been prophetic: this is a nexus, a place where the veil between worlds grows thin.

Vera feels a growing sense of unease—this mine is not just cursed; it is a gateway to something far more sinister. As she stands there, bathed in the eerie glow of her own magic, she can't help but wonder if they have all walked into a trap. But there's no turning back now. The party has come too far, and the fate of Ravenmoor hangs in the balance.

As Vera's eyes meet those of her companions, she knows they are all thinking the same thing: They must press on, despite the mounting dread that threatens to consume them. With a determined nod, they take up their weapons and plunge deeper into the darkness, their steps echoing ominously in the oppressive silence of the Aldwick Mine.

## 📋 Summary
Vera Nighthollow, sensing an otherworldly presence with her Detect Magic ability, discovers that the Aldwick Mine is a nexus, a gateway to a sinister realm. Despite the mounting dread, she and her companions bravely press on, deeper into the darkness of the mine.
