# Player Turn: Vera Nighthollow — Vera casts Detect Magic on Father Vane and on the rune Emmett found on his skin. She is looking for the shape of whatever passed through him — not the man, but the door it used him as.
**Campaign:** Ravenmoor  **Session:** session8  **Scene:** scene1  **File:** turn_004.md  **Time:** 2026-04-24 03:26:53 UTC

## 🔍 What Happened
Characters:
- Sister Isolde Carrow - Fallen Cleric. Currently huddled around the campfire, clinging to her faith. She is a former healer of St. Aldric's order who lost her faith after failing to save a dying child. Her divine magic still works, which terrifies her.
- Dorian Ashgrove - Disgraced Investigator. He is currently studying a tattered parchment found on Father Vane, trying to decipher strange markings on it. He was dismissed from his position as a crown investigator for pursuing a case no one wanted solved (the Holloway disappearances, 1891).
- Emmett Grave - Graverobber turned Archaeologist. He is crouched over Father Vane's body, searching for any signs of the supernatural entity that vacated him. He knows twelve ways to open a locked crypt and has used all of them.
- Vera Nighthollow - Witch. She is currently casting Detect Magic on Father Vane and on the rune Emmett found on his skin. She lives on the edge of the law and the edge of the forest, speaking to animals and known for her knowledge of herbalism, folk magic, and things her grandmother told her never to repeat.

Recent Events: The party is huddled around their campfire in Ravenmoor when Father Vane convulsed and his eyes flashed open with a demonic intensity. The malevolent force within him was no longer hidden, causing the party to freeze in fear as he lunged at them.

Acting Character: Vera Nighthollow
Vera Nighthollow is a witch who lives on the edge of the law and the edge of the forest. She knows herbalism, folk magic, and things her grandmother told her never to repeat. Animals speak to her, but they don't like what they tell her, which makes her distrusted by respectable people. However, she is sought out when they are desperate.

Vera has the ability to cast Detect Magic at will. She also knows how to brew potions (1 hour, herbalism kit, DC 12 Arcana). Vera stands on the edge of society, often using her knowledge of magic and plants for her own purposes. In this situation, she is using her abilities to detect any magical presence

## ⚖ Rules Assessor
ROLL|Vera Nighthollow|ARCANA|1d20+5|22|what it determines

## 🎲 Dice
Vera Nighthollow ARCANA: 1d20+5 → [15]+5 = **20** vs DC 22 → **FAILURE** (what it determines)

## ✍ DM Response
As Vera's spell envelopes Father Vane and the rune Emmett found upon his skin, a shudder ripples through the air. The campfire casts dancing shadows across their faces, momentarily illuminating the fear etched into each of them. The cold mist creeps in from the marsh, chilling the atmosphere as the village seems to hold its breath.

You can sense the magic within Vera's spell, a tingling sensation that spreads from your fingertips like icy tendrils. As she focuses on Father Vane, the tingle intensifies, and you feel a presence beyond your own, cold and alien. It's the same malevolent force that had taken hold of the priest just moments ago.

Vera's eyes narrow as her gaze locks onto the rune Emmett found on Father Vane's skin. Her concentration wavers for a moment, but she manages to maintain the spell. The tingle spreads from your fingertips to the rune, and you feel a connection, a pull towards something ancient and sinister.

Suddenly, the presence within Father Vane surges, causing Vera to stumble backward. The rune glows a sickly green, pulsating with an eerie light that casts twisted shadows across your faces. A low growl emanates from the rune, shaking the ground beneath you as if attempting to break free from its confines.

Emmett looks on in horror, his fingers still clutched around the rune. Dorian and Isolde exchange worried glances, their eyes wide with fear and uncertainty. The tension in the air is palpable, a physical weight that threatens to crush you beneath it.

Vera manages to hold her ground, gritting her teeth as she struggles to maintain her focus. Her spell begins to unravel, the tingling sensation fading away like the last embers of a dying fire. She looks up at the group, her eyes filled with determination and dread.

"I... I can't see anything," she whispers hoarsely, her voice barely above a whisper. "But whatever took control of Father Vane isn't gone yet. We need to find out what it is before it comes for us."

The campfire flickers in the cold mist as you huddle together, each of you trying to make sense of what has happened. The village seems to watch over you, its spectral inhabitants whispering in the wind, their echoes a constant reminder of the darkness that lurks within Ravenmoor.

## 📋 Summary
Vera Nighthollow attempted to uncover the origin of a malevolent force possessing Father Vane, as evidenced by her failed attempt to reveal its nature through her spell, resulting in the rune glowing and emitting a low growl that shook the ground. The mysterious entity remained unidentified and continued to pose a threat to the group.
