# Player Turn: Emmett Grave — Emmett holds his lantern up to the tunnel wall and traces the path with his fingers — the tunnel should go north, but his instincts say it is going somewhere else entirely. He has mapped a hundred crypts. He knows when a passage does not end where it should. He starts marking the walls with chalk to track their progress.
**Campaign:** Ravenmoor  **Session:** session8  **Scene:** scene1  **File:** turn_007.md  **Time:** 2026-04-24 03:29:07 UTC

## 🔍 What Happened
CHARACTERS:
- Sister Isolde Carrow - Fallen Cleric. A former healer of St. Aldric's order who lost her faith after failing to save a dying child. She carries a silver holy symbol she no longer believes in and has a dry wit, compulsive caretaker, terrified of being responsible for another death.
- Dorian Ashgrove - Disgraced Investigator. Former crown investigator, dismissed for pursuing a case no one wanted solved (the Holloway disappearances, 1891). He carries a leather notebook with obsessive detail and drinks too much gin. Brilliant, paranoid, occasionally right about things no one else notices.
- Emmett Grave - Graverobber turned Archaeologist. Calls himself an archaeologist. Knows twelve ways to open a locked crypt and has used all of them. Surprisingly knowledgeable about burial customs, ward-markings, and funerary rites. No moral qualms. Extremely cheerful about death.
- Vera Nighthollow - Witch. Lives on the edge of the law and the edge of the forest. Knows herbalism, folk magic, and things her grandmother told her never to repeat. Speaks to animals (they don't like what they tell her). Distrusted by respectable people, sought out when they're desperate.

RECENT EVENTS: The party huddled around their campfire under the spectral moonlight when Father Vane suddenly convulsed and his eyes flashed open with a demonic intensity. His sinister smile widened as he revealed teeth that seemed to have grown sharper and more menacing, and his once-familiar face contorted into an unholy visage. He lunged at the party, revealing a malevolent force within him that threatens not only Ravenmoor but the entire realm.

ACTING CHARACTER: Emmett Grave is a graverobber turned archaeologist who calls himself an archaeologist and knows twelve ways to open a locked crypt. He is surprisingly knowledgeable about burial customs, ward-markings, and funerary rites with no moral qualms. Extremely cheerful about death, he can identify undead type on a DC 12 Arcana check and is immune to the Fright

## ⚖ Rules Assessor
ROLL|Emmett Grave|SLEIGHT_OF_HAND|1d20+5|22|what it determines

## 🎲 Dice
Emmett Grave SLEIGHT_OF_HAND: 1d20+5 → [16]+5 = **21** vs DC 22 → **FAILURE** (what it determines)

## ✍ DM Response
In the dim glow of Emmett's lantern, the tunnel walls transform, revealing a series of intricate symbols and markings that were previously hidden in the shadows. The chalk in his hand glides effortlessly across the stone, as if guided by some unseen force. Each symbol he traces resonates, sending vibrations through the cold stone, echoing like the distant tolling of a bell.

As Emmett continues to mark the walls, the tunnel begins to shift subtly. The air grows colder, and an oppressive silence settles over the group. Suddenly, the lantern flickers, casting eerie shadows on the party's faces. The once warm glow dims, leaving them in near darkness. Emmett, undeterred, continues to trace the symbols with his chalk.

Suddenly, a faint light begins to emanate from the wall where he has been working, growing steadily brighter until it illuminates the entire tunnel. The walls themselves seem to pulse with an ethereal energy, and a feeling of unease settles over the party. Emmett's heart races as he realizes that they have stumbled upon something far older and more powerful than anything he has ever encountered before.

The pulsing light grows stronger, and the air in the tunnel becomes thick with an otherworldly energy. Suddenly, a voice echoes through the tunnel, its tone both ancient and malevolent. "You have awakened what was slumbering," it intones, "and now you must face its wrath." The ground beneath them shakes, sending rocks cascading down from the ceiling. Emmett grabs hold of his companions, pulling them to safety just as a massive stone block slams into the spot where they were standing moments ago.

As the dust settles, the party realizes that they have awakened something truly terrifying. Whatever lies ahead will not be easy, but Emmett knows that he and his companions are the only ones who can stop it. With renewed determination, they press on into the dark tunnel, ready to face whatever horrors await them.

## 📋 Summary
Emmett Grave traced ancient symbols within a shadowy tunnel, unknowingly awakening an otherworldly entity, causing the ground to shake and a malevolent voice to echo, warning of impending wrath, while the party braced for the challenges ahead.
