# Player Turn: Sister Isolde Carrow — Isolde looks at the chalk marks on the wall. They form a path that, if it were on the surface, would have looped back on itself twice. They have walked a straight line. She raises her holy symbol again — not to cast anything, not from faith. She holds it up because she needs something solid in her hand. She asks the dark, quietly: what are you?
**Campaign:** Ravenmoor  **Session:** session8  **Scene:** scene1  **File:** turn_008.md  **Time:** 2026-04-24 03:30:54 UTC

## 🔍 What Happened
Characters:
1. Sister Isolde Carrow - A fallen cleric who used to be a healer of St. Aldric's order but lost her faith after failing to save a dying child. She now carries a silver holy symbol she no longer believes in. Her divine magic still works, which terrifies her. She has a dry wit, is a compulsive caretaker, and is terrified of being responsible for another death. Relevant traits: Medicine +5, Religion +4, Insight +4. Advantage on saves vs. undead fear effects. Disadvantage on Wisdom saves when she witnesses suffering.
2. Dorian Ashgrove - A disgraced investigator who was dismissed for pursuing a case no one wanted solved (the Holloway disappearances, 1891). He carries a leather notebook with obsessive detail and drinks too much gin. He is brilliant, paranoid, occasionally right about things no one else notices. Relevant traits: Investigation +6, Perception +4, History +4. Has a network of informants (1d4 days to get a reply). Disadvantage on social checks when sober.
3. Emmett Grave - Calls himself an archaeologist and knows twelve ways to open a locked crypt and has used all of them. He is surprisingly knowledgeable about burial customs, ward-markings, and funerary rites. He has no moral qualms and is extremely cheerful about death. Relevant traits: Sleight of Hand +5, Thieves' Tools +5, Arcana +3, History +3. Can identify undead type on a DC 12 Arcana check. Immune to the Frightened condition (he's seen worse).
4. Vera Nighthollow - Lives on the edge of the law and the edge of the forest. She knows herbalism, folk magic, and things her grandmother told her never to repeat. She speaks to animals (they don't like what they tell her). Distrusted by respectable people but sought out when they are desperate. Relevant traits: Nature +5, Arcana +5, Animal Handling +4, Deception +4. Prepared: Detect Magic at will. Can brew potions (1 hour, herbalism kit, DC 12 Arcana). Disadvantage on checks in cities

## ⚖ Rules Assessor
ROLL|Sister Isolde Carrow|INSIGHT|1d20+4|22|what it determines

## 🎲 Dice
Sister Isolde Carrow INSIGHT: 1d20+4 → [4]+4 = **8** vs DC 22 → **FAILURE** (what it determines)

## ✍ DM Response
In the dim, flickering light of the chalk marks, Sister Isolde Carrow's silver holy symbol casts a faint, eerie glow upon the damp walls of the crypt. The air is heavy with the scent of moss and decay, a stark reminder of the countless souls entombed within these ancient stone structures.

As she raises her symbol towards the enigmatic pattern on the wall, a sudden chill sweeps through the chamber, extinguishing the feeble torchlight momentarily. In the darkness, Isolde can sense an unnatural stillness, as if all life within the crypt has paused in anticipation. A soft, almost imperceptible sound echoes off the stone walls, like the faraway tolling of a forgotten bell.

Gradually, the torchlight returns, and with it, the oppressive silence is broken by the sound of something scurrying across the floor. The source remains hidden in the shadows, but Isolde can feel its presence, cold and malevolent, creeping closer. Her heart races as her grip tightens on the holy symbol, a thin thread of hope clinging to her faltering faith.

The figure emerges from the darkness, tall and gaunt, with sunken eyes that glint menacingly in the torchlight. It moves with an unnatural grace, seeming to flow through the crypt like water rather than walk upon the stones. A low growl emanates from its desiccated lips, a sound that sends shivers down Isolde's spine.

"What are you?" she whispers, her voice trembling with fear and determination. The creature regards her for a moment, studying her with an intensity that borders on predatory. Then, with a sudden, violent snap, it vanishes into the shadows, leaving only the echo of its chilling laughter behind.

Isolde stands frozen in the darkness, her heart pounding in her chest. The crypt seems to close in around her, suffocating her with its cold embrace. She clings to her holy symbol, feeling its warmth seep into her trembling hands as a small beacon of hope amidst the gathering darkness.

In the distance, a faint, mournful cry echoes through the crypt, a haunting reminder of the countless souls entombed within these ancient walls. Isolde takes a deep breath, mustering every ounce of courage she can find. She turns and begins to walk back towards the entrance, the chalk marks on the wall guiding her through the labyrinthine corridors.

The crypt seems to stretch on forever, each twist and turn bringing new horrors into the light. But Isolde presses on, driven by an unyielding determination to uncover the truth behind these sinister occurrences. As she emerges from the crypt, she takes one last look back at the dark maw of the tomb, feeling a sense of trepidation and excitement all at once.

She knows that whatever awaits her outside will be far more dangerous than anything she has faced within the crypt's cold embrace. But she also knows that she cannot turn back now, that she must confront this darkness head-on if she is to save herself—and perhaps, in time, even regain her lost faith.

## 📋 Summary
Sister Isolde Carrow invoked her holy symbol, causing an eerie chill and stillness in the crypt, revealing a malevolent figure. After questioning its identity, it vanished, leaving behind only its chilling laughter. Isolde remained frozen in fear, seeking solace in her symbol's warmth as a mournful echo filled the crypt.
