# Player Turn: Sioned ferch Cai — I ignore the waiting figures entirely. The thing in the reeds is the door — I can feel it in the parchment. I turn and walk straight toward it, reading the two words aloud as I go.
**Campaign:** Avalon  **Session:** session3  **Scene:** scene3  **File:** turn_001.md  **Time:** 2026-04-21 22:41:10 UTC

## 🔍 What Happened
Characters:
1. Sioned ferch Cai - Currently, she is in Avalon with a glowing parchment containing two words. She is trying to find her way back before the sky lightens.

Recent Events:
- Sioned found Nimue at the edge of the standing pool behind the outer chapel and showed her the two words on the parchment. Nimue claimed that Sioned did not write them, but something wrote them through her. The door between the letters widened like a door, and Sioned stepped through.
- In Avalon, Sioned found herself on a grey shore with a coracle and three figures waiting at the water's edge. She also noticed something following her in the reeds.

Acting Character: Sioned ferch Cai
- Sioned is the daughter of Caius ap Llywarch, a descendant of Lancelot du Lac with a high Presence and Devotion to The Sword.
- Sioned has the parchment with the two glowing words, which she believes are somehow connected to her Devotion.
- She must decide whether to use the coracle and negotiate with the three figures waiting at the water's edge, try to find a second door, or ignore the coracle entirely. The thing in the reeds is getting closer.

## ⚖ Rules Assessor
ROLL|Sioned ferch Cai|PRESENCE|1d20+4|14|success determines whether she convinces the figures waiting at the water's edge to let her pass or negotiate with them.

## 🎲 Dice
Sioned ferch Cai PRESENCE: 1d20+4 → [4]+4 = **8** vs DC 14 → **FAILURE** (success determines whether she convinces the figures waiting at the water's edge to let her pass or negotiate with them.)

## ✍ DM Response
In the haunting half-light of twilight, Sioned finds herself treading a treacherous path through the reeds that tremble with each cautious step she takes. The words on her parchment pulse in time with her heartbeat, the two glowing letters seemingly beckoning her forward.

As she nears the source of the eerie movement, the reeds part to reveal a door - or rather, an archway that does not quite fit within the natural landscape. Its stones are veined with silver and woven with intricate knotwork, shimmering like moonlight on water. The air around it crackles with magic as if waiting for Sioned's touch.

The moment she places her hand upon the cold stone, the archway swings open, revealing a coracle - a small, rounded boat of woven reeds and hide - bobbing gently in the darkness. Three figures stand at its edge, their faces obscured by hooded cloaks, eyes gleaming like stars caught in mist.

Sioned's heart races as she steps forward, reciting the words on her parchment with a newfound sense of urgency. The coracle moves toward her, drawn by an unseen force. As it reaches out to touch her, Sioned hesitates - unsure whether to climb aboard or search for another way.

Suddenly, she feels a cold presence at her back, the thing in the reeds now upon her. Its breath ghosts over her neck, whispering warnings of danger and doom. Sioned's resolve hardens, and she makes her choice. With one swift motion, she leaps into the coracle and pushes off from the shore.

The boat glides smoothly through the water, guided by an otherworldly force that seems to know exactly where it is going. As they travel deeper into Avalon's heart, the reeds give way to a dense forest of twisted trees with leaves like silvered metal and bark as dark as midnight. The sky above is filled with stars so bright they seem almost within reach.

The coracle comes to rest on an island surrounded by shimmering waters. Sioned steps out onto soft, moss-covered ground and looks around, taking in the strange beauty of this mystical land. But she knows that her journey has only just begun, and that the true test lies ahead - a confrontation with forces beyond her comprehension.

## 📋 Summary
In the twilight, Sioned approaches an otherworldly archway that swings open upon her touch, revealing a coracle guided by magic into Avalon's heart. After encountering a chilling presence in the reeds, she leaps aboard and finds herself on an island surrounded by shimmering waters, awestruck by the strange beauty of the enchanted land.
