# Player Turn: Sioned ferch Cai — I ignore the waiting figures entirely. The thing in the reeds is the door — I can feel it in the parchment. I turn and walk straight toward it, reading the two words aloud as I go.
**Campaign:** Avalon  **Session:** session3  **Scene:** scene3  **File:** turn_001.md  **Time:** 2026-04-21 22:43:17 UTC

## 🔍 What Happened
**Characters:**
1. Sioned ferch Cai - She is a character in the story, currently standing at the shoreline of Avalon with a glowing parchment containing two words. She has the Devotion of the Table (not explicitly mentioned but can be inferred from her actions).
2. Nimue - A character who was found by Sioned near the standing pool behind the outer chapel. She is wise and appears to have some connection with the mysterious parchment.
3. Three figures at the water's edge - They are waiting for Sioned at the water's edge, watching her without threatening or welcoming her. Their intentions are unknown.
4. Something in the reeds - This entity is following Sioned and appears to be connected to the events unfolding in Avalon.
5. Caius ap Llywarch - He is a descendant of Lancelot du Lac with the Devotion of The Sword. He is frustrated about his fighting abilities and desires to be good at something other than killing.
6. Elen ferch Maelog - She is a descendant of Morgana le Fay with the Devotion of The Veil. She has unique perceptions and is trying to understand the mysterious occurrences in her life.
7. Peredur map Gwrtheyrn - He is a descendant of Percival with the Devotion of The Grail. He asks questions that make people uncomfortable, similar to his ancestor.

**Recent Events:**
Sioned discovered Nimue near the standing pool and showed her the mysterious parchment containing two words. Nimue claimed that Sioned did not write them and that something wrote them through her. The parchment caused a door to appear, which Sioned stepped through into Avalon. She found herself in a different Avalon than described in songs, with a grey shore, unfamiliar sky, and a coracle waiting for her at the water's edge.

**Acting Character:** Sioned ferch Cai - Sioned is a character who has the parchment containing the two mysterious words that led her to Avalon. She must now decide how to proceed with the three figures waiting for her and the entity following her in the reeds. She has until the sky lightens to find her way back, but the coracle is the only way across and may have

## ⚖ Rules Assessor
ROLL|Sioned ferch Cai|VEIL|1d20+3|14|what success/failure determines her understanding of the entity in the reeds and its intentions

## 🎲 Dice
Sioned ferch Cai VEIL: 1d20+3 → [16]+3 = **19** vs DC 14 → **SUCCESS** (what success/failure determines her understanding of the entity in the reeds and its intentions)

## ✍ DM Response
Sioned's heart beats a steady rhythm, echoing the rhythm of her footsteps as she treads towards the reeds. The air is thick with an otherworldly chill, and the whispering grasses hiss like serpents beneath her feet. The entity within them reacts to her approach, its presence becoming more pronounced, more palpable.

As you recite the words from the glowing parchment, a shimmering ripple races through the reeds, and the entity vanishes with a soft exhalation. In its wake, a figure materializes—a woman cloaked in shadows, her eyes luminous pools of silver.

Nimue steps forth, her gaze following Sioned's every movement. "You have done well," she murmurs, her voice barely audible above the wind. "The veil between our worlds grows thin, and you have helped to bridge it."

Suddenly, the coracle at the water's edge begins to rock gently, as if in response to some unseen current. The three figures standing nearby remain watchful but still, their intentions shrouded in mystery. Sioned can sense a tension between them and Nimue, a simmering enmity that threatens to boil over at any moment.

The sky above darkens further, the stars twinkling like the eyes of ancient spirits watching from afar. As the minutes pass, Sioned feels a growing unease gnawing at her insides—a sense of impending doom that weighs heavy on her shoulders.

She turns to Nimue, the words of the parchment still fresh in her mind. "What does this mean?" she asks, her voice barely above a whisper.

Nimue's eyes glint with a strange light as she replies, "It means that you have opened a door—a door to Avalon and to the power that lies within it. But beware, Sioned ferch Cai: once this door is opened, there is no going back."

As the first hints of dawn begin to creep over the horizon, Sioned feels a sudden urgency to make her choice. To stay in Avalon and embrace the power that awaits her, or to return to her world and face an uncertain future. The decision rests with her—and time is running out.

## 📋 Summary
Sioned, guided by Nimue's directions, triggered a magical event that summoned Nimue from the Otherworld. The vanishing entity was replaced by Nimue, who commended Sioned for her actions. As the coracle rocked gently and tension brewed among the figures present, Sioned asked about the ominous implications of her actions. Nimue warned Sionen that opening a door to Avalon would grant access to its power but would make it impossible to return to her world, as dawn approached, leaving Sieden with a critical decision to make.
